Product: MDK-ARM Professional 5.10
Component: ARM Compiler 5.04 update 1 (build 49)
Tool: armlink [5040049]

==============================================================================

Section Cross References

    configuration.o(i.InitDevice) refers to system_stm32f10x.o(i.SystemInit) for SystemInit
    configuration.o(i.InitDevice) refers to rcc_configuration.o(i.RCC_Configuration) for RCC_Configuration
    configuration.o(i.InitDevice) refers to usart_configuration.o(i.USART2_Configuration) for USART2_Configuration
    configuration.o(i.InitDevice) refers to parameter.o(i.paramsInit) for paramsInit
    configuration.o(i.InitDevice) refers to usart_configuration.o(i.USART1_Configuration) for USART1_Configuration
    configuration.o(i.InitDevice) refers to gpio_configuration.o(i.GPIO_Configuration) for GPIO_Configuration
    configuration.o(i.InitDevice) refers to dma_configuration.o(i.DMA_Configuration) for DMA_Configuration
    configuration.o(i.InitDevice) refers to exti_configuration.o(i.EXTI_Configuration) for EXTI_Configuration
    configuration.o(i.InitDevice) refers to adc_configuration.o(i.ADC_Configuration) for ADC_Configuration
    configuration.o(i.InitDevice) refers to tim_configuration.o(i.TIM1_Configuration) for TIM1_Configuration
    configuration.o(i.InitDevice) refers to tim_configuration.o(i.TIM2_Configuration) for TIM2_Configuration
    configuration.o(i.InitDevice) refers to tim_configuration.o(i.TIM4_Configuration) for TIM4_Configuration
    configuration.o(i.InitDevice) refers to tim_configuration.o(i.TIM3_Configuration) for TIM3_Configuration
    configuration.o(i.InitDevice) refers to i2c_configuration.o(i.I2C2_Init) for I2C2_Init
    configuration.o(i.InitDevice) refers to i2c1_imu.o(i.Init_ITG3205) for Init_ITG3205
    configuration.o(i.InitDevice) refers to motor.o(i.Motor_Init) for Motor_Init
    configuration.o(i.InitDevice) refers to systick_configuration.o(i.SysTick_Configuration) for SysTick_Configuration
    configuration.o(i.InitDevice) refers to nvic_configuration.o(i.NVIC_Configuration) for NVIC_Configuration
    main.o(i.main) refers to configuration.o(i.InitDevice) for InitDevice
    main.o(i.main) refers to printfa.o(i.__0printf) for __2printf
    main.o(i.main) refers to usart2_irqhandler.o(i.U2Printf) for U2Printf
    main.o(i.main) refers to motor.o(i.Motor_Control) for Motor_Control
    main.o(i.main) refers to function.o(i.GetTemp) for GetTemp
    main.o(i.main) refers to function.o(i.GetPower) for GetPower
    main.o(i.main) refers to usart1_irqhandler.o(i.SendBatteryState) for SendBatteryState
    main.o(i.main) refers to usart1_irqhandler.o(i.SendBreakerStatus) for SendBreakerStatus
    main.o(i.main) refers to usart1_irqhandler.o(i.outBaseBuf) for outBaseBuf
    main.o(i.main) refers to usart1_irqhandler.o(i.ReceiveBaseCommand) for ReceiveBaseCommand
    main.o(i.main) refers to usart2_irqhandler.o(i.UART2_CAL) for UART2_CAL
    main.o(i.main) refers to usart2_irqhandler.o(i.OutU2FrameBuf) for OutU2FrameBuf
    main.o(i.main) refers to motor.o(.data) for is_control_motor
    main.o(i.main) refers to var.o(.data) for ADC1_2_OK
    main.o(i.main) refers to var.o(.bss) for ADC_ConvertedValue
    function.o(i.delayms2) refers to var.o(.data) for TimingDelay
    function.o(i.fputc) refers to var.o(.data) for PrintfCn
    function.o(i.fputc) refers to var.o(.bss) for PrintfBuf
    function.o(i.getTimeStamp) refers to dfltui.o(.text) for __aeabi_ui2d
    function.o(i.getTimeStamp) refers to ddiv.o(.text) for __aeabi_ddiv
    function.o(i.getTimeStamp) refers to dadd.o(.text) for __aeabi_dadd
    function.o(i.getTimeStamp) refers to var.o(.data) for Time
    function.o(i.s16s8toFloat) refers to fflti.o(.text) for __aeabi_i2f
    function.o(i.s16s8toFloat) refers to f2d.o(.text) for __aeabi_f2d
    function.o(i.s16s8toFloat) refers to ddiv.o(.text) for __aeabi_ddiv
    function.o(i.s16s8toFloat) refers to d2f.o(.text) for __aeabi_d2f
    motor.o(i.MotorData_Init) refers to pid.o(i.initPid) for initPid
    motor.o(i.MotorData_Init) refers to motor.o(.bss) for VelocityBuff
    motor.o(i.Motor_Control) refers to function.o(i.getTimeStamp) for getTimeStamp
    motor.o(i.Motor_Control) refers to i2c1_imu.o(i.Read_ITG3205_Z) for Read_ITG3205_Z
    motor.o(i.Motor_Control) refers to usart1_irqhandler.o(i.SendEncodersAndGyro) for SendEncodersAndGyro
    motor.o(i.Motor_Control) refers to dadd.o(.text) for __aeabi_dsub
    motor.o(i.Motor_Control) refers to d2f.o(.text) for __aeabi_d2f
    motor.o(i.Motor_Control) refers to cdrcmple.o(.text) for __aeabi_cdrcmple
    motor.o(i.Motor_Control) refers to f2d.o(.text) for __aeabi_f2d
    motor.o(i.Motor_Control) refers to motor.o(i.computeVelocityPidOutput) for computeVelocityPidOutput
    motor.o(i.Motor_Control) refers to motor.o(i.setSpeed) for setSpeed
    motor.o(i.Motor_Control) refers to motor.o(i.calSpeed) for calSpeed
[...]
    i.RCC_PCLK1Config                        0x08002ab8   Section        0  stm32f10x_rcc.o(i.RCC_PCLK1Config)
    i.RCC_PCLK2Config                        0x08002ad0   Section        0  stm32f10x_rcc.o(i.RCC_PCLK2Config)
    i.RCC_PLLCmd                             0x08002ae8   Section        0  stm32f10x_rcc.o(i.RCC_PLLCmd)
    i.RCC_PLLConfig                          0x08002af4   Section        0  stm32f10x_rcc.o(i.RCC_PLLConfig)
    i.RCC_SYSCLKConfig                       0x08002b10   Section        0  stm32f10x_rcc.o(i.RCC_SYSCLKConfig)
    i.RCC_WaitForHSEStartUp                  0x08002b28   Section        0  stm32f10x_rcc.o(i.RCC_WaitForHSEStartUp)
    i.Read_ITG3205_Z                         0x08002b60   Section        0  i2c1_imu.o(i.Read_ITG3205_Z)
    i.ReceiveBaseCommand                     0x08002bc0   Section        0  usart1_irqhandler.o(i.ReceiveBaseCommand)
    i.SendBatteryState                       0x08002c6c   Section        0  usart1_irqhandler.o(i.SendBatteryState)
    i.SendBreakerStatus                      0x08002cf8   Section        0  usart1_irqhandler.o(i.SendBreakerStatus)
    i.SendEncodersAndGyro                    0x08002d84   Section        0  usart1_irqhandler.o(i.SendEncodersAndGyro)
    i.SendParam                              0x08002e24   Section        0  usart1_irqhandler.o(i.SendParam)
    i.SetSysClock                            0x08002ec0   Section        0  system_stm32f10x.o(i.SetSysClock)
    SetSysClock                              0x08002ec1   Thumb Code     8  system_stm32f10x.o(i.SetSysClock)
    i.SetSysClockTo72                        0x08002ec8   Section        0  system_stm32f10x.o(i.SetSysClockTo72)
    SetSysClockTo72                          0x08002ec9   Thumb Code   220  system_stm32f10x.o(i.SetSysClockTo72)
    i.SysTick_CLKSourceConfig                0x08002fac   Section        0  misc.o(i.SysTick_CLKSourceConfig)
    i.SysTick_Configuration                  0x08002fd4   Section        0  systick_configuration.o(i.SysTick_Configuration)
    i.SysTick_Handler                        0x08003070   Section        0  systick_handler.o(i.SysTick_Handler)
    i.SystemInit                             0x0800313c   Section        0  system_stm32f10x.o(i.SystemInit)
    i.TI1_Config                             0x08003190   Section        0  stm32f10x_tim.o(i.TI1_Config)
    TI1_Config                               0x08003191   Thumb Code    56  stm32f10x_tim.o(i.TI1_Config)
    i.TI2_Config                             0x080031c8   Section        0  stm32f10x_tim.o(i.TI2_Config)
    TI2_Config                               0x080031c9   Thumb Code    80  stm32f10x_tim.o(i.TI2_Config)
    i.TI3_Config                             0x08003218   Section        0  stm32f10x_tim.o(i.TI3_Config)
    TI3_Config                               0x08003219   Thumb Code    72  stm32f10x_tim.o(i.TI3_Config)
    i.TI4_Config                             0x08003260   Section        0  stm32f10x_tim.o(i.TI4_Config)
    TI4_Config                               0x08003261   Thumb Code    80  stm32f10x_tim.o(i.TI4_Config)
    i.TIM1_Configuration                     0x080032b0   Section        0  tim_configuration.o(i.TIM1_Configuration)
    i.TIM2_Configuration                     0x08003360   Section        0  tim_configuration.o(i.TIM2_Configuration)
    i.TIM3_Configuration                     0x08003474   Section        0  tim_configuration.o(i.TIM3_Configuration)
    i.TIM4_Configuration                     0x08003550   Section        0  tim_configuration.o(i.TIM4_Configuration)
    i.TIM8_CC_IRQHandler                     0x08003638   Section        0  tim8_irqhandler.o(i.TIM8_CC_IRQHandler)
    i.TIM_ClearFlag                          0x080038dc   Section        0  stm32f10x_tim.o(i.TIM_ClearFlag)
    i.TIM_ClearITPendingBit                  0x080038e2   Section        0  stm32f10x_tim.o(i.TIM_ClearITPendingBit)
    i.TIM_Cmd                                0x080038e8   Section        0  stm32f10x_tim.o(i.TIM_Cmd)
    i.TIM_CtrlPWMOutputs                     0x08003900   Section        0  stm32f10x_tim.o(i.TIM_CtrlPWMOutputs)
    i.TIM_DeInit                             0x08003920   Section        0  stm32f10x_tim.o(i.TIM_DeInit)
    i.TIM_EncoderInterfaceConfig             0x08003a00   Section        0  stm32f10x_tim.o(i.TIM_EncoderInterfaceConfig)
    i.TIM_GetCapture1                        0x08003a42   Section        0  stm32f10x_tim.o(i.TIM_GetCapture1)
    i.TIM_GetCapture2                        0x08003a48   Section        0  stm32f10x_tim.o(i.TIM_GetCapture2)
    i.TIM_GetCapture3                        0x08003a4e   Section        0  stm32f10x_tim.o(i.TIM_GetCapture3)
    i.TIM_GetCapture4                        0x08003a54   Section        0  stm32f10x_tim.o(i.TIM_GetCapture4)
    i.TIM_GetITStatus                        0x08003a5c   Section        0  stm32f10x_tim.o(i.TIM_GetITStatus)
    i.TIM_ICInit                             0x08003a7e   Section        0  stm32f10x_tim.o(i.TIM_ICInit)
    i.TIM_ICStructInit                       0x08003aec   Section        0  stm32f10x_tim.o(i.TIM_ICStructInit)
    i.TIM_ITConfig                           0x08003afe   Section        0  stm32f10x_tim.o(i.TIM_ITConfig)
    i.TIM_OC3Init                            0x08003b10   Section        0  stm32f10x_tim.o(i.TIM_OC3Init)
    i.TIM_OC4Init                            0x08003ba8   Section        0  stm32f10x_tim.o(i.TIM_OC4Init)
    i.TIM_SelectOutputTrigger                0x08003c1c   Section        0  stm32f10x_tim.o(i.TIM_SelectOutputTrigger)
    i.TIM_SetCounter                         0x08003c2e   Section        0  stm32f10x_tim.o(i.TIM_SetCounter)
    i.TIM_SetIC1Prescaler                    0x08003c32   Section        0  stm32f10x_tim.o(i.TIM_SetIC1Prescaler)
    i.TIM_SetIC2Prescaler                    0x08003c44   Section        0  stm32f10x_tim.o(i.TIM_SetIC2Prescaler)
    i.TIM_SetIC3Prescaler                    0x08003c5e   Section        0  stm32f10x_tim.o(i.TIM_SetIC3Prescaler)
    i.TIM_SetIC4Prescaler                    0x08003c70   Section        0  stm32f10x_tim.o(i.TIM_SetIC4Prescaler)
    i.TIM_TimeBaseInit                       0x08003c8c   Section        0  stm32f10x_tim.o(i.TIM_TimeBaseInit)
    i.TIM_TimeBaseStructInit                 0x08003cc8   Section        0  stm32f10x_tim.o(i.TIM_TimeBaseStructInit)
    i.U2Printf                               0x08003cdc   Section        0  usart2_irqhandler.o(i.U2Printf)
    i.U2PrintfDMA                            0x08003d08   Section        0  usart2_irqhandler.o(i.U2PrintfDMA)
    i.UART2_CAL                              0x08003d68   Section        0  usart2_irqhandler.o(i.UART2_CAL)
    i.USART1_Configuration                   0x080040a0   Section        0  usart_configuration.o(i.USART1_Configuration)
    i.USART1_IRQHandler                      0x08004180   Section        0  usart1_irqhandler.o(i.USART1_IRQHandler)
    i.USART2_Configuration                   0x080041b0   Section        0  usart_configuration.o(i.USART2_Configuration)
    i.USART2_IRQHandler                      0x0800428c   Section        0  usart2_irqhandler.o(i.USART2_IRQHandler)
    i.USART2_SendData                        0x080043c4   Section        0  usart_configuration.o(i.USART2_SendData)
    i.USART_ClearITPendingBit                0x080043e8   Section        0  stm32f10x_usart.o(i.USART_ClearITPendingBit)
    i.USART_ClockInit                        0x08004406   Section        0  stm32f10x_usart.o(i.USART_ClockInit)
    i.USART_Cmd                              0x08004428   Section        0  stm32f10x_usart.o(i.USART_Cmd)
    i.USART_DMACmd                           0x08004440   Section        0  stm32f10x_usart.o(i.USART_DMACmd)
    i.USART_GetFlagStatus                    0x08004452   Section        0  stm32f10x_usart.o(i.USART_GetFlagStatus)
    i.USART_GetITStatus                      0x0800446c   Section        0  stm32f10x_usart.o(i.USART_GetITStatus)
    i.USART_ITConfig                         0x080044c0   Section        0  stm32f10x_usart.o(i.USART_ITConfig)
    i.USART_Init                             0x0800450c   Section        0  stm32f10x_usart.o(i.USART_Init)
    i.USART_ReceiveData                      0x080045ac   Section        0  stm32f10x_usart.o(i.USART_ReceiveData)
    i.__0printf                              0x080045b8   Section        0  printfa.o(i.__0printf)
    i.__scatterload_copy                     0x080045d8   Section       14  handlers.o(i.__scatterload_copy)
    i.__scatterload_null                     0x080045e6   Section        2  handlers.o(i.__scatterload_null)
    i.__scatterload_zeroinit                 0x080045e8   Section       14  handlers.o(i.__scatterload_zeroinit)
    i._fp_digits                             0x080045f8   Section        0  printfa.o(i._fp_digits)
    _fp_digits                               0x080045f9   Thumb Code   334  printfa.o(i._fp_digits)
    i._printf_core                           0x0800475c   Section        0  printfa.o(i._printf_core)
    _printf_core                             0x0800475d   Thumb Code  1744  printfa.o(i._printf_core)
    i._printf_post_padding                   0x08004e38   Section        0  printfa.o(i._printf_post_padding)
    _printf_post_padding                     0x08004e39   Thumb Code    36  printfa.o(i._printf_post_padding)
    i._printf_pre_padding                    0x08004e5c   Section        0  printfa.o(i._printf_pre_padding)
    _printf_pre_padding                      0x08004e5d   Thumb Code    46  printfa.o(i._printf_pre_padding)
    i.bytes4ToFloat                          0x08004e8a   Section        0  function.o(i.bytes4ToFloat)
    i.calBaseCmd                             0x08004ea4   Section        0  usart1_irqhandler.o(i.calBaseCmd)
    i.calSpeed                               0x08005298   Section        0  motor.o(i.calSpeed)
    i.computeCommand                         0x08005348   Section        0  pid.o(i.computeCommand)
    i.computeEncoderDelta                    0x0800542c   Section        0  motor.o(i.computeEncoderDelta)
    i.computeVelocityPidOutput               0x0800544c   Section        0  motor.o(i.computeVelocityPidOutput)
    i.delay                                  0x080054d0   Section        0  stm32f10x_flash.o(i.delay)
    delay                                    0x080054d1   Thumb Code    26  stm32f10x_flash.o(i.delay)
    i.fputc                                  0x080054ec   Section        0  function.o(i.fputc)
    i.getTimeStamp                           0x08005514   Section        0  function.o(i.getTimeStamp)
    i.inBaseBuf                              0x08005588   Section        0  usart1_irqhandler.o(i.inBaseBuf)
    i.initPid                                0x080055b0   Section        0  pid.o(i.initPid)
    i.main                                   0x080055d0   Section        0  main.o(i.main)
    i.outBaseBuf                             0x08005704   Section        0  usart1_irqhandler.o(i.outBaseBuf)
    i.outputSpeed                            0x08005748   Section        0  motor.o(i.outputSpeed)
    i.paramFind                              0x08005838   Section        0  parameter.o(i.paramFind)
    i.paramGetBytes4                         0x08005860   Section        0  parameter.o(i.paramGetBytes4)
    i.paramReadFloatWithDefault              0x0800589c   Section        0  parameter.o(i.paramReadFloatWithDefault)
    i.paramSetBytes4                         0x080058c0   Section        0  parameter.o(i.paramSetBytes4)
    i.paramValidIndex                        0x080058fc   Section        0  parameter.o(i.paramValidIndex)
    i.paramWriteFloat                        0x0800590c   Section        0  parameter.o(i.paramWriteFloat)
    i.paramsInfoPrint                        0x08005934   Section        0  parameter.o(i.paramsInfoPrint)
    i.paramsInit                             0x080059a8   Section        0  parameter.o(i.paramsInit)
    i.paramsLoad                             0x08005a38   Section        0  parameter.o(i.paramsLoad)
    i.paramsReset                            0x08005a80   Section        0  parameter.o(i.paramsReset)
    i.paramsSave                             0x08005ad8   Section        0  parameter.o(i.paramsSave)
    i.s16s8toFloat                           0x08005b40   Section        0  function.o(i.s16s8toFloat)
    i.setBreakerStatus                       0x08005b8c   Section        0  gpio_configuration.o(i.setBreakerStatus)
    i.setSpeed                               0x08005bc8   Section        0  motor.o(i.setSpeed)
    .constdata                               0x08005be8   Section       56  parameter.o(.constdata)
    .constdata                               0x08005c20   Section       20  system_stm32f10x.o(.constdata)
    .conststring                             0x08005c34   Section      223  parameter.o(.conststring)
    .data                                    0x20000000   Section      105  var.o(.data)
    .data                                    0x20000070   Section       20  motor.o(.data)
    stamp_last                               0x20000078   Data           8  motor.o(.data)
    pwm_left                                 0x20000080   Data           2  motor.o(.data)
    pwm_right                                0x20000082   Data           2  motor.o(.data)
    .data                                    0x20000084   Section       56  parameter.o(.data)
    .data                                    0x200000bc   Section        1  usart2_irqhandler.o(.data)
    FLen                                     0x200000bc   Data           1  usart2_irqhandler.o(.data)
    .data                                    0x200000bd   Section       21  i2c1_imu.o(.data)
    .data                                    0x200000d2   Section       20  stm32f10x_rcc.o(.data)
    APBAHBPrescTable                         0x200000d2   Data          16  stm32f10x_rcc.o(.data)
    ADCPrescTable                            0x200000e2   Data           4  stm32f10x_rcc.o(.data)
    .data                                    0x200000e8   Section        4  stdout.o(.data)
    .bss                                     0x200000ec   Section     4444  var.o(.bss)
    .bss                                     0x20001248   Section      220  motor.o(.bss)
    .bss                                     0x20001324   Section     2160  parameter.o(.bss)
    .bss                                     0x20001b94   Section       48  dma_irqhandler.o(.bss)
    ADC1_2_ConvertedResultTemp               0x20001b94   Data          48  dma_irqhandler.o(.bss)
    .bss                                     0x20001bc8   Section       96  i2c1_imu.o(.bss)
    STACK                                    0x20001c28   Section     1024  startup_stm32f10x_hd.o(STACK)

    Global Symbols

    Symbol Name                              Value     Ov Type        Size  Object(Section)

    BuildAttributes$$THM_ISAv4$P$D$K$B$S$PE$A:L22UL41UL21$X:L11$S22US41US21$IEEE1$IW$USESV6$~STKCKD$USESV7$~SHL$OTIME$ROPI$IEEEX$EBA8$MICROLIB$REQ8$PRES8$EABIv2 0x00000000   Number         0  anon$$obj.o ABSOLUTE
    __ARM_use_no_argv                        0x00000000   Number         0  main.o ABSOLUTE
    _printf_a                                0x00000000   Number         0  stubs.o ABSOLUTE
    _printf_c                                0x00000000   Number         0  stubs.o ABSOLUTE
    _printf_charcount                        0x00000000   Number         0  stubs.o ABSOLUTE
    _printf_d                                0x00000000   Number         0  stubs.o ABSOLUTE
    _printf_e                                0x00000000   Number         0  stubs.o ABSOLUTE
    _printf_f                                0x00000000   Number         0  stubs.o ABSOLUTE
    _printf_flags                            0x00000000   Number         0  stubs.o ABSOLUTE
    _printf_fp_dec                           0x00000000   Number         0  stubs.o ABSOLUTE
    _printf_fp_hex                           0x00000000   Number         0  stubs.o ABSOLUTE
    _printf_g                                0x00000000   Number         0  stubs.o ABSOLUTE
    _printf_i                                0x00000000   Number         0  stubs.o ABSOLUTE
    _printf_int_dec                          0x00000000   Number         0  stubs.o ABSOLUTE
    _printf_l                                0x00000000   Number         0  stubs.o ABSOLUTE
    _printf_lc                               0x00000000   Number         0  stubs.o ABSOLUTE
    _printf_ll                               0x00000000   Number         0  stubs.o ABSOLUTE
    _printf_lld                              0x00000000   Number         0  stubs.o ABSOLUTE
    _printf_lli                              0x00000000   Number         0  stubs.o ABSOLUTE
    _printf_llo                              0x00000000   Number         0  stubs.o ABSOLUTE
    _printf_llu                              0x00000000   Number         0  stubs.o ABSOLUTE
    _printf_llx                              0x00000000   Number         0  stubs.o ABSOLUTE
    _printf_longlong_dec                     0x00000000   Number         0  stubs.o ABSOLUTE
    _printf_longlong_hex                     0x00000000   Number         0  stubs.o ABSOLUTE
    _printf_longlong_oct                     0x00000000   Number         0  stubs.o ABSOLUTE
    _printf_ls                               0x00000000   Number         0  stubs.o ABSOLUTE
    _printf_mbtowc                           0x00000000   Number         0  stubs.o ABSOLUTE
    _printf_n                                0x00000000   Number         0  stubs.o ABSOLUTE
    _printf_o                                0x00000000   Number         0  stubs.o ABSOLUTE
    _printf_p                                0x00000000   Number         0  stubs.o ABSOLUTE
    _printf_percent                          0x00000000   Number         0  stubs.o ABSOLUTE
    _printf_pre_padding                      0x00000000   Number         0  stubs.o ABSOLUTE
    _printf_return_value                     0x00000000   Number         0  stubs.o ABSOLUTE
    _printf_s                                0x00000000   Number         0  stubs.o ABSOLUTE
    _printf_sizespec                         0x00000000   Number         0  stubs.o ABSOLUTE
    _printf_str                              0x00000000   Number         0  stubs.o ABSOLUTE
    _printf_truncate_signed                  0x00000000   Number         0  stubs.o ABSOLUTE
    _printf_truncate_unsigned                0x00000000   Number         0  stubs.o ABSOLUTE
    _printf_u                                0x00000000   Number         0  stubs.o ABSOLUTE
    _printf_wc                               0x00000000   Number         0  stubs.o ABSOLUTE
    _printf_wctomb                           0x00000000   Number         0  stubs.o ABSOLUTE
    _printf_widthprec                        0x00000000   Number         0  stubs.o ABSOLUTE
    _printf_x                                0x00000000   Number         0  stubs.o ABSOLUTE
    __cpp_initialize__aeabi_                  - Undefined Weak Reference
    __cxa_finalize                            - Undefined Weak Reference
    __decompress                              - Undefined Weak Reference
    _clock_init                               - Undefined Weak Reference
    _microlib_exit                            - Undefined Weak Reference
    __Vectors_Size                           0x00000130   Number         0  startup_stm32f10x_hd.o ABSOLUTE
    __Vectors                                0x08000000   Data           4  startup_stm32f10x_hd.o(RESET)
    __Vectors_End                            0x08000130   Data           0  startup_stm32f10x_hd.o(RESET)
    __main                                   0x08000131   Thumb Code     0  entry.o(.ARM.Collect$$$$00000000)
    _main_stk                                0x08000131   Thumb Code     0  entry2.o(.ARM.Collect$$$$00000001)
    _main_scatterload                        0x08000135   Thumb Code     0  entry5.o(.ARM.Collect$$$$00000004)
    __main_after_scatterload                 0x08000139   Thumb Code     0  entry5.o(.ARM.Collect$$$$00000004)
    _main_clock                              0x08000139   Thumb Code     0  entry7b.o(.ARM.Collect$$$$00000008)
    _main_cpp_init                           0x08000139   Thumb Code     0  entry8b.o(.ARM.Collect$$$$0000000A)
    _main_init                               0x08000139   Thumb Code     0  entry9a.o(.ARM.Collect$$$$0000000B)
    __rt_final_cpp                           0x08000141   Thumb Code     0  entry10a.o(.ARM.Collect$$$$0000000D)
    __rt_final_exit                          0x08000141   Thumb Code     0  entry11a.o(.ARM.Collect$$$$0000000F)
    SystemInit_ExtMemCtl                     0x08000145   Thumb Code     2  startup_stm32f10x_hd.o(.text)
    Reset_Handler                            0x08000147   Thumb Code    14  startup_stm32f10x_hd.o(.text)
    NMI_Handler                              0x08000155   Thumb Code     2  startup_stm32f10x_hd.o(.text)
    HardFault_Handler                        0x08000157   Thumb Code     2  startup_stm32f10x_hd.o(.text)
    MemManage_Handler                        0x08000159   Thumb Code     2  startup_stm32f10x_hd.o(.text)
    BusFault_Handler                         0x0800015b   Thumb Code     2  startup_stm32f10x_hd.o(.text)
    UsageFault_Handler                       0x0800015d   Thumb Code     2  startup_stm32f10x_hd.o(.text)
    SVC_Handler                              0x0800015f   Thumb Code     2  startup_stm32f10x_hd.o(.text)
    DebugMon_Handler                         0x08000161   Thumb Code     2  startup_stm32f10x_hd.o(.text)
    PendSV_Handler                           0x08000163   Thumb Code     2  startup_stm32f10x_hd.o(.text)
    ADC1_2_IRQHandler                        0x08000167   Thumb Code     0  startup_stm32f10x_hd.o(.text)
    ADC3_IRQHandler                          0x08000167   Thumb Code     0  startup_stm32f10x_hd.o(.text)
    CAN1_RX1_IRQHandler                      0x08000167   Thumb Code     0  startup_stm32f10x_hd.o(.text)
    CAN1_SCE_IRQHandler                      0x08000167   Thumb Code     0  startup_stm32f10x_hd.o(.text)
    DMA1_Channel3_IRQHandler                 0x08000167   Thumb Code     0  startup_stm32f10x_hd.o(.text)
    DMA1_Channel5_IRQHandler                 0x08000167   Thumb Code     0  startup_stm32f10x_hd.o(.text)
    DMA1_Channel6_IRQHandler                 0x08000167   Thumb Code     0  startup_stm32f10x_hd.o(.text)
    DMA2_Channel1_IRQHandler                 0x08000167   Thumb Code     0  startup_stm32f10x_hd.o(.text)
    DMA2_Channel2_IRQHandler                 0x08000167   Thumb Code     0  startup_stm32f10x_hd.o(.text)
    DMA2_Channel3_IRQHandler                 0x08000167   Thumb Code     0  startup_stm32f10x_hd.o(.text)
    DMA2_Channel4_5_IRQHandler               0x08000167   Thumb Code     0  startup_stm32f10x_hd.o(.text)
    FLASH_IRQHandler                         0x08000167   Thumb Code     0  startup_stm32f10x_hd.o(.text)
    FSMC_IRQHandler                          0x08000167   Thumb Code     0  startup_stm32f10x_hd.o(.text)
    I2C1_ER_IRQHandler                       0x08000167   Thumb Code     0  startup_stm32f10x_hd.o(.text)
    I2C1_EV_IRQHandler                       0x08000167   Thumb Code     0  startup_stm32f10x_hd.o(.text)
    I2C2_ER_IRQHandler                       0x08000167   Thumb Code     0  startup_stm32f10x_hd.o(.text)
    I2C2_EV_IRQHandler                       0x08000167   Thumb Code     0  startup_stm32f10x_hd.o(.text)
    PVD_IRQHandler                           0x08000167   Thumb Code     0  startup_stm32f10x_hd.o(.text)
    RCC_IRQHandler                           0x08000167   Thumb Code     0  startup_stm32f10x_hd.o(.text)
    RTCAlarm_IRQHandler                      0x08000167   Thumb Code     0  startup_stm32f10x_hd.o(.text)
    RTC_IRQHandler                           0x08000167   Thumb Code     0  startup_stm32f10x_hd.o(.text)
    SDIO_IRQHandler                          0x08000167   Thumb Code     0  startup_stm32f10x_hd.o(.text)
    SPI1_IRQHandler                          0x08000167   Thumb Code     0  startup_stm32f10x_hd.o(.text)
    SPI2_IRQHandler                          0x08000167   Thumb Code     0  startup_stm32f10x_hd.o(.text)
    SPI3_IRQHandler                          0x08000167   Thumb Code     0  startup_stm32f10x_hd.o(.text)
    TAMPER_IRQHandler                        0x08000167   Thumb Code     0  startup_stm32f10x_hd.o(.text)
    TIM1_BRK_IRQHandler                      0x08000167   Thumb Code     0  startup_stm32f10x_hd.o(.text)
    TIM1_CC_IRQHandler                       0x08000167   Thumb Code     0  startup_stm32f10x_hd.o(.text)
    TIM1_TRG_COM_IRQHandler                  0x08000167   Thumb Code     0  startup_stm32f10x_hd.o(.text)
    TIM1_UP_IRQHandler                       0x08000167   Thumb Code     0  startup_stm32f10x_hd.o(.text)
    TIM2_IRQHandler                          0x08000167   Thumb Code     0  startup_stm32f10x_hd.o(.text)
    TIM3_IRQHandler                          0x08000167   Thumb Code     0  startup_stm32f10x_hd.o(.text)
    TIM4_IRQHandler                          0x08000167   Thumb Code     0  startup_stm32f10x_hd.o(.text)
    TIM5_IRQHandler                          0x08000167   Thumb Code     0  startup_stm32f10x_hd.o(.text)
    TIM6_IRQHandler                          0x08000167   Thumb Code     0  startup_stm32f10x_hd.o(.text)
    TIM7_IRQHandler                          0x08000167   Thumb Code     0  startup_stm32f10x_hd.o(.text)
    TIM8_BRK_IRQHandler                      0x08000167   Thumb Code     0  startup_stm32f10x_hd.o(.text)
    TIM8_TRG_COM_IRQHandler                  0x08000167   Thumb Code     0  startup_stm32f10x_hd.o(.text)
    TIM8_UP_IRQHandler                       0x08000167   Thumb Code     0  startup_stm32f10x_hd.o(.text)
    UART4_IRQHandler                         0x08000167   Thumb Code     0  startup_stm32f10x_hd.o(.text)
    UART5_IRQHandler                         0x08000167   Thumb Code     0  startup_stm32f10x_hd.o(.text)
    USART3_IRQHandler                        0x08000167   Thumb Code     0  startup_stm32f10x_hd.o(.text)
    USBWakeUp_IRQHandler                     0x08000167   Thumb Code     0  startup_stm32f10x_hd.o(.text)
    USB_HP_CAN1_TX_IRQHandler                0x08000167   Thumb Code     0  startup_stm32f10x_hd.o(.text)
    USB_LP_CAN1_RX0_IRQHandler               0x08000167   Thumb Code     0  startup_stm32f10x_hd.o(.text)
    WWDG_IRQHandler                          0x08000167   Thumb Code     0  startup_stm32f10x_hd.o(.text)
    __aeabi_memcpy                           0x08000175   Thumb Code    36  memcpya.o(.text)
    __aeabi_memcpy4                          0x08000175   Thumb Code     0  memcpya.o(.text)
    __aeabi_memcpy8                          0x08000175   Thumb Code     0  memcpya.o(.text)
    strcmp                                   0x08000199   Thumb Code    28  strcmp.o(.text)
    __aeabi_fadd                             0x080001b5   Thumb Code   164  fadd.o(.text)
    __aeabi_fsub                             0x08000259   Thumb Code     6  fadd.o(.text)
    __aeabi_frsub                            0x0800025f   Thumb Code     6  fadd.o(.text)
    __aeabi_fmul                             0x08000265   Thumb Code   100  fmul.o(.text)
    __aeabi_fdiv                             0x080002c9   Thumb Code   124  fdiv.o(.text)
    __aeabi_dadd                             0x08000345   Thumb Code   322  dadd.o(.text)
    __aeabi_dsub                             0x08000487   Thumb Code     6  dadd.o(.text)
    __aeabi_drsub                            0x0800048d   Thumb Code     6  dadd.o(.text)
    __aeabi_ddiv                             0x08000493   Thumb Code   222  ddiv.o(.text)
    __aeabi_i2f                              0x08000571   Thumb Code    18  fflti.o(.text)
    __aeabi_ui2d                             0x08000583   Thumb Code    26  dfltui.o(.text)
    __aeabi_f2iz                             0x0800059d   Thumb Code    50  ffixi.o(.text)
    __aeabi_f2d                              0x080005cf   Thumb Code    38  f2d.o(.text)
    __aeabi_cdcmpeq                          0x080005f5   Thumb Code     0  cdcmple.o(.text)
    __aeabi_cdcmple                          0x080005f5   Thumb Code    38  cdcmple.o(.text)
    __aeabi_cdrcmple                         0x0800061d   Thumb Code    38  cdrcmple.o(.text)
    __aeabi_d2f                              0x08000645   Thumb Code    56  d2f.o(.text)
    __aeabi_cfcmpeq                          0x0800067d   Thumb Code     0  cfcmple.o(.text)
    __aeabi_cfcmple                          0x0800067d   Thumb Code    20  cfcmple.o(.text)
    __aeabi_cfrcmple                         0x08000691   Thumb Code    20  cfrcmple.o(.text)
    __aeabi_uidiv                            0x080006a5   Thumb Code     0  uidiv.o(.text)
    __aeabi_uidivmod                         0x080006a5   Thumb Code    44  uidiv.o(.text)
    __aeabi_uldivmod                         0x080006d1   Thumb Code    98  uldiv.o(.text)
    __aeabi_llsl                             0x08000733   Thumb Code    30  llshl.o(.text)
    _ll_shift_l                              0x08000733   Thumb Code     0  llshl.o(.text)
    __aeabi_lasr                             0x08000751   Thumb Code    36  llsshr.o(.text)
    _ll_sshift_r                             0x08000751   Thumb Code     0  llsshr.o(.text)
    __I$use$fp                               0x08000775   Thumb Code     0  iusefp.o(.text)
    _float_round                             0x08000775   Thumb Code    18  fepilogue.o(.text)
    _float_epilogue                          0x08000787   Thumb Code    92  fepilogue.o(.text)
    _double_round                            0x080007e3   Thumb Code    26  depilogue.o(.text)
    _double_epilogue                         0x080007fd   Thumb Code   156  depilogue.o(.text)
    __aeabi_dmul                             0x08000899   Thumb Code   228  dmul.o(.text)
    __aeabi_d2ulz                            0x0800097d   Thumb Code    48  dfixul.o(.text)
    __scatterload                            0x080009ad   Thumb Code    28  init.o(.text)
    __scatterload_rt2                        0x080009ad   Thumb Code     0  init.o(.text)
    __aeabi_llsr                             0x080009d1   Thumb Code    32  llushr.o(.text)
    _ll_ushift_r                             0x080009d1   Thumb Code     0  llushr.o(.text)
    ADC1_2_Configuration                     0x080009f1   Thumb Code   382  adc_configuration.o(i.ADC1_2_Configuration)
    ADC_Cmd                                  0x08000b79   Thumb Code    22  stm32f10x_adc.o(i.ADC_Cmd)
    ADC_Configuration                        0x08000b91   Thumb Code    22  adc_configuration.o(i.ADC_Configuration)
    ADC_DMACmd                               0x08000bc9   Thumb Code    22  stm32f10x_adc.o(i.ADC_DMACmd)
    ADC_DeInit                               0x08000be1   Thumb Code    78  stm32f10x_adc.o(i.ADC_DeInit)
    ADC_ExternalTrigConvCmd                  0x08000c3d   Thumb Code    22  stm32f10x_adc.o(i.ADC_ExternalTrigConvCmd)
    ADC_GetCalibrationStatus                 0x08000c53   Thumb Code    20  stm32f10x_adc.o(i.ADC_GetCalibrationStatus)
    ADC_GetResetCalibrationStatus            0x08000c67   Thumb Code    20  stm32f10x_adc.o(i.ADC_GetResetCalibrationStatus)
    ADC_Init                                 0x08000c7d   Thumb Code    70  stm32f10x_adc.o(i.ADC_Init)
    ADC_InputPin_Configuration               0x08000ccd   Thumb Code    24  adc_configuration.o(i.ADC_InputPin_Configuration)
    ADC_RegularChannelConfig                 0x08000ce9   Thumb Code   184  stm32f10x_adc.o(i.ADC_RegularChannelConfig)
    ADC_ResetCalibration                     0x08000da1   Thumb Code    10  stm32f10x_adc.o(i.ADC_ResetCalibration)
    ADC_StartCalibration                     0x08000dab   Thumb Code    10  stm32f10x_adc.o(i.ADC_StartCalibration)
    ADC_TempSensorVrefintCmd                 0x08000db5   Thumb Code    30  stm32f10x_adc.o(i.ADC_TempSensorVrefintCmd)
    DMA1_Channel1_IRQHandler                 0x08000dd9   Thumb Code   202  dma_irqhandler.o(i.DMA1_Channel1_IRQHandler)
    DMA1_Channel2_IRQHandler                 0x08000eb9   Thumb Code   144  dma_irqhandler.o(i.DMA1_Channel2_IRQHandler)
    DMA1_Channel4_IRQHandler                 0x08000f65   Thumb Code   146  dma_irqhandler.o(i.DMA1_Channel4_IRQHandler)
    DMA1_Channel7_IRQHandler                 0x08001015   Thumb Code   162  dma_irqhandler.o(i.DMA1_Channel7_IRQHandler)
    DMA_ClearITPendingBit                    0x080010d5   Thumb Code    18  stm32f10x_dma.o(i.DMA_ClearITPendingBit)
    DMA_Cmd                                  0x080010f1   Thumb Code    22  stm32f10x_dma.o(i.DMA_Cmd)
    DMA_Configuration                        0x08001109   Thumb Code   250  dma_configuration.o(i.DMA_Configuration)
    DMA_DeInit                               0x08001241   Thumb Code   322  stm32f10x_dma.o(i.DMA_DeInit)
    DMA_GetITStatus                          0x0800138d   Thumb Code    36  stm32f10x_dma.o(i.DMA_GetITStatus)
    DMA_ITConfig                             0x080013b9   Thumb Code    18  stm32f10x_dma.o(i.DMA_ITConfig)
    DMA_Init                                 0x080013cb   Thumb Code    60  stm32f10x_dma.o(i.DMA_Init)
    EXTI0_IRQHandler                         0x08001407   Thumb Code    10  exti_irqhandler.o(i.EXTI0_IRQHandler)
    EXTI15_10_IRQHandler                     0x08001411   Thumb Code    38  exti_irqhandler.o(i.EXTI15_10_IRQHandler)
    EXTI1_IRQHandler                         0x08001449   Thumb Code    20  exti_irqhandler.o(i.EXTI1_IRQHandler)
    EXTI2_IRQHandler                         0x0800146d   Thumb Code    20  exti_irqhandler.o(i.EXTI2_IRQHandler)
    EXTI3_IRQHandler                         0x08001491   Thumb Code    20  exti_irqhandler.o(i.EXTI3_IRQHandler)
    EXTI4_IRQHandler                         0x080014b5   Thumb Code    20  exti_irqhandler.o(i.EXTI4_IRQHandler)
    EXTI9_5_IRQHandler                       0x080014d9   Thumb Code   124  exti_irqhandler.o(i.EXTI9_5_IRQHandler)
    EXTI_ClearITPendingBit                   0x080015a5   Thumb Code     6  stm32f10x_exti.o(i.EXTI_ClearITPendingBit)
    EXTI_Configuration                       0x080015b1   Thumb Code   130  exti_configuration.o(i.EXTI_Configuration)
    EXTI_GetITStatus                         0x0800165d   Thumb Code    34  stm32f10x_exti.o(i.EXTI_GetITStatus)
    EXTI_Init                                0x08001685   Thumb Code   142  stm32f10x_exti.o(i.EXTI_Init)
    FLASH_ClearFlag                          0x08001719   Thumb Code     6  stm32f10x_flash.o(i.FLASH_ClearFlag)
    FLASH_ErasePage                          0x08001725   Thumb Code    76  stm32f10x_flash.o(i.FLASH_ErasePage)
    FLASH_GetStatus                          0x08001775   Thumb Code    48  stm32f10x_flash.o(i.FLASH_GetStatus)
    FLASH_Lock                               0x080017a9   Thumb Code    14  stm32f10x_flash.o(i.FLASH_Lock)
    FLASH_PrefetchBufferCmd                  0x080017bd   Thumb Code    22  stm32f10x_flash.o(i.FLASH_PrefetchBufferCmd)
    FLASH_ProgramWord                        0x080017d9   Thumb Code   110  stm32f10x_flash.o(i.FLASH_ProgramWord)
    FLASH_SetLatency                         0x0800184d   Thumb Code    18  stm32f10x_flash.o(i.FLASH_SetLatency)
    FLASH_Unlock                             0x08001865   Thumb Code    12  stm32f10x_flash.o(i.FLASH_Unlock)
    FLASH_WaitForLastOperation               0x0800187d   Thumb Code    42  stm32f10x_flash.o(i.FLASH_WaitForLastOperation)
    FlashReadWord                            0x080018a7   Thumb Code     6  parameter.o(i.FlashReadWord)
    FlashWritePage                           0x080018ad   Thumb Code    88  parameter.o(i.FlashWritePage)
    GPIO_Configuration                       0x08001925   Thumb Code   154  gpio_configuration.o(i.GPIO_Configuration)
    GPIO_EXTILineConfig                      0x080019f5   Thumb Code    60  stm32f10x_gpio.o(i.GPIO_EXTILineConfig)
    GPIO_Init                                0x08001a35   Thumb Code   278  stm32f10x_gpio.o(i.GPIO_Init)
    GPIO_PinRemapConfig                      0x08001b4d   Thumb Code   106  stm32f10x_gpio.o(i.GPIO_PinRemapConfig)
    GPIO_ResetBits                           0x08001bbd   Thumb Code     4  stm32f10x_gpio.o(i.GPIO_ResetBits)
    GPIO_SetBits                             0x08001bc1   Thumb Code     4  stm32f10x_gpio.o(i.GPIO_SetBits)
    GetPower                                 0x08001bc5   Thumb Code     2  function.o(i.GetPower)
    GetTemp                                  0x08001bc7   Thumb Code    42  function.o(i.GetTemp)
    I2C2_Init                                0x08001bf1   Thumb Code   108  i2c_configuration.o(i.I2C2_Init)
    I2C2_ReadBuffer                          0x08001c89   Thumb Code   360  i2c_configuration.o(i.I2C2_ReadBuffer)
    I2C2_WriteByte                           0x08001dfd   Thumb Code   200  i2c_configuration.o(i.I2C2_WriteByte)
    I2C_AcknowledgeConfig                    0x08001ed1   Thumb Code    24  stm32f10x_i2c.o(i.I2C_AcknowledgeConfig)
    I2C_CheckEvent                           0x08001ee9   Thumb Code    38  stm32f10x_i2c.o(i.I2C_CheckEvent)
    I2C_Cmd                                  0x08001f0f   Thumb Code    24  stm32f10x_i2c.o(i.I2C_Cmd)
    I2C_GenerateSTART                        0x08001f27   Thumb Code    24  stm32f10x_i2c.o(i.I2C_GenerateSTART)
    I2C_GenerateSTOP                         0x08001f3f   Thumb Code    24  stm32f10x_i2c.o(i.I2C_GenerateSTOP)
    I2C_GetFlagStatus                        0x08001f57   Thumb Code    58  stm32f10x_i2c.o(i.I2C_GetFlagStatus)
    I2C_Init                                 0x08001f91   Thumb Code   222  stm32f10x_i2c.o(i.I2C_Init)
    I2C_ReceiveData                          0x0800207d   Thumb Code     8  stm32f10x_i2c.o(i.I2C_ReceiveData)
    I2C_Send7bitAddress                      0x08002085   Thumb Code    18  stm32f10x_i2c.o(i.I2C_Send7bitAddress)
    I2C_SendData                             0x08002097   Thumb Code     4  stm32f10x_i2c.o(i.I2C_SendData)
    InU2SendBuf                              0x0800209d   Thumb Code   114  usart2_irqhandler.o(i.InU2SendBuf)
    InitDevice                               0x08002121   Thumb Code    76  configuration.o(i.InitDevice)
    Init_ITG3205                             0x0800216d   Thumb Code    64  i2c1_imu.o(i.Init_ITG3205)
    MotorData_Init                           0x080021cd   Thumb Code   262  motor.o(i.MotorData_Init)
    Motor_Control                            0x080022fd   Thumb Code   230  motor.o(i.Motor_Control)
    Motor_Init                               0x08002405   Thumb Code   154  motor.o(i.Motor_Init)
    NVIC_Configuration                       0x08002555   Thumb Code   228  nvic_configuration.o(i.NVIC_Configuration)
    NVIC_Init                                0x08002659   Thumb Code   100  misc.o(i.NVIC_Init)
    NVIC_PriorityGroupConfig                 0x080026c9   Thumb Code    10  misc.o(i.NVIC_PriorityGroupConfig)
    NVIC_SetVectorTable                      0x08002705   Thumb Code    12  misc.o(i.NVIC_SetVectorTable)
    OutU2FrameBuf                            0x08002719   Thumb Code   140  usart2_irqhandler.o(i.OutU2FrameBuf)
    RCC_ADCCLKConfig                         0x080027bd   Thumb Code    18  stm32f10x_rcc.o(i.RCC_ADCCLKConfig)
    RCC_AHBPeriphClockCmd                    0x080027d5   Thumb Code    26  stm32f10x_rcc.o(i.RCC_AHBPeriphClockCmd)
    RCC_APB1PeriphClockCmd                   0x080027f5   Thumb Code    26  stm32f10x_rcc.o(i.RCC_APB1PeriphClockCmd)
    RCC_APB1PeriphResetCmd                   0x08002815   Thumb Code    26  stm32f10x_rcc.o(i.RCC_APB1PeriphResetCmd)
    RCC_APB2PeriphClockCmd                   0x08002835   Thumb Code    26  stm32f10x_rcc.o(i.RCC_APB2PeriphClockCmd)
    RCC_APB2PeriphResetCmd                   0x08002855   Thumb Code    26  stm32f10x_rcc.o(i.RCC_APB2PeriphResetCmd)
    RCC_Configuration                        0x08002875   Thumb Code   116  rcc_configuration.o(i.RCC_Configuration)
    RCC_DeInit                               0x080028e9   Thumb Code    64  stm32f10x_rcc.o(i.RCC_DeInit)
    RCC_GetClocksFreq                        0x08002935   Thumb Code   192  stm32f10x_rcc.o(i.RCC_GetClocksFreq)
    RCC_GetFlagStatus                        0x08002a09   Thumb Code    56  stm32f10x_rcc.o(i.RCC_GetFlagStatus)
    RCC_GetSYSCLKSource                      0x08002a45   Thumb Code    10  stm32f10x_rcc.o(i.RCC_GetSYSCLKSource)
    RCC_HCLKConfig                           0x08002a55   Thumb Code    18  stm32f10x_rcc.o(i.RCC_HCLKConfig)
    RCC_HSEConfig                            0x08002a6d   Thumb Code    70  stm32f10x_rcc.o(i.RCC_HSEConfig)
    RCC_PCLK1Config                          0x08002ab9   Thumb Code    18  stm32f10x_rcc.o(i.RCC_PCLK1Config)
    RCC_PCLK2Config                          0x08002ad1   Thumb Code    20  stm32f10x_rcc.o(i.RCC_PCLK2Config)
    RCC_PLLCmd                               0x08002ae9   Thumb Code     6  stm32f10x_rcc.o(i.RCC_PLLCmd)
    RCC_PLLConfig                            0x08002af5   Thumb Code    24  stm32f10x_rcc.o(i.RCC_PLLConfig)
    RCC_SYSCLKConfig                         0x08002b11   Thumb Code    18  stm32f10x_rcc.o(i.RCC_SYSCLKConfig)
    RCC_WaitForHSEStartUp                    0x08002b29   Thumb Code    56  stm32f10x_rcc.o(i.RCC_WaitForHSEStartUp)
    Read_ITG3205_Z                           0x08002b61   Thumb Code    76  i2c1_imu.o(i.Read_ITG3205_Z)
    ReceiveBaseCommand                       0x08002bc1   Thumb Code   152  usart1_irqhandler.o(i.ReceiveBaseCommand)
    SendBatteryState                         0x08002c6d   Thumb Code   124  usart1_irqhandler.o(i.SendBatteryState)
    SendBreakerStatus                        0x08002cf9   Thumb Code   124  usart1_irqhandler.o(i.SendBreakerStatus)
    SendEncodersAndGyro                      0x08002d85   Thumb Code   142  usart1_irqhandler.o(i.SendEncodersAndGyro)
    SendParam                                0x08002e25   Thumb Code   138  usart1_irqhandler.o(i.SendParam)
    SysTick_CLKSourceConfig                  0x08002fad   Thumb Code    40  misc.o(i.SysTick_CLKSourceConfig)
    SysTick_Configuration                    0x08002fd5   Thumb Code   114  systick_configuration.o(i.SysTick_Configuration)
    SysTick_Handler                          0x08003071   Thumb Code   170  systick_handler.o(i.SysTick_Handler)
    SystemInit                               0x0800313d   Thumb Code    70  system_stm32f10x.o(i.SystemInit)
    TIM1_Configuration                       0x080032b1   Thumb Code   138  tim_configuration.o(i.TIM1_Configuration)
    TIM2_Configuration                       0x08003361   Thumb Code   230  tim_configuration.o(i.TIM2_Configuration)
    TIM3_Configuration                       0x08003475   Thumb Code   178  tim_configuration.o(i.TIM3_Configuration)
    TIM4_Configuration                       0x08003551   Thumb Code   192  tim_configuration.o(i.TIM4_Configuration)
    TIM8_CC_IRQHandler                       0x08003639   Thumb Code   642  tim8_irqhandler.o(i.TIM8_CC_IRQHandler)
    TIM_ClearFlag                            0x080038dd   Thumb Code     6  stm32f10x_tim.o(i.TIM_ClearFlag)
    TIM_ClearITPendingBit                    0x080038e3   Thumb Code     6  stm32f10x_tim.o(i.TIM_ClearITPendingBit)
    TIM_Cmd                                  0x080038e9   Thumb Code    24  stm32f10x_tim.o(i.TIM_Cmd)
    TIM_CtrlPWMOutputs                       0x08003901   Thumb Code    30  stm32f10x_tim.o(i.TIM_CtrlPWMOutputs)
    TIM_DeInit                               0x08003921   Thumb Code   196  stm32f10x_tim.o(i.TIM_DeInit)
    TIM_EncoderInterfaceConfig               0x08003a01   Thumb Code    66  stm32f10x_tim.o(i.TIM_EncoderInterfaceConfig)
    TIM_GetCapture1                          0x08003a43   Thumb Code     6  stm32f10x_tim.o(i.TIM_GetCapture1)
    TIM_GetCapture2                          0x08003a49   Thumb Code     6  stm32f10x_tim.o(i.TIM_GetCapture2)
    TIM_GetCapture3                          0x08003a4f   Thumb Code     6  stm32f10x_tim.o(i.TIM_GetCapture3)
    TIM_GetCapture4                          0x08003a55   Thumb Code     8  stm32f10x_tim.o(i.TIM_GetCapture4)
    TIM_GetITStatus                          0x08003a5d   Thumb Code    34  stm32f10x_tim.o(i.TIM_GetITStatus)
    TIM_ICInit                               0x08003a7f   Thumb Code   110  stm32f10x_tim.o(i.TIM_ICInit)
    TIM_ICStructInit                         0x08003aed   Thumb Code    18  stm32f10x_tim.o(i.TIM_ICStructInit)
    TIM_ITConfig                             0x08003aff   Thumb Code    18  stm32f10x_tim.o(i.TIM_ITConfig)
    TIM_OC3Init                              0x08003b11   Thumb Code   144  stm32f10x_tim.o(i.TIM_OC3Init)
    TIM_OC4Init                              0x08003ba9   Thumb Code   106  stm32f10x_tim.o(i.TIM_OC4Init)
    TIM_SelectOutputTrigger                  0x08003c1d   Thumb Code    18  stm32f10x_tim.o(i.TIM_SelectOutputTrigger)
    TIM_SetCounter                           0x08003c2f   Thumb Code     4  stm32f10x_tim.o(i.TIM_SetCounter)
    TIM_SetIC1Prescaler                      0x08003c33   Thumb Code    18  stm32f10x_tim.o(i.TIM_SetIC1Prescaler)
    TIM_SetIC2Prescaler                      0x08003c45   Thumb Code    26  stm32f10x_tim.o(i.TIM_SetIC2Prescaler)
    TIM_SetIC3Prescaler                      0x08003c5f   Thumb Code    18  stm32f10x_tim.o(i.TIM_SetIC3Prescaler)
    TIM_SetIC4Prescaler                      0x08003c71   Thumb Code    26  stm32f10x_tim.o(i.TIM_SetIC4Prescaler)
    TIM_TimeBaseInit                         0x08003c8d   Thumb Code    50  stm32f10x_tim.o(i.TIM_TimeBaseInit)
    TIM_TimeBaseStructInit                   0x08003cc9   Thumb Code    18  stm32f10x_tim.o(i.TIM_TimeBaseStructInit)
    U2Printf                                 0x08003cdd   Thumb Code    36  usart2_irqhandler.o(i.U2Printf)
    U2PrintfDMA                              0x08003d09   Thumb Code    74  usart2_irqhandler.o(i.U2PrintfDMA)
    UART2_CAL                                0x08003d69   Thumb Code   612  usart2_irqhandler.o(i.UART2_CAL)
    USART1_Configuration                     0x080040a1   Thumb Code   182  usart_configuration.o(i.USART1_Configuration)
    USART1_IRQHandler                        0x08004181   Thumb Code    42  usart1_irqhandler.o(i.USART1_IRQHandler)
    USART2_Configuration                     0x080041b1   Thumb Code   178  usart_configuration.o(i.USART2_Configuration)
    USART2_IRQHandler                        0x0800428d   Thumb Code   282  usart2_irqhandler.o(i.USART2_IRQHandler)
    USART2_SendData                          0x080043c5   Thumb Code    30  usart_configuration.o(i.USART2_SendData)
    USART_ClearITPendingBit                  0x080043e9   Thumb Code    30  stm32f10x_usart.o(i.USART_ClearITPendingBit)
    USART_ClockInit                          0x08004407   Thumb Code    34  stm32f10x_usart.o(i.USART_ClockInit)
    USART_Cmd                                0x08004429   Thumb Code    24  stm32f10x_usart.o(i.USART_Cmd)
    USART_DMACmd                             0x08004441   Thumb Code    18  stm32f10x_usart.o(i.USART_DMACmd)
    USART_GetFlagStatus                      0x08004453   Thumb Code    26  stm32f10x_usart.o(i.USART_GetFlagStatus)
    USART_GetITStatus                        0x0800446d   Thumb Code    84  stm32f10x_usart.o(i.USART_GetITStatus)
    USART_ITConfig                           0x080044c1   Thumb Code    74  stm32f10x_usart.o(i.USART_ITConfig)
    USART_Init                               0x0800450d   Thumb Code   156  stm32f10x_usart.o(i.USART_Init)
    USART_ReceiveData                        0x080045ad   Thumb Code    10  stm32f10x_usart.o(i.USART_ReceiveData)
    __0printf                                0x080045b9   Thumb Code    22  printfa.o(i.__0printf)
    __1printf                                0x080045b9   Thumb Code     0  printfa.o(i.__0printf)
    __2printf                                0x080045b9   Thumb Code     0  printfa.o(i.__0printf)
    __c89printf                              0x080045b9   Thumb Code     0  printfa.o(i.__0printf)
    printf                                   0x080045b9   Thumb Code     0  printfa.o(i.__0printf)
    __scatterload_copy                       0x080045d9   Thumb Code    14  handlers.o(i.__scatterload_copy)
    __scatterload_null                       0x080045e7   Thumb Code     2  handlers.o(i.__scatterload_null)
    __scatterload_zeroinit                   0x080045e9   Thumb Code    14  handlers.o(i.__scatterload_zeroinit)
    bytes4ToFloat                            0x08004e8b   Thumb Code    24  function.o(i.bytes4ToFloat)
    calBaseCmd                               0x08004ea5   Thumb Code   814  usart1_irqhandler.o(i.calBaseCmd)
    calSpeed                                 0x08005299   Thumb Code   174  motor.o(i.calSpeed)
    computeCommand                           0x08005349   Thumb Code   218  pid.o(i.computeCommand)
    computeEncoderDelta                      0x0800542d   Thumb Code    28  motor.o(i.computeEncoderDelta)
    computeVelocityPidOutput                 0x0800544d   Thumb Code   128  motor.o(i.computeVelocityPidOutput)
    fputc                                    0x080054ed   Thumb Code    32  function.o(i.fputc)
    getTimeStamp                             0x08005515   Thumb Code   102  function.o(i.getTimeStamp)
    inBaseBuf                                0x08005589   Thumb Code    32  usart1_irqhandler.o(i.inBaseBuf)
    initPid                                  0x080055b1   Thumb Code    30  pid.o(i.initPid)
    main                                     0x080055d1   Thumb Code   178  main.o(i.main)
    outBaseBuf                               0x08005705   Thumb Code    54  usart1_irqhandler.o(i.outBaseBuf)
    outputSpeed                              0x08005749   Thumb Code   228  motor.o(i.outputSpeed)
    paramFind                                0x08005839   Thumb Code    36  parameter.o(i.paramFind)
    paramGetBytes4                           0x08005861   Thumb Code    54  parameter.o(i.paramGetBytes4)
    paramReadFloatWithDefault                0x0800589d   Thumb Code    32  parameter.o(i.paramReadFloatWithDefault)
    paramSetBytes4                           0x080058c1   Thumb Code    54  parameter.o(i.paramSetBytes4)
    paramValidIndex                          0x080058fd   Thumb Code    14  parameter.o(i.paramValidIndex)
    paramWriteFloat                          0x0800590d   Thumb Code    34  parameter.o(i.paramWriteFloat)
    paramsInfoPrint                          0x08005935   Thumb Code    62  parameter.o(i.paramsInfoPrint)
    paramsInit                               0x080059a9   Thumb Code    90  parameter.o(i.paramsInit)
    paramsLoad                               0x08005a39   Thumb Code    42  parameter.o(i.paramsLoad)
    paramsReset                              0x08005a81   Thumb Code    60  parameter.o(i.paramsReset)
    paramsSave                               0x08005ad9   Thumb Code    70  parameter.o(i.paramsSave)
    s16s8toFloat                             0x08005b41   Thumb Code    70  function.o(i.s16s8toFloat)
    setBreakerStatus                         0x08005b8d   Thumb Code    56  gpio_configuration.o(i.setBreakerStatus)
    setSpeed                                 0x08005bc9   Thumb Code    32  motor.o(i.setSpeed)
    default_values                           0x08005be8   Data          56  parameter.o(.constdata)
    SystemFrequency                          0x08005c20   Data           4  system_stm32f10x.o(.constdata)
    SystemFrequency_SysClk                   0x08005c24   Data           4  system_stm32f10x.o(.constdata)
    SystemFrequency_AHBClk                   0x08005c28   Data           4  system_stm32f10x.o(.constdata)
    SystemFrequency_APB1Clk                  0x08005c2c   Data           4  system_stm32f10x.o(.constdata)
    SystemFrequency_APB2Clk                  0x08005c30   Data           4  system_stm32f10x.o(.constdata)
    Region$$Table$$Base                      0x08005d14   Number         0  anon$$obj.o(Region$$Table)
    Region$$Table$$Limit                     0x08005d34   Number         0  anon$$obj.o(Region$$Table)
    InternalTemp                             0x20000000   Data           2  var.o(.data)
    Power                                    0x20000002   Data           2  var.o(.data)
    battery_voltage                          0x20000004   Data           4  var.o(.data)
    Time                                     0x20000008   Data           4  var.o(.data)
    sec                                      0x2000000c   Data           4  var.o(.data)
    TimingDelay                              0x20000010   Data           4  var.o(.data)
    ADC1_2_OK                                0x20000014   Data           4  var.o(.data)
    TIM8_RT                                  0x20000018   Data           8  var.o(.data)
    TIM8_FT                                  0x20000020   Data           8  var.o(.data)
    TIM8_flag                                0x20000028   Data           4  var.o(.data)
    inPWM1                                   0x2000002c   Data           2  var.o(.data)
    inPWM2                                   0x2000002e   Data           2  var.o(.data)
    inPWM3                                   0x20000030   Data           2  var.o(.data)
    inPWM4                                   0x20000032   Data           2  var.o(.data)
    PrintfCn                                 0x20000034   Data           2  var.o(.data)
    IsU1Send                                 0x20000036   Data           1  var.o(.data)
    U1SendCn                                 0x20000038   Data           2  var.o(.data)
    IsU1TxEmpty                              0x2000003a   Data           1  var.o(.data)
    U1SendBufPi                              0x2000003c   Data           2  var.o(.data)
    U1SendBufPo                              0x2000003e   Data           2  var.o(.data)
    U1FrameBufPi                             0x20000040   Data           1  var.o(.data)
    U1FrameBufPo                             0x20000041   Data           1  var.o(.data)
    U1BufP                                   0x20000042   Data           1  var.o(.data)
    IsU1RecOK                                0x20000043   Data           1  var.o(.data)
    U1RecBufP                                0x20000044   Data           1  var.o(.data)
    BaseBufPi                                0x20000046   Data           2  var.o(.data)
    BaseBufPo                                0x20000048   Data           2  var.o(.data)
    BaseCmdBufP                              0x2000004a   Data           1  var.o(.data)
    IsBaseCmdOK                              0x2000004b   Data           1  var.o(.data)
    BaseRecBufP                              0x2000004c   Data           1  var.o(.data)
    IsU2Send                                 0x2000004d   Data           1  var.o(.data)
    U2SendCn                                 0x2000004e   Data           2  var.o(.data)
    IsU2TxEmpty                              0x20000050   Data           1  var.o(.data)
    U2SendBufPi                              0x20000052   Data           2  var.o(.data)
    U2SendBufPo                              0x20000054   Data           2  var.o(.data)
    U2FrameBufPi                             0x20000056   Data           1  var.o(.data)
    U2FrameBufPo                             0x20000057   Data           1  var.o(.data)
    U2BufP                                   0x20000058   Data           1  var.o(.data)
    IsU2RecOK                                0x20000059   Data           1  var.o(.data)
    U2RecBufP                                0x2000005a   Data           1  var.o(.data)
    IsU3Send                                 0x2000005b   Data           1  var.o(.data)
    U3SendCn                                 0x2000005c   Data           2  var.o(.data)
    IsU3TxEmpty                              0x2000005e   Data           1  var.o(.data)
    U3SendBufPi                              0x20000060   Data           2  var.o(.data)
    U3SendBufPo                              0x20000062   Data           2  var.o(.data)
    U3FrameBufPi                             0x20000064   Data           1  var.o(.data)
    U3FrameBufPo                             0x20000065   Data           1  var.o(.data)
    U3BufP                                   0x20000066   Data           1  var.o(.data)
    IsU3RecOK                                0x20000067   Data           1  var.o(.data)
    U3RecBufP                                0x20000068   Data           1  var.o(.data)
    encoder_cycle                            0x20000070   Data           1  motor.o(.data)
    controller_cycle                         0x20000071   Data           1  motor.o(.data)
    is_control_motor                         0x20000072   Data           1  motor.o(.data)
    param_names                              0x20000084   Data          56  parameter.o(.data)
    gyro_buffer                              0x200000bd   Data           8  i2c1_imu.o(.data)
    acc_buffer                               0x200000c5   Data           6  i2c1_imu.o(.data)
    compass_buffer                           0x200000cb   Data           6  i2c1_imu.o(.data)
    gyro_update                              0x200000d1   Data           1  i2c1_imu.o(.data)
    __stdout                                 0x200000e8   Data           4  stdout.o(.data)
    ADC1_2_ConvertedValue                    0x200000ec   Data          24  var.o(.bss)
    ADC_ConvertedValue                       0x20000104   Data          16  var.o(.bss)
    PrintfBuf                                0x20000114   Data         500  var.o(.bss)
    USART1_Send_Buf                          0x20000308   Data         200  var.o(.bss)
    tU1SendBuf                               0x200003d0   Data          30  var.o(.bss)
    U1SendBuf                                0x200003ee   Data         200  var.o(.bss)
    U1FrameBuf                               0x200004b6   Data         300  var.o(.bss)
    U1Buf                                    0x200005e2   Data          30  var.o(.bss)
    U1RecBuf                                 0x20000600   Data          30  var.o(.bss)
    BaseBuf                                  0x2000061e   Data         500  var.o(.bss)
    BaseCmdBuf                               0x20000812   Data          32  var.o(.bss)
    BaseRecBuf                               0x20000832   Data          32  var.o(.bss)
    USART2_Send_Buf                          0x20000852   Data         500  var.o(.bss)
    tU2SendBuf                               0x20000a46   Data          30  var.o(.bss)
    U2SendBuf                                0x20000a64   Data         500  var.o(.bss)
    U2FrameBuf                               0x20000c58   Data         150  var.o(.bss)
    U2Buf                                    0x20000cee   Data          30  var.o(.bss)
    U2RecBuf                                 0x20000d0c   Data          30  var.o(.bss)
    USART3_Send_Buf                          0x20000d2a   Data         200  var.o(.bss)
    tU3SendBuf                               0x20000df2   Data          70  var.o(.bss)
    U3SendBuf                                0x20000e38   Data         200  var.o(.bss)
    U3FrameBuf                               0x20000f00   Data         700  var.o(.bss)
    U3Buf                                    0x200011bc   Data          70  var.o(.bss)
    U3RecBuf                                 0x20001202   Data          70  var.o(.bss)
    PidBuff                                  0x20001248   Data          20  motor.o(.bss)
    VelocityBuff                             0x20001260   Data          40  motor.o(.bss)
    MOTOR                                    0x20001288   Data          36  motor.o(.bss)
    VelocityPid                              0x200012ac   Data         120  motor.o(.bss)
    param_vector                             0x20001324   Data         112  parameter.o(.bss)
    flash_page_buffer                        0x20001394   Data        2048  parameter.o(.bss)
    gyro_raw                                 0x20001bc8   Data          16  i2c1_imu.o(.bss)
    accel_raw                                0x20001bd8   Data          16  i2c1_imu.o(.bss)
    magnet_raw                               0x20001be8   Data          16  i2c1_imu.o(.bss)
    gyro_filter_z                            0x20001bf8   Data          32  i2c1_imu.o(.bss)
    gyro_filtered                            0x20001c18   Data          16  i2c1_imu.o(.bss)
    __initial_sp                             0x20002028   Data           0  startup_stm32f10x_hd.o(STACK)



==============================================================================

Memory Map of the image

  Image Entry point : 0x08000131

  Load Region LR_IROM1 (Base: 0x08000000, Size: 0x00005e20, Max: 0x00040000, ABSOLUTE)

    Execution Region ER_IROM1 (Base: 0x08000000, Size: 0x00005d34, Max: 0x00040000, ABSOLUTE)

    Base Addr    Size         Type   Attr      Idx    E Section Name        Object

    0x08000000   0x00000130   Data   RO         3140    RESET               startup_stm32f10x_hd.o
    0x08000130   0x00000000   Code   RO         3200  * .ARM.Collect$$$$00000000  mc_w.l(entry.o)
    0x08000130   0x00000004   Code   RO         3505    .ARM.Collect$$$$00000001  mc_w.l(entry2.o)
    0x08000134   0x00000004   Code   RO         3508    .ARM.Collect$$$$00000004  mc_w.l(entry5.o)
    0x08000138   0x00000000   Code   RO         3510    .ARM.Collect$$$$00000008  mc_w.l(entry7b.o)
    0x08000138   0x00000000   Code   RO         3512    .ARM.Collect$$$$0000000A  mc_w.l(entry8b.o)
    0x08000138   0x00000008   Code   RO         3513    .ARM.Collect$$$$0000000B  mc_w.l(entry9a.o)
    0x08000140   0x00000000   Code   RO         3515    .ARM.Collect$$$$0000000D  mc_w.l(entry10a.o)
    0x08000140   0x00000000   Code   RO         3517    .ARM.Collect$$$$0000000F  mc_w.l(entry11a.o)
    0x08000140   0x00000004   Code   RO         3506    .ARM.Collect$$$$00002712  mc_w.l(entry2.o)
    0x08000144   0x00000030   Code   RO         3141    .text               startup_stm32f10x_hd.o
    0x08000174   0x00000024   Code   RO         3203    .text               mc_w.l(memcpya.o)
    0x08000198   0x0000001c   Code   RO         3205    .text               mc_w.l(strcmp.o)
    0x080001b4   0x000000b0   Code   RO         3470    .text               mf_w.l(fadd.o)
    0x08000264   0x00000064   Code   RO         3472    .text               mf_w.l(fmul.o)
    0x080002c8   0x0000007c   Code   RO         3474    .text               mf_w.l(fdiv.o)
    0x08000344   0x0000014e   Code   RO         3476    .text               mf_w.l(dadd.o)
    0x08000492   0x000000de   Code   RO         3478    .text               mf_w.l(ddiv.o)
    0x08000570   0x00000012   Code   RO         3480    .text               mf_w.l(fflti.o)
    0x08000582   0x0000001a   Code   RO         3482    .text               mf_w.l(dfltui.o)
    0x0800059c   0x00000032   Code   RO         3484    .text               mf_w.l(ffixi.o)
    0x080005ce   0x00000026   Code   RO         3486    .text               mf_w.l(f2d.o)
    0x080005f4   0x00000028   Code   RO         3488    .text               mf_w.l(cdcmple.o)
    0x0800061c   0x00000028   Code   RO         3490    .text               mf_w.l(cdrcmple.o)
    0x08000644   0x00000038   Code   RO         3492    .text               mf_w.l(d2f.o)
    0x0800067c   0x00000014   Code   RO         3494    .text               mf_w.l(cfcmple.o)
    0x08000690   0x00000014   Code   RO         3496    .text               mf_w.l(cfrcmple.o)
    0x080006a4   0x0000002c   Code   RO         3520    .text               mc_w.l(uidiv.o)
    0x080006d0   0x00000062   Code   RO         3522    .text               mc_w.l(uldiv.o)
    0x08000732   0x0000001e   Code   RO         3524    .text               mc_w.l(llshl.o)
    0x08000750   0x00000024   Code   RO         3526    .text               mc_w.l(llsshr.o)
    0x08000774   0x00000000   Code   RO         3535    .text               mc_w.l(iusefp.o)
    0x08000774   0x0000006e   Code   RO         3536    .text               mf_w.l(fepilogue.o)
    0x080007e2   0x000000b6   Code   RO         3542    .text               mf_w.l(depilogue.o)
    0x08000898   0x000000e4   Code   RO         3544    .text               mf_w.l(dmul.o)
    0x0800097c   0x00000030   Code   RO         3546    .text               mf_w.l(dfixul.o)
    0x080009ac   0x00000024   Code   RO         3548    .text               mc_w.l(init.o)
    0x080009d0   0x00000020   Code   RO         3550    .text               mc_w.l(llushr.o)
    0x080009f0   0x00000188   Code   RO          707    i.ADC1_2_Configuration  adc_configuration.o
    0x08000b78   0x00000016   Code   RO         2586    i.ADC_Cmd           stm32f10x_adc.o
    0x08000b8e   0x00000002   PAD
    0x08000b90   0x00000038   Code   RO          708    i.ADC_Configuration  adc_configuration.o
    0x08000bc8   0x00000016   Code   RO         2587    i.ADC_DMACmd        stm32f10x_adc.o
    0x08000bde   0x00000002   PAD
    0x08000be0   0x0000005c   Code   RO         2588    i.ADC_DeInit        stm32f10x_adc.o
    0x08000c3c   0x00000016   Code   RO         2591    i.ADC_ExternalTrigConvCmd  stm32f10x_adc.o
    0x08000c52   0x00000014   Code   RO         2594    i.ADC_GetCalibrationStatus  stm32f10x_adc.o
    0x08000c66   0x00000014   Code   RO         2600    i.ADC_GetResetCalibrationStatus  stm32f10x_adc.o
    0x08000c7a   0x00000002   PAD
    0x08000c7c   0x00000050   Code   RO         2604    i.ADC_Init          stm32f10x_adc.o
    0x08000ccc   0x0000001c   Code   RO          709    i.ADC_InputPin_Configuration  adc_configuration.o
    0x08000ce8   0x000000b8   Code   RO         2608    i.ADC_RegularChannelConfig  stm32f10x_adc.o
    0x08000da0   0x0000000a   Code   RO         2609    i.ADC_ResetCalibration  stm32f10x_adc.o
    0x08000daa   0x0000000a   Code   RO         2613    i.ADC_StartCalibration  stm32f10x_adc.o
    0x08000db4   0x00000024   Code   RO         2615    i.ADC_TempSensorVrefintCmd  stm32f10x_adc.o
    0x08000dd8   0x000000e0   Code   RO          773    i.DMA1_Channel1_IRQHandler  dma_irqhandler.o
    0x08000eb8   0x000000ac   Code   RO          774    i.DMA1_Channel2_IRQHandler  dma_irqhandler.o
    0x08000f64   0x000000b0   Code   RO          775    i.DMA1_Channel4_IRQHandler  dma_irqhandler.o
    0x08001014   0x000000c0   Code   RO          776    i.DMA1_Channel7_IRQHandler  dma_irqhandler.o
    0x080010d4   0x0000001c   Code   RO         1138    i.DMA_ClearITPendingBit  stm32f10x_dma.o
    0x080010f0   0x00000016   Code   RO         1139    i.DMA_Cmd           stm32f10x_dma.o
    0x08001106   0x00000002   PAD
    0x08001108   0x00000138   Code   RO          549    i.DMA_Configuration  dma_configuration.o
    0x08001240   0x0000014c   Code   RO         1140    i.DMA_DeInit        stm32f10x_dma.o
    0x0800138c   0x0000002c   Code   RO         1143    i.DMA_GetITStatus   stm32f10x_dma.o
    0x080013b8   0x00000012   Code   RO         1144    i.DMA_ITConfig      stm32f10x_dma.o
    0x080013ca   0x0000003c   Code   RO         1145    i.DMA_Init          stm32f10x_dma.o
    0x08001406   0x0000000a   Code   RO          925    i.EXTI0_IRQHandler  exti_irqhandler.o
    0x08001410   0x00000038   Code   RO          926    i.EXTI15_10_IRQHandler  exti_irqhandler.o
    0x08001448   0x00000024   Code   RO          927    i.EXTI1_IRQHandler  exti_irqhandler.o
    0x0800146c   0x00000024   Code   RO          928    i.EXTI2_IRQHandler  exti_irqhandler.o
    0x08001490   0x00000024   Code   RO          929    i.EXTI3_IRQHandler  exti_irqhandler.o
    0x080014b4   0x00000024   Code   RO          930    i.EXTI4_IRQHandler  exti_irqhandler.o
    0x080014d8   0x000000cc   Code   RO          931    i.EXTI9_5_IRQHandler  exti_irqhandler.o
    0x080015a4   0x0000000c   Code   RO         1835    i.EXTI_ClearITPendingBit  stm32f10x_exti.o
    0x080015b0   0x000000ac   Code   RO          653    i.EXTI_Configuration  exti_configuration.o
    0x0800165c   0x00000028   Code   RO         1839    i.EXTI_GetITStatus  stm32f10x_exti.o
    0x08001684   0x00000094   Code   RO         1840    i.EXTI_Init         stm32f10x_exti.o
    0x08001718   0x0000000c   Code   RO         1203    i.FLASH_ClearFlag   stm32f10x_flash.o
    0x08001724   0x00000050   Code   RO         1207    i.FLASH_ErasePage   stm32f10x_flash.o
    0x08001774   0x00000034   Code   RO         1211    i.FLASH_GetStatus   stm32f10x_flash.o
    0x080017a8   0x00000014   Code   RO         1216    i.FLASH_Lock        stm32f10x_flash.o
    0x080017bc   0x0000001c   Code   RO         1217    i.FLASH_PrefetchBufferCmd  stm32f10x_flash.o
    0x080017d8   0x00000074   Code   RO         1220    i.FLASH_ProgramWord  stm32f10x_flash.o
    0x0800184c   0x00000018   Code   RO         1222    i.FLASH_SetLatency  stm32f10x_flash.o
    0x08001864   0x00000018   Code   RO         1223    i.FLASH_Unlock      stm32f10x_flash.o
    0x0800187c   0x0000002a   Code   RO         1225    i.FLASH_WaitForLastOperation  stm32f10x_flash.o
    0x080018a6   0x00000006   Code   RO          321    i.FlashReadWord     parameter.o
    0x080018ac   0x00000078   Code   RO          322    i.FlashWritePage    parameter.o
    0x08001924   0x000000d0   Code   RO          561    i.GPIO_Configuration  gpio_configuration.o
    0x080019f4   0x00000040   Code   RO         1355    i.GPIO_EXTILineConfig  stm32f10x_gpio.o
    0x08001a34   0x00000116   Code   RO         1358    i.GPIO_Init         stm32f10x_gpio.o
    0x08001b4a   0x00000002   PAD
    0x08001b4c   0x00000070   Code   RO         1360    i.GPIO_PinRemapConfig  stm32f10x_gpio.o
    0x08001bbc   0x00000004   Code   RO         1365    i.GPIO_ResetBits    stm32f10x_gpio.o
    0x08001bc0   0x00000004   Code   RO         1366    i.GPIO_SetBits      stm32f10x_gpio.o
    0x08001bc4   0x00000002   Code   RO          168    i.GetPower          function.o
    0x08001bc6   0x0000002a   Code   RO          169    i.GetTemp           function.o
    0x08001bf0   0x00000098   Code   RO          734    i.I2C2_Init         i2c_configuration.o
    0x08001c88   0x00000174   Code   RO          735    i.I2C2_ReadBuffer   i2c_configuration.o
    0x08001dfc   0x000000d4   Code   RO          736    i.I2C2_WriteByte    i2c_configuration.o
    0x08001ed0   0x00000018   Code   RO         2803    i.I2C_AcknowledgeConfig  stm32f10x_i2c.o
    0x08001ee8   0x00000026   Code   RO         2805    i.I2C_CheckEvent    stm32f10x_i2c.o
    0x08001f0e   0x00000018   Code   RO         2808    i.I2C_Cmd           stm32f10x_i2c.o
    0x08001f26   0x00000018   Code   RO         2815    i.I2C_GenerateSTART  stm32f10x_i2c.o
    0x08001f3e   0x00000018   Code   RO         2816    i.I2C_GenerateSTOP  stm32f10x_i2c.o
    0x08001f56   0x0000003a   Code   RO         2817    i.I2C_GetFlagStatus  stm32f10x_i2c.o
    0x08001f90   0x000000ec   Code   RO         2822    i.I2C_Init          stm32f10x_i2c.o
    0x0800207c   0x00000008   Code   RO         2826    i.I2C_ReceiveData   stm32f10x_i2c.o
    0x08002084   0x00000012   Code   RO         2828    i.I2C_Send7bitAddress  stm32f10x_i2c.o
    0x08002096   0x00000004   Code   RO         2829    i.I2C_SendData      stm32f10x_i2c.o
    0x0800209a   0x00000002   PAD
    0x0800209c   0x00000084   Code   RO          986    i.InU2SendBuf       usart2_irqhandler.o
    0x08002120   0x0000004c   Code   RO            1    i.InitDevice        configuration.o
    0x0800216c   0x00000060   Code   RO         1038    i.Init_ITG3205      i2c1_imu.o
    0x080021cc   0x00000130   Code   RO          258    i.MotorData_Init    motor.o
    0x080022fc   0x00000108   Code   RO          259    i.Motor_Control     motor.o
    0x08002404   0x00000150   Code   RO          260    i.Motor_Init        motor.o
    0x08002554   0x00000104   Code   RO          579    i.NVIC_Configuration  nvic_configuration.o
    0x08002658   0x00000070   Code   RO         1101    i.NVIC_Init         misc.o
    0x080026c8   0x00000014   Code   RO         1102    i.NVIC_PriorityGroupConfig  misc.o
    0x080026dc   0x00000028   Code   RO          591    i.NVIC_SetPriority  systick_configuration.o
    0x08002704   0x00000014   Code   RO         1103    i.NVIC_SetVectorTable  misc.o
    0x08002718   0x000000a4   Code   RO          987    i.OutU2FrameBuf     usart2_irqhandler.o
    0x080027bc   0x00000018   Code   RO         1466    i.RCC_ADCCLKConfig  stm32f10x_rcc.o
    0x080027d4   0x00000020   Code   RO         1467    i.RCC_AHBPeriphClockCmd  stm32f10x_rcc.o
    0x080027f4   0x00000020   Code   RO         1468    i.RCC_APB1PeriphClockCmd  stm32f10x_rcc.o
    0x08002814   0x00000020   Code   RO         1469    i.RCC_APB1PeriphResetCmd  stm32f10x_rcc.o
    0x08002834   0x00000020   Code   RO         1470    i.RCC_APB2PeriphClockCmd  stm32f10x_rcc.o
    0x08002854   0x00000020   Code   RO         1471    i.RCC_APB2PeriphResetCmd  stm32f10x_rcc.o
    0x08002874   0x00000074   Code   RO          537    i.RCC_Configuration  rcc_configuration.o
    0x080028e8   0x0000004c   Code   RO         1477    i.RCC_DeInit        stm32f10x_rcc.o
    0x08002934   0x000000d4   Code   RO         1478    i.RCC_GetClocksFreq  stm32f10x_rcc.o
    0x08002a08   0x0000003c   Code   RO         1479    i.RCC_GetFlagStatus  stm32f10x_rcc.o
    0x08002a44   0x00000010   Code   RO         1481    i.RCC_GetSYSCLKSource  stm32f10x_rcc.o
    0x08002a54   0x00000018   Code   RO         1482    i.RCC_HCLKConfig    stm32f10x_rcc.o
    0x08002a6c   0x0000004c   Code   RO         1483    i.RCC_HSEConfig     stm32f10x_rcc.o
    0x08002ab8   0x00000018   Code   RO         1489    i.RCC_PCLK1Config   stm32f10x_rcc.o
    0x08002ad0   0x00000018   Code   RO         1490    i.RCC_PCLK2Config   stm32f10x_rcc.o
    0x08002ae8   0x0000000c   Code   RO         1491    i.RCC_PLLCmd        stm32f10x_rcc.o
    0x08002af4   0x0000001c   Code   RO         1492    i.RCC_PLLConfig     stm32f10x_rcc.o
    0x08002b10   0x00000018   Code   RO         1495    i.RCC_SYSCLKConfig  stm32f10x_rcc.o
    0x08002b28   0x00000038   Code   RO         1497    i.RCC_WaitForHSEStartUp  stm32f10x_rcc.o
    0x08002b60   0x00000060   Code   RO         1042    i.Read_ITG3205_Z    i2c1_imu.o
    0x08002bc0   0x000000ac   Code   RO          819    i.ReceiveBaseCommand  usart1_irqhandler.o
    0x08002c6c   0x0000008c   Code   RO          820    i.SendBatteryState  usart1_irqhandler.o
    0x08002cf8   0x0000008c   Code   RO          821    i.SendBreakerStatus  usart1_irqhandler.o
    0x08002d84   0x000000a0   Code   RO          823    i.SendEncodersAndGyro  usart1_irqhandler.o
    0x08002e24   0x0000009c   Code   RO          824    i.SendParam         usart1_irqhandler.o
    0x08002ec0   0x00000008   Code   RO         3156    i.SetSysClock       system_stm32f10x.o
    0x08002ec8   0x000000e4   Code   RO         3157    i.SetSysClockTo72   system_stm32f10x.o
    0x08002fac   0x00000028   Code   RO         1105    i.SysTick_CLKSourceConfig  misc.o
    0x08002fd4   0x0000009c   Code   RO          592    i.SysTick_Configuration  systick_configuration.o
    0x08003070   0x000000cc   Code   RO          804    i.SysTick_Handler   systick_handler.o
    0x0800313c   0x00000054   Code   RO         3158    i.SystemInit        system_stm32f10x.o
    0x08003190   0x00000038   Code   RO         2032    i.TI1_Config        stm32f10x_tim.o
    0x080031c8   0x00000050   Code   RO         2033    i.TI2_Config        stm32f10x_tim.o
    0x08003218   0x00000048   Code   RO         2034    i.TI3_Config        stm32f10x_tim.o
    0x08003260   0x00000050   Code   RO         2035    i.TI4_Config        stm32f10x_tim.o
    0x080032b0   0x000000b0   Code   RO          665    i.TIM1_Configuration  tim_configuration.o
    0x08003360   0x00000114   Code   RO          666    i.TIM2_Configuration  tim_configuration.o
    0x08003474   0x000000dc   Code   RO          667    i.TIM3_Configuration  tim_configuration.o
    0x08003550   0x000000e8   Code   RO          668    i.TIM4_Configuration  tim_configuration.o
    0x08003638   0x000002a4   Code   RO          973    i.TIM8_CC_IRQHandler  tim8_irqhandler.o
    0x080038dc   0x00000006   Code   RO         2042    i.TIM_ClearFlag     stm32f10x_tim.o
    0x080038e2   0x00000006   Code   RO         2043    i.TIM_ClearITPendingBit  stm32f10x_tim.o
    0x080038e8   0x00000018   Code   RO         2048    i.TIM_Cmd           stm32f10x_tim.o
    0x08003900   0x0000001e   Code   RO         2050    i.TIM_CtrlPWMOutputs  stm32f10x_tim.o
    0x0800391e   0x00000002   PAD
    0x08003920   0x000000e0   Code   RO         2053    i.TIM_DeInit        stm32f10x_tim.o
    0x08003a00   0x00000042   Code   RO         2057    i.TIM_EncoderInterfaceConfig  stm32f10x_tim.o
    0x08003a42   0x00000006   Code   RO         2063    i.TIM_GetCapture1   stm32f10x_tim.o
    0x08003a48   0x00000006   Code   RO         2064    i.TIM_GetCapture2   stm32f10x_tim.o
    0x08003a4e   0x00000006   Code   RO         2065    i.TIM_GetCapture3   stm32f10x_tim.o
    0x08003a54   0x00000008   Code   RO         2066    i.TIM_GetCapture4   stm32f10x_tim.o
    0x08003a5c   0x00000022   Code   RO         2069    i.TIM_GetITStatus   stm32f10x_tim.o
    0x08003a7e   0x0000006e   Code   RO         2071    i.TIM_ICInit        stm32f10x_tim.o
    0x08003aec   0x00000012   Code   RO         2072    i.TIM_ICStructInit  stm32f10x_tim.o
    0x08003afe   0x00000012   Code   RO         2073    i.TIM_ITConfig      stm32f10x_tim.o
    0x08003b10   0x00000098   Code   RO         2087    i.TIM_OC3Init       stm32f10x_tim.o
    0x08003ba8   0x00000074   Code   RO         2092    i.TIM_OC4Init       stm32f10x_tim.o
    0x08003c1c   0x00000012   Code   RO         2105    i.TIM_SelectOutputTrigger  stm32f10x_tim.o
    0x08003c2e   0x00000004   Code   RO         2113    i.TIM_SetCounter    stm32f10x_tim.o
    0x08003c32   0x00000012   Code   RO         2114    i.TIM_SetIC1Prescaler  stm32f10x_tim.o
    0x08003c44   0x0000001a   Code   RO         2115    i.TIM_SetIC2Prescaler  stm32f10x_tim.o
    0x08003c5e   0x00000012   Code   RO         2116    i.TIM_SetIC3Prescaler  stm32f10x_tim.o
    0x08003c70   0x0000001a   Code   RO         2117    i.TIM_SetIC4Prescaler  stm32f10x_tim.o
    0x08003c8a   0x00000002   PAD
    0x08003c8c   0x0000003c   Code   RO         2119    i.TIM_TimeBaseInit  stm32f10x_tim.o
    0x08003cc8   0x00000012   Code   RO         2120    i.TIM_TimeBaseStructInit  stm32f10x_tim.o
    0x08003cda   0x00000002   PAD
    0x08003cdc   0x0000002c   Code   RO          988    i.U2Printf          usart2_irqhandler.o
    0x08003d08   0x00000060   Code   RO          989    i.U2PrintfDMA       usart2_irqhandler.o
    0x08003d68   0x00000338   Code   RO          990    i.UART2_CAL         usart2_irqhandler.o
    0x080040a0   0x000000e0   Code   RO          611    i.USART1_Configuration  usart_configuration.o
    0x08004180   0x00000030   Code   RO          827    i.USART1_IRQHandler  usart1_irqhandler.o
    0x080041b0   0x000000dc   Code   RO          613    i.USART2_Configuration  usart_configuration.o
    0x0800428c   0x00000138   Code   RO          991    i.USART2_IRQHandler  usart2_irqhandler.o
    0x080043c4   0x00000024   Code   RO          614    i.USART2_SendData   usart_configuration.o
    0x080043e8   0x0000001e   Code   RO         1667    i.USART_ClearITPendingBit  stm32f10x_usart.o
    0x08004406   0x00000022   Code   RO         1668    i.USART_ClockInit   stm32f10x_usart.o
    0x08004428   0x00000018   Code   RO         1670    i.USART_Cmd         stm32f10x_usart.o
    0x08004440   0x00000012   Code   RO         1671    i.USART_DMACmd      stm32f10x_usart.o
    0x08004452   0x0000001a   Code   RO         1673    i.USART_GetFlagStatus  stm32f10x_usart.o
    0x0800446c   0x00000054   Code   RO         1674    i.USART_GetITStatus  stm32f10x_usart.o
    0x080044c0   0x0000004a   Code   RO         1676    i.USART_ITConfig    stm32f10x_usart.o
    0x0800450a   0x00000002   PAD
    0x0800450c   0x000000a0   Code   RO         1677    i.USART_Init        stm32f10x_usart.o
    0x080045ac   0x0000000a   Code   RO         1682    i.USART_ReceiveData  stm32f10x_usart.o
    0x080045b6   0x00000002   PAD
    0x080045b8   0x00000020   Code   RO         3442    i.__0printf         mc_w.l(printfa.o)
    0x080045d8   0x0000000e   Code   RO         3556    i.__scatterload_copy  mc_w.l(handlers.o)
    0x080045e6   0x00000002   Code   RO         3557    i.__scatterload_null  mc_w.l(handlers.o)
    0x080045e8   0x0000000e   Code   RO         3558    i.__scatterload_zeroinit  mc_w.l(handlers.o)
    0x080045f6   0x00000002   PAD
    0x080045f8   0x00000164   Code   RO         3449    i._fp_digits        mc_w.l(printfa.o)
    0x0800475c   0x000006dc   Code   RO         3450    i._printf_core      mc_w.l(printfa.o)
    0x08004e38   0x00000024   Code   RO         3451    i._printf_post_padding  mc_w.l(printfa.o)
    0x08004e5c   0x0000002e   Code   RO         3452    i._printf_pre_padding  mc_w.l(printfa.o)
    0x08004e8a   0x00000018   Code   RO          174    i.bytes4ToFloat     function.o
    0x08004ea2   0x00000002   PAD
    0x08004ea4   0x000003f4   Code   RO          829    i.calBaseCmd        usart1_irqhandler.o
    0x08005298   0x000000ae   Code   RO          261    i.calSpeed          motor.o
    0x08005346   0x00000002   PAD
    0x08005348   0x000000e4   Code   RO          473    i.computeCommand    pid.o
    0x0800542c   0x00000020   Code   RO          262    i.computeEncoderDelta  motor.o
    0x0800544c   0x00000084   Code   RO          263    i.computeVelocityPidOutput  motor.o
    0x080054d0   0x0000001a   Code   RO         1226    i.delay             stm32f10x_flash.o
    0x080054ea   0x00000002   PAD
    0x080054ec   0x00000028   Code   RO          179    i.fputc             function.o
    0x08005514   0x00000074   Code   RO          180    i.getTimeStamp      function.o
    0x08005588   0x00000028   Code   RO          830    i.inBaseBuf         usart1_irqhandler.o
    0x080055b0   0x0000001e   Code   RO          475    i.initPid           pid.o
    0x080055ce   0x00000002   PAD
    0x080055d0   0x00000134   Code   RO          143    i.main              main.o
    0x08005704   0x00000044   Code   RO          831    i.outBaseBuf        usart1_irqhandler.o
    0x08005748   0x000000f0   Code   RO          264    i.outputSpeed       motor.o
    0x08005838   0x00000028   Code   RO          324    i.paramFind         parameter.o
    0x08005860   0x0000003c   Code   RO          325    i.paramGetBytes4    parameter.o
    0x0800589c   0x00000024   Code   RO          328    i.paramReadFloatWithDefault  parameter.o
    0x080058c0   0x0000003c   Code   RO          331    i.paramSetBytes4    parameter.o
    0x080058fc   0x0000000e   Code   RO          333    i.paramValidIndex   parameter.o
    0x0800590a   0x00000002   PAD
    0x0800590c   0x00000028   Code   RO          335    i.paramWriteFloat   parameter.o
    0x08005934   0x00000074   Code   RO          338    i.paramsInfoPrint   parameter.o
    0x080059a8   0x00000090   Code   RO          339    i.paramsInit        parameter.o
    0x08005a38   0x00000048   Code   RO          340    i.paramsLoad        parameter.o
    0x08005a80   0x00000058   Code   RO          341    i.paramsReset       parameter.o
    0x08005ad8   0x00000068   Code   RO          342    i.paramsSave        parameter.o
    0x08005b40   0x0000004c   Code   RO          181    i.s16s8toFloat      function.o
    0x08005b8c   0x0000003c   Code   RO          562    i.setBreakerStatus  gpio_configuration.o
    0x08005bc8   0x00000020   Code   RO          265    i.setSpeed          motor.o
    0x08005be8   0x00000038   Data   RO          344    .constdata          parameter.o
    0x08005c20   0x00000014   Data   RO         3159    .constdata          system_stm32f10x.o
    0x08005c34   0x000000df   Data   RO          345    .conststring        parameter.o
    0x08005d13   0x00000001   PAD
    0x08005d14   0x00000020   Data   RO         3554    Region$$Table       anon$$obj.o


    Execution Region RW_IRAM1 (Base: 0x20000000, Size: 0x00002028, Max: 0x0000c000, ABSOLUTE)

    Base Addr    Size         Type   Attr      Idx    E Section Name        Object

    0x20000000   0x00000069   Data   RW          156    .data               var.o
    0x20000069   0x00000007   PAD
    0x20000070   0x00000014   Data   RW          268    .data               motor.o
    0x20000084   0x00000038   Data   RW          346    .data               parameter.o
    0x200000bc   0x00000001   Data   RW          992    .data               usart2_irqhandler.o
    0x200000bd   0x00000015   Data   RW         1044    .data               i2c1_imu.o
    0x200000d2   0x00000014   Data   RW         1498    .data               stm32f10x_rcc.o
    0x200000e6   0x00000002   PAD
    0x200000e8   0x00000004   Data   RW         3519    .data               mc_w.l(stdout.o)
    0x200000ec   0x0000115c   Zero   RW          155    .bss                var.o
    0x20001248   0x000000dc   Zero   RW          266    .bss                motor.o
    0x20001324   0x00000870   Zero   RW          343    .bss                parameter.o
    0x20001b94   0x00000030   Zero   RW          777    .bss                dma_irqhandler.o
    0x20001bc4   0x00000004   PAD
    0x20001bc8   0x00000060   Zero   RW         1043    .bss                i2c1_imu.o
    0x20001c28   0x00000400   Zero   RW         3138    STACK               startup_stm32f10x_hd.o


==============================================================================

Image component sizes


      Code (inc. data)   RO Data    RW Data    ZI Data      Debug   Object Name

       476         48          0          0          0       1728   adc_configuration.o
        76          0          0          0          0     284467   configuration.o
       312         62          0          0          0        696   dma_configuration.o
       764        110          0          0         48       2296   dma_irqhandler.o
       172         42          0          0          0        605   exti_configuration.o
       414        162          0          0          0       3415   exti_irqhandler.o
       300         28          0          0          0       3259   function.o
       268         58          0          0          0       1144   gpio_configuration.o
       192         52          0         21         96       2690   i2c1_imu.o
       736         68          0          0          0       2615   i2c_configuration.o
       308        130          0          0          0        551   main.o
       192         30          0          0          0       2611   misc.o
      1514        278          0         20        220       6810   motor.o
       260         32          0          0          0        661   nvic_configuration.o
       900        258        279         56       2160       8450   parameter.o
       258         10          0          0          0       1599   pid.o
       116          0          0          0          0        572   rcc_configuration.o
        48         12        304          0       1024        884   startup_stm32f10x_hd.o
       518         30          0          0          0       8464   stm32f10x_adc.o
       504         28          0          0          0       4615   stm32f10x_dma.o
       200         18          0          0          0       2116   stm32f10x_exti.o
       424         50          0          0          0       6868   stm32f10x_flash.o
       462         10          0          0          0       4388   stm32f10x_gpio.o
       458         14          0          0          0       7684   stm32f10x_i2c.o
       816        116          0         20          0      12735   stm32f10x_rcc.o
      1306         56          0          0          0      19741   stm32f10x_tim.o
       460          4          0          0          0       7335   stm32f10x_usart.o
       320         22         20          0          0       2229   system_stm32f10x.o
       196         50          0          0          0       5740   systick_configuration.o
       204         34          0          0          0        538   systick_handler.o
       676         34          0          0          0        893   tim8_irqhandler.o
       904        166          0          0          0       2744   tim_configuration.o
      1936        314          0          0          0       6368   usart1_irqhandler.o
      1572        314          0          1          0       3999   usart2_irqhandler.o
       480         90          0          0          0       1912   usart_configuration.o
         0          0          0        105       4444       3570   var.o

    ----------------------------------------------------------------------
     18774       2730        636        232       7996     426992   Object Totals
         0          0         32          0          0          0   (incl. Generated)
        32          0          1          9          4          0   (incl. Padding)

    ----------------------------------------------------------------------

      Code (inc. data)   RO Data    RW Data    ZI Data      Debug   Library Member Name

         0          0          0          0          0          0   entry.o
         0          0          0          0          0          0   entry10a.o
         0          0          0          0          0          0   entry11a.o
         8          4          0          0          0          0   entry2.o
         4          0          0          0          0          0   entry5.o
         0          0          0          0          0          0   entry7b.o
         0          0          0          0          0          0   entry8b.o
         8          4          0          0          0          0   entry9a.o
        30          0          0          0          0          0   handlers.o
        36          8          0          0          0         68   init.o
         0          0          0          0          0          0   iusefp.o
        30          0          0          0          0         68   llshl.o
        36          0          0          0          0         68   llsshr.o
        32          0          0          0          0         68   llushr.o
        36          0          0          0          0         68   memcpya.o
      2226         90          0          0          0        444   printfa.o
         0          0          0          4          0          0   stdout.o
        28          0          0          0          0         76   strcmp.o
        44          0          0          0          0         80   uidiv.o
        98          0          0          0          0         92   uldiv.o
        40          2          0          0          0         68   cdcmple.o
        40          2          0          0          0         68   cdrcmple.o
        20          0          0          0          0         68   cfcmple.o
        20          0          0          0          0         68   cfrcmple.o
        56          0          0          0          0         88   d2f.o
       334          0          0          0          0        148   dadd.o
       222          0          0          0          0        100   ddiv.o
       182          0          0          0          0        176   depilogue.o
        48          0          0          0          0         68   dfixul.o
        26          0          0          0          0         76   dfltui.o
       228          0          0          0          0         96   dmul.o
        38          0          0          0          0         68   f2d.o
       176          0          0          0          0        140   fadd.o
       124          0          0          0          0         88   fdiv.o
       110          0          0          0          0        168   fepilogue.o
        50          0          0          0          0         68   ffixi.o
        18          0          0          0          0         68   fflti.o
       100          0          0          0          0         76   fmul.o

    ----------------------------------------------------------------------
      4450        110          0          4          0       2732   Library Totals
         2          0          0          0          0          0   (incl. Padding)

    ----------------------------------------------------------------------

      Code (inc. data)   RO Data    RW Data    ZI Data      Debug   Library Name

      2616        106          0          4          0       1032   mc_w.l
      1832          4          0          0          0       1700   mf_w.l

    ----------------------------------------------------------------------
      4450        110          0          4          0       2732   Library Totals

    ----------------------------------------------------------------------

==============================================================================


      Code (inc. data)   RO Data    RW Data    ZI Data      Debug   

     23224       2840        636        236       7996     418748   Grand Totals
     23224       2840        636        236       7996     418748   ELF Image Totals
     23224       2840        636        236          0          0   ROM Totals

==============================================================================

    Total RO  Size (Code + RO Data)                23860 (  23.30kB)
    Total RW  Size (RW Data + ZI Data)              8232 (   8.04kB)
    Total ROM Size (Code + RO Data + RW Data)      24096 (  23.53kB)

==============================================================================

