Product: MDK-ARM Professional 5.10
Component: ARM Compiler 5.04 update 1 (build 49)
Tool: armlink [5040049]

==============================================================================

Section Cross References

    configuration.o(i.InitDevice) refers to system_stm32f10x.o(i.SystemInit) for SystemInit
    configuration.o(i.InitDevice) refers to rcc_configuration.o(i.RCC_Configuration) for RCC_Configuration
    configuration.o(i.InitDevice) refers to usart_configuration.o(i.USART2_Configuration) for USART2_Configuration
    configuration.o(i.InitDevice) refers to parameter.o(i.paramsInit) for paramsInit
    configuration.o(i.InitDevice) refers to usart_configuration.o(i.USART1_Configuration) for USART1_Configuration
    configuration.o(i.InitDevice) refers to gpio_configuration.o(i.GPIO_Configuration) for GPIO_Configuration
    configuration.o(i.InitDevice) refers to dma_configuration.o(i.DMA_Configuration) for DMA_Configuration
    configuration.o(i.InitDevice) refers to exti_configuration.o(i.EXTI_Configuration) for EXTI_Configuration
    configuration.o(i.InitDevice) refers to adc_configuration.o(i.ADC_Configuration) for ADC_Configuration
    configuration.o(i.InitDevice) refers to tim_configuration.o(i.TIM1_Configuration) for TIM1_Configuration
    configuration.o(i.InitDevice) refers to tim_configuration.o(i.TIM2_Configuration) for TIM2_Configuration
    configuration.o(i.InitDevice) refers to tim_configuration.o(i.TIM4_Configuration) for TIM4_Configuration
    configuration.o(i.InitDevice) refers to tim_configuration.o(i.TIM3_Configuration) for TIM3_Configuration
    configuration.o(i.InitDevice) refers to spi_configuration.o(i.SPI2_Configuration) for SPI2_Configuration
    configuration.o(i.InitDevice) refers to mpu6000.o(i.MPU6000_Init) for MPU6000_Init
    configuration.o(i.InitDevice) refers to motor.o(i.Motor_Init) for Motor_Init
    configuration.o(i.InitDevice) refers to systick_configuration.o(i.SysTick_Configuration) for SysTick_Configuration
    configuration.o(i.InitDevice) refers to nvic_configuration.o(i.NVIC_Configuration) for NVIC_Configuration
    main.o(i.main) refers to configuration.o(i.InitDevice) for InitDevice
    main.o(i.main) refers to printfa.o(i.__0printf) for __2printf
    main.o(i.main) refers to usart2_irqhandler.o(i.U2Printf) for U2Printf
    main.o(i.main) refers to motor.o(i.Motor_Control) for Motor_Control
    main.o(i.main) refers to function.o(i.GetTemp) for GetTemp
    main.o(i.main) refers to function.o(i.GetPower) for GetPower
    main.o(i.main) refers to usart1_irqhandler.o(i.SendBatteryState) for SendBatteryState
    main.o(i.main) refers to usart1_irqhandler.o(i.SendBreakerStatus) for SendBreakerStatus
    main.o(i.main) refers to usart1_irqhandler.o(i.outBaseBuf) for outBaseBuf
    main.o(i.main) refers to usart1_irqhandler.o(i.ReceiveBaseCommand) for ReceiveBaseCommand
    main.o(i.main) refers to usart2_irqhandler.o(i.UART2_CAL) for UART2_CAL
    main.o(i.main) refers to usart2_irqhandler.o(i.OutU2FrameBuf) for OutU2FrameBuf
    main.o(i.main) refers to mpu6000.o(.data) for is_imu_update
    main.o(i.main) refers to var.o(.data) for ADC1_2_OK
    main.o(i.main) refers to var.o(.bss) for ADC_ConvertedValue
    function.o(i.delayms2) refers to var.o(.data) for TimingDelay
    function.o(i.fputc) refers to var.o(.data) for PrintfCn
    function.o(i.fputc) refers to var.o(.bss) for PrintfBuf
    function.o(i.s16s8toFloat) refers to fflti.o(.text) for __aeabi_i2f
    function.o(i.s16s8toFloat) refers to f2d.o(.text) for __aeabi_f2d
    function.o(i.s16s8toFloat) refers to ddiv.o(.text) for __aeabi_ddiv
    function.o(i.s16s8toFloat) refers to d2f.o(.text) for __aeabi_d2f
    motor.o(i.MotorData_Init) refers to pid.o(i.initPid) for initPid
    motor.o(i.MotorData_Init) refers to motor.o(.bss) for VelocityBuff
    motor.o(i.Motor_Control) refers to systick_configuration.o(i.getTimeStamp) for getTimeStamp
    motor.o(i.Motor_Control) refers to usart1_irqhandler.o(i.SendEncodersAndGyro) for SendEncodersAndGyro
    motor.o(i.Motor_Control) refers to systick_configuration.o(i.deltaTimeStampFloat) for deltaTimeStampFloat
    motor.o(i.Motor_Control) refers to f2d.o(.text) for __aeabi_f2d
    motor.o(i.Motor_Control) refers to systick_configuration.o(i.deltaTimeStampDouble) for deltaTimeStampDouble
    motor.o(i.Motor_Control) refers to cdrcmple.o(.text) for __aeabi_cdrcmple
    motor.o(i.Motor_Control) refers to motor.o(i.calVelocity) for calVelocity
    motor.o(i.Motor_Control) refers to motor.o(i.computeVelocityPidOutput) for computeVelocityPidOutput
    motor.o(i.Motor_Control) refers to motor.o(i.setSpeed) for setSpeed
    motor.o(i.Motor_Control) refers to motor.o(i.outputSpeed) for outputSpeed
    motor.o(i.Motor_Control) refers to motor.o(.bss) for VelocityPid
    motor.o(i.Motor_Control) refers to mpu6000.o(.bss) for gyro_raw
    motor.o(i.Motor_Control) refers to motor.o(.data) for stamp_last
[...]
    i.USART1_IRQHandler                      0x0800440c   Section        0  usart1_irqhandler.o(i.USART1_IRQHandler)
    i.USART2_Configuration                   0x0800443c   Section        0  usart_configuration.o(i.USART2_Configuration)
    i.USART2_IRQHandler                      0x08004518   Section        0  usart2_irqhandler.o(i.USART2_IRQHandler)
    i.USART2_SendData                        0x08004650   Section        0  usart_configuration.o(i.USART2_SendData)
    i.USART_ClearITPendingBit                0x08004674   Section        0  stm32f10x_usart.o(i.USART_ClearITPendingBit)
    i.USART_ClockInit                        0x08004692   Section        0  stm32f10x_usart.o(i.USART_ClockInit)
    i.USART_Cmd                              0x080046b4   Section        0  stm32f10x_usart.o(i.USART_Cmd)
    i.USART_DMACmd                           0x080046cc   Section        0  stm32f10x_usart.o(i.USART_DMACmd)
    i.USART_GetFlagStatus                    0x080046de   Section        0  stm32f10x_usart.o(i.USART_GetFlagStatus)
    i.USART_GetITStatus                      0x080046f8   Section        0  stm32f10x_usart.o(i.USART_GetITStatus)
    i.USART_ITConfig                         0x0800474c   Section        0  stm32f10x_usart.o(i.USART_ITConfig)
    i.USART_Init                             0x08004798   Section        0  stm32f10x_usart.o(i.USART_Init)
    i.USART_ReceiveData                      0x08004838   Section        0  stm32f10x_usart.o(i.USART_ReceiveData)
    i.__0printf                              0x08004844   Section        0  printfa.o(i.__0printf)
    i.__ARM_fpclassifyf                      0x08004864   Section        0  fpclassifyf.o(i.__ARM_fpclassifyf)
    i.__mathlib_flt_underflow                0x0800488a   Section        0  funder.o(i.__mathlib_flt_underflow)
    i.__mathlib_rredf2                       0x08004894   Section        0  rredf.o(i.__mathlib_rredf2)
    i.__scatterload_copy                     0x080049ec   Section       14  handlers.o(i.__scatterload_copy)
    i.__scatterload_null                     0x080049fa   Section        2  handlers.o(i.__scatterload_null)
    i.__scatterload_zeroinit                 0x080049fc   Section       14  handlers.o(i.__scatterload_zeroinit)
    i.__set_errno                            0x08004a0c   Section        0  errno.o(i.__set_errno)
    i._fp_digits                             0x08004a18   Section        0  printfa.o(i._fp_digits)
    _fp_digits                               0x08004a19   Thumb Code   334  printfa.o(i._fp_digits)
    i._printf_core                           0x08004b7c   Section        0  printfa.o(i._printf_core)
    _printf_core                             0x08004b7d   Thumb Code  1744  printfa.o(i._printf_core)
    i._printf_post_padding                   0x08005258   Section        0  printfa.o(i._printf_post_padding)
    _printf_post_padding                     0x08005259   Thumb Code    36  printfa.o(i._printf_post_padding)
    i._printf_pre_padding                    0x0800527c   Section        0  printfa.o(i._printf_pre_padding)
    _printf_pre_padding                      0x0800527d   Thumb Code    46  printfa.o(i._printf_pre_padding)
    i.bytes4ToFloat                          0x080052aa   Section        0  function.o(i.bytes4ToFloat)
    i.calBaseCmd                             0x080052c4   Section        0  usart1_irqhandler.o(i.calBaseCmd)
    i.calVelocity                            0x08005730   Section        0  motor.o(i.calVelocity)
    i.computeCommand                         0x08005850   Section        0  pid.o(i.computeCommand)
    i.computeEncoderDelta                    0x08005934   Section        0  motor.o(i.computeEncoderDelta)
    i.computeVelocityPidOutput               0x08005954   Section        0  motor.o(i.computeVelocityPidOutput)
    i.cosf                                   0x080059d8   Section        0  cosf.o(i.cosf)
    i.delay                                  0x08005b5c   Section        0  stm32f10x_flash.o(i.delay)
    delay                                    0x08005b5d   Thumb Code    26  stm32f10x_flash.o(i.delay)
    i.delayms                                0x08005b76   Section        0  function.o(i.delayms)
    i.deltaTimeStampDouble                   0x08005b98   Section        0  systick_configuration.o(i.deltaTimeStampDouble)
    i.deltaTimeStampFloat                    0x08005bf8   Section        0  systick_configuration.o(i.deltaTimeStampFloat)
    i.fputc                                  0x08005c70   Section        0  function.o(i.fputc)
    i.getTimeStamp                           0x08005c98   Section        0  systick_configuration.o(i.getTimeStamp)
    i.inBaseBuf                              0x08005cc8   Section        0  usart1_irqhandler.o(i.inBaseBuf)
    i.initPid                                0x08005cf0   Section        0  pid.o(i.initPid)
    i.main                                   0x08005d10   Section        0  main.o(i.main)
    i.outBaseBuf                             0x08005e44   Section        0  usart1_irqhandler.o(i.outBaseBuf)
    i.outputSpeed                            0x08005e88   Section        0  motor.o(i.outputSpeed)
    i.paramFind                              0x08005fe8   Section        0  parameter.o(i.paramFind)
    i.paramGetBytes4                         0x08006010   Section        0  parameter.o(i.paramGetBytes4)
    i.paramReadFloatWithDefault              0x0800604c   Section        0  parameter.o(i.paramReadFloatWithDefault)
    i.paramSetBytes4                         0x08006070   Section        0  parameter.o(i.paramSetBytes4)
    i.paramValidIndex                        0x080060ac   Section        0  parameter.o(i.paramValidIndex)
    i.paramWriteFloat                        0x080060bc   Section        0  parameter.o(i.paramWriteFloat)
    i.paramsInfoPrint                        0x080060e4   Section        0  parameter.o(i.paramsInfoPrint)
    i.paramsInit                             0x08006158   Section        0  parameter.o(i.paramsInit)
    i.paramsLoad                             0x080061e8   Section        0  parameter.o(i.paramsLoad)
    i.paramsRefresh                          0x08006230   Section        0  parameter.o(i.paramsRefresh)
    i.paramsReset                            0x08006478   Section        0  parameter.o(i.paramsReset)
    i.paramsSave                             0x080064d0   Section        0  parameter.o(i.paramsSave)
    i.s16s8toFloat                           0x08006538   Section        0  function.o(i.s16s8toFloat)
    i.setBreakerStatus                       0x08006584   Section        0  gpio_configuration.o(i.setBreakerStatus)
    i.setSpeed                               0x080065c0   Section        0  motor.o(i.setSpeed)
    i.tanf                                   0x080065e0   Section        0  tanf.o(i.tanf)
    .constdata                               0x08006758   Section       72  parameter.o(.constdata)
    .constdata                               0x080067a0   Section       20  system_stm32f10x.o(.constdata)
    .constdata                               0x080067b4   Section       32  rredf.o(.constdata)
    twooverpi                                0x080067b4   Data          32  rredf.o(.constdata)
    .conststring                             0x080067d4   Section      311  parameter.o(.conststring)
    .data                                    0x20000000   Section      113  var.o(.data)
    .data                                    0x20000074   Section       16  motor.o(.data)
    stamp_last                               0x20000078   Data           8  motor.o(.data)
    pwm_left                                 0x20000080   Data           2  motor.o(.data)
    pwm_right                                0x20000082   Data           2  motor.o(.data)
    .data                                    0x20000084   Section       72  parameter.o(.data)
    .data                                    0x200000cc   Section        1  usart2_irqhandler.o(.data)
    FLen                                     0x200000cc   Data           1  usart2_irqhandler.o(.data)
    .data                                    0x200000ce   Section        8  mpu6000.o(.data)
    .data                                    0x200000d6   Section       20  stm32f10x_rcc.o(.data)
    APBAHBPrescTable                         0x200000d6   Data          16  stm32f10x_rcc.o(.data)
    ADCPrescTable                            0x200000e6   Data           4  stm32f10x_rcc.o(.data)
    .data                                    0x200000ec   Section        4  stdout.o(.data)
    .data                                    0x200000f0   Section        4  errno.o(.data)
    _errno                                   0x200000f0   Data           4  errno.o(.data)
    .bss                                     0x200000f4   Section     4444  var.o(.bss)
    .bss                                     0x20001250   Section      272  motor.o(.bss)
    .bss                                     0x20001360   Section     2192  parameter.o(.bss)
    .bss                                     0x20001bf0   Section       48  dma_irqhandler.o(.bss)
    ADC1_2_ConvertedResultTemp               0x20001bf0   Data          48  dma_irqhandler.o(.bss)
    .bss                                     0x20001c20   Section      656  mpu6000.o(.bss)
    STACK                                    0x20001eb0   Section     1024  startup_stm32f10x_hd.o(STACK)

    Global Symbols

    Symbol Name                              Value     Ov Type        Size  Object(Section)

    BuildAttributes$$THM_ISAv4$P$D$K$B$S$PE$A:L22UL41UL21$X:L11$S22US41US21$IEEE1$IW$USESV6$~STKCKD$USESV7$~SHL$OTIME$ROPI$IEEEX$EBA8$MICROLIB$REQ8$PRES8$EABIv2 0x00000000   Number         0  anon$$obj.o ABSOLUTE
    __ARM_use_no_argv                        0x00000000   Number         0  main.o ABSOLUTE
    _printf_a                                0x00000000   Number         0  stubs.o ABSOLUTE
    _printf_c                                0x00000000   Number         0  stubs.o ABSOLUTE
    _printf_charcount                        0x00000000   Number         0  stubs.o ABSOLUTE
    _printf_d                                0x00000000   Number         0  stubs.o ABSOLUTE
    _printf_e                                0x00000000   Number         0  stubs.o ABSOLUTE
    _printf_f                                0x00000000   Number         0  stubs.o ABSOLUTE
    _printf_flags                            0x00000000   Number         0  stubs.o ABSOLUTE
    _printf_fp_dec                           0x00000000   Number         0  stubs.o ABSOLUTE
    _printf_fp_hex                           0x00000000   Number         0  stubs.o ABSOLUTE
    _printf_g                                0x00000000   Number         0  stubs.o ABSOLUTE
    _printf_i                                0x00000000   Number         0  stubs.o ABSOLUTE
    _printf_int_dec                          0x00000000   Number         0  stubs.o ABSOLUTE
    _printf_l                                0x00000000   Number         0  stubs.o ABSOLUTE
    _printf_lc                               0x00000000   Number         0  stubs.o ABSOLUTE
    _printf_ll                               0x00000000   Number         0  stubs.o ABSOLUTE
    _printf_lld                              0x00000000   Number         0  stubs.o ABSOLUTE
    _printf_lli                              0x00000000   Number         0  stubs.o ABSOLUTE
    _printf_llo                              0x00000000   Number         0  stubs.o ABSOLUTE
    _printf_llu                              0x00000000   Number         0  stubs.o ABSOLUTE
    _printf_llx                              0x00000000   Number         0  stubs.o ABSOLUTE
    _printf_longlong_dec                     0x00000000   Number         0  stubs.o ABSOLUTE
    _printf_longlong_hex                     0x00000000   Number         0  stubs.o ABSOLUTE
    _printf_longlong_oct                     0x00000000   Number         0  stubs.o ABSOLUTE
    _printf_ls                               0x00000000   Number         0  stubs.o ABSOLUTE
    _printf_mbtowc                           0x00000000   Number         0  stubs.o ABSOLUTE
    _printf_n                                0x00000000   Number         0  stubs.o ABSOLUTE
    _printf_o                                0x00000000   Number         0  stubs.o ABSOLUTE
    _printf_p                                0x00000000   Number         0  stubs.o ABSOLUTE
    _printf_percent                          0x00000000   Number         0  stubs.o ABSOLUTE
    _printf_pre_padding                      0x00000000   Number         0  stubs.o ABSOLUTE
    _printf_return_value                     0x00000000   Number         0  stubs.o ABSOLUTE
    _printf_s                                0x00000000   Number         0  stubs.o ABSOLUTE
    _printf_sizespec                         0x00000000   Number         0  stubs.o ABSOLUTE
    _printf_str                              0x00000000   Number         0  stubs.o ABSOLUTE
    _printf_truncate_signed                  0x00000000   Number         0  stubs.o ABSOLUTE
    _printf_truncate_unsigned                0x00000000   Number         0  stubs.o ABSOLUTE
    _printf_u                                0x00000000   Number         0  stubs.o ABSOLUTE
    _printf_wc                               0x00000000   Number         0  stubs.o ABSOLUTE
    _printf_wctomb                           0x00000000   Number         0  stubs.o ABSOLUTE
    _printf_widthprec                        0x00000000   Number         0  stubs.o ABSOLUTE
    _printf_x                                0x00000000   Number         0  stubs.o ABSOLUTE
    __cpp_initialize__aeabi_                  - Undefined Weak Reference
    __cxa_finalize                            - Undefined Weak Reference
    __decompress                              - Undefined Weak Reference
    _clock_init                               - Undefined Weak Reference
    _microlib_exit                            - Undefined Weak Reference
    __Vectors_Size                           0x00000130   Number         0  startup_stm32f10x_hd.o ABSOLUTE
    __Vectors                                0x08000000   Data           4  startup_stm32f10x_hd.o(RESET)
    __Vectors_End                            0x08000130   Data           0  startup_stm32f10x_hd.o(RESET)
    __main                                   0x08000131   Thumb Code     0  entry.o(.ARM.Collect$$$$00000000)
    _main_stk                                0x08000131   Thumb Code     0  entry2.o(.ARM.Collect$$$$00000001)
    _main_scatterload                        0x08000135   Thumb Code     0  entry5.o(.ARM.Collect$$$$00000004)
    __main_after_scatterload                 0x08000139   Thumb Code     0  entry5.o(.ARM.Collect$$$$00000004)
    _main_clock                              0x08000139   Thumb Code     0  entry7b.o(.ARM.Collect$$$$00000008)
    _main_cpp_init                           0x08000139   Thumb Code     0  entry8b.o(.ARM.Collect$$$$0000000A)
    _main_init                               0x08000139   Thumb Code     0  entry9a.o(.ARM.Collect$$$$0000000B)
    __rt_final_cpp                           0x08000141   Thumb Code     0  entry10a.o(.ARM.Collect$$$$0000000D)
    __rt_final_exit                          0x08000141   Thumb Code     0  entry11a.o(.ARM.Collect$$$$0000000F)
    SystemInit_ExtMemCtl                     0x08000145   Thumb Code     2  startup_stm32f10x_hd.o(.text)
    Reset_Handler                            0x08000147   Thumb Code    14  startup_stm32f10x_hd.o(.text)
    NMI_Handler                              0x08000155   Thumb Code     2  startup_stm32f10x_hd.o(.text)
    HardFault_Handler                        0x08000157   Thumb Code     2  startup_stm32f10x_hd.o(.text)
    MemManage_Handler                        0x08000159   Thumb Code     2  startup_stm32f10x_hd.o(.text)
    BusFault_Handler                         0x0800015b   Thumb Code     2  startup_stm32f10x_hd.o(.text)
    UsageFault_Handler                       0x0800015d   Thumb Code     2  startup_stm32f10x_hd.o(.text)
    SVC_Handler                              0x0800015f   Thumb Code     2  startup_stm32f10x_hd.o(.text)
    DebugMon_Handler                         0x08000161   Thumb Code     2  startup_stm32f10x_hd.o(.text)
    PendSV_Handler                           0x08000163   Thumb Code     2  startup_stm32f10x_hd.o(.text)
    ADC1_2_IRQHandler                        0x08000167   Thumb Code     0  startup_stm32f10x_hd.o(.text)
    ADC3_IRQHandler                          0x08000167   Thumb Code     0  startup_stm32f10x_hd.o(.text)
    CAN1_RX1_IRQHandler                      0x08000167   Thumb Code     0  startup_stm32f10x_hd.o(.text)
    CAN1_SCE_IRQHandler                      0x08000167   Thumb Code     0  startup_stm32f10x_hd.o(.text)
    DMA1_Channel3_IRQHandler                 0x08000167   Thumb Code     0  startup_stm32f10x_hd.o(.text)
    DMA1_Channel5_IRQHandler                 0x08000167   Thumb Code     0  startup_stm32f10x_hd.o(.text)
    DMA1_Channel6_IRQHandler                 0x08000167   Thumb Code     0  startup_stm32f10x_hd.o(.text)
    DMA2_Channel1_IRQHandler                 0x08000167   Thumb Code     0  startup_stm32f10x_hd.o(.text)
    DMA2_Channel2_IRQHandler                 0x08000167   Thumb Code     0  startup_stm32f10x_hd.o(.text)
    DMA2_Channel3_IRQHandler                 0x08000167   Thumb Code     0  startup_stm32f10x_hd.o(.text)
    DMA2_Channel4_5_IRQHandler               0x08000167   Thumb Code     0  startup_stm32f10x_hd.o(.text)
    FLASH_IRQHandler                         0x08000167   Thumb Code     0  startup_stm32f10x_hd.o(.text)
    FSMC_IRQHandler                          0x08000167   Thumb Code     0  startup_stm32f10x_hd.o(.text)
    I2C1_ER_IRQHandler                       0x08000167   Thumb Code     0  startup_stm32f10x_hd.o(.text)
    I2C1_EV_IRQHandler                       0x08000167   Thumb Code     0  startup_stm32f10x_hd.o(.text)
    I2C2_ER_IRQHandler                       0x08000167   Thumb Code     0  startup_stm32f10x_hd.o(.text)
    I2C2_EV_IRQHandler                       0x08000167   Thumb Code     0  startup_stm32f10x_hd.o(.text)
    PVD_IRQHandler                           0x08000167   Thumb Code     0  startup_stm32f10x_hd.o(.text)
    RCC_IRQHandler                           0x08000167   Thumb Code     0  startup_stm32f10x_hd.o(.text)
    RTCAlarm_IRQHandler                      0x08000167   Thumb Code     0  startup_stm32f10x_hd.o(.text)
    RTC_IRQHandler                           0x08000167   Thumb Code     0  startup_stm32f10x_hd.o(.text)
    SDIO_IRQHandler                          0x08000167   Thumb Code     0  startup_stm32f10x_hd.o(.text)
    SPI1_IRQHandler                          0x08000167   Thumb Code     0  startup_stm32f10x_hd.o(.text)
    SPI2_IRQHandler                          0x08000167   Thumb Code     0  startup_stm32f10x_hd.o(.text)
    SPI3_IRQHandler                          0x08000167   Thumb Code     0  startup_stm32f10x_hd.o(.text)
    TAMPER_IRQHandler                        0x08000167   Thumb Code     0  startup_stm32f10x_hd.o(.text)
    TIM1_BRK_IRQHandler                      0x08000167   Thumb Code     0  startup_stm32f10x_hd.o(.text)
    TIM1_CC_IRQHandler                       0x08000167   Thumb Code     0  startup_stm32f10x_hd.o(.text)
    TIM1_TRG_COM_IRQHandler                  0x08000167   Thumb Code     0  startup_stm32f10x_hd.o(.text)
    TIM1_UP_IRQHandler                       0x08000167   Thumb Code     0  startup_stm32f10x_hd.o(.text)
    TIM2_IRQHandler                          0x08000167   Thumb Code     0  startup_stm32f10x_hd.o(.text)
    TIM3_IRQHandler                          0x08000167   Thumb Code     0  startup_stm32f10x_hd.o(.text)
    TIM4_IRQHandler                          0x08000167   Thumb Code     0  startup_stm32f10x_hd.o(.text)
    TIM5_IRQHandler                          0x08000167   Thumb Code     0  startup_stm32f10x_hd.o(.text)
    TIM6_IRQHandler                          0x08000167   Thumb Code     0  startup_stm32f10x_hd.o(.text)
    TIM7_IRQHandler                          0x08000167   Thumb Code     0  startup_stm32f10x_hd.o(.text)
    TIM8_BRK_IRQHandler                      0x08000167   Thumb Code     0  startup_stm32f10x_hd.o(.text)
    TIM8_TRG_COM_IRQHandler                  0x08000167   Thumb Code     0  startup_stm32f10x_hd.o(.text)
    TIM8_UP_IRQHandler                       0x08000167   Thumb Code     0  startup_stm32f10x_hd.o(.text)
    UART4_IRQHandler                         0x08000167   Thumb Code     0  startup_stm32f10x_hd.o(.text)
    UART5_IRQHandler                         0x08000167   Thumb Code     0  startup_stm32f10x_hd.o(.text)
    USART3_IRQHandler                        0x08000167   Thumb Code     0  startup_stm32f10x_hd.o(.text)
    USBWakeUp_IRQHandler                     0x08000167   Thumb Code     0  startup_stm32f10x_hd.o(.text)
    USB_HP_CAN1_TX_IRQHandler                0x08000167   Thumb Code     0  startup_stm32f10x_hd.o(.text)
    USB_LP_CAN1_RX0_IRQHandler               0x08000167   Thumb Code     0  startup_stm32f10x_hd.o(.text)
    WWDG_IRQHandler                          0x08000167   Thumb Code     0  startup_stm32f10x_hd.o(.text)
    __aeabi_memcpy                           0x08000175   Thumb Code    36  memcpya.o(.text)
    __aeabi_memcpy4                          0x08000175   Thumb Code     0  memcpya.o(.text)
    __aeabi_memcpy8                          0x08000175   Thumb Code     0  memcpya.o(.text)
    strcmp                                   0x08000199   Thumb Code    28  strcmp.o(.text)
    __aeabi_fadd                             0x080001b5   Thumb Code   164  fadd.o(.text)
    __aeabi_fsub                             0x08000259   Thumb Code     6  fadd.o(.text)
    __aeabi_frsub                            0x0800025f   Thumb Code     6  fadd.o(.text)
    __aeabi_fmul                             0x08000265   Thumb Code   100  fmul.o(.text)
    __aeabi_fdiv                             0x080002c9   Thumb Code   124  fdiv.o(.text)
    __aeabi_dadd                             0x08000345   Thumb Code   322  dadd.o(.text)
    __aeabi_dsub                             0x08000487   Thumb Code     6  dadd.o(.text)
    __aeabi_drsub                            0x0800048d   Thumb Code     6  dadd.o(.text)
    __aeabi_ddiv                             0x08000493   Thumb Code   222  ddiv.o(.text)
    __aeabi_i2f                              0x08000571   Thumb Code    18  fflti.o(.text)
    __aeabi_ui2d                             0x08000583   Thumb Code    26  dfltui.o(.text)
    __aeabi_f2iz                             0x0800059d   Thumb Code    50  ffixi.o(.text)
    __aeabi_f2d                              0x080005cf   Thumb Code    38  f2d.o(.text)
    __aeabi_cdcmpeq                          0x080005f5   Thumb Code     0  cdcmple.o(.text)
    __aeabi_cdcmple                          0x080005f5   Thumb Code    38  cdcmple.o(.text)
    __aeabi_cdrcmple                         0x0800061d   Thumb Code    38  cdrcmple.o(.text)
    __aeabi_d2f                              0x08000645   Thumb Code    56  d2f.o(.text)
    __aeabi_cfcmpeq                          0x0800067d   Thumb Code     0  cfcmple.o(.text)
    __aeabi_cfcmple                          0x0800067d   Thumb Code    20  cfcmple.o(.text)
    __aeabi_cfrcmple                         0x08000691   Thumb Code    20  cfrcmple.o(.text)
    __aeabi_uidiv                            0x080006a5   Thumb Code     0  uidiv.o(.text)
    __aeabi_uidivmod                         0x080006a5   Thumb Code    44  uidiv.o(.text)
    __aeabi_uldivmod                         0x080006d1   Thumb Code    98  uldiv.o(.text)
    __aeabi_llsl                             0x08000733   Thumb Code    30  llshl.o(.text)
    _ll_shift_l                              0x08000733   Thumb Code     0  llshl.o(.text)
    __aeabi_lasr                             0x08000751   Thumb Code    36  llsshr.o(.text)
    _ll_sshift_r                             0x08000751   Thumb Code     0  llsshr.o(.text)
    __I$use$fp                               0x08000775   Thumb Code     0  iusefp.o(.text)
    _float_round                             0x08000775   Thumb Code    18  fepilogue.o(.text)
    _float_epilogue                          0x08000787   Thumb Code    92  fepilogue.o(.text)
    __ARM_scalbnf                            0x080007e3   Thumb Code    24  fscalb.o(.text)
    scalbnf                                  0x080007e3   Thumb Code     0  fscalb.o(.text)
    _frnd                                    0x080007fb   Thumb Code    60  frnd.o(.text)
    _double_round                            0x08000837   Thumb Code    26  depilogue.o(.text)
    _double_epilogue                         0x08000851   Thumb Code   156  depilogue.o(.text)
    __aeabi_dmul                             0x080008ed   Thumb Code   228  dmul.o(.text)
    __aeabi_d2ulz                            0x080009d1   Thumb Code    48  dfixul.o(.text)
    __scatterload                            0x08000a01   Thumb Code    28  init.o(.text)
    __scatterload_rt2                        0x08000a01   Thumb Code     0  init.o(.text)
    __aeabi_llsr                             0x08000a25   Thumb Code    32  llushr.o(.text)
    _ll_ushift_r                             0x08000a25   Thumb Code     0  llushr.o(.text)
    __aeabi_ui2f                             0x08000a45   Thumb Code    10  ffltui.o(.text)
    ADC1_2_Configuration                     0x08000a51   Thumb Code   382  adc_configuration.o(i.ADC1_2_Configuration)
    ADC_Cmd                                  0x08000bd9   Thumb Code    22  stm32f10x_adc.o(i.ADC_Cmd)
    ADC_Configuration                        0x08000bf1   Thumb Code    22  adc_configuration.o(i.ADC_Configuration)
    ADC_DMACmd                               0x08000c29   Thumb Code    22  stm32f10x_adc.o(i.ADC_DMACmd)
    ADC_DeInit                               0x08000c41   Thumb Code    78  stm32f10x_adc.o(i.ADC_DeInit)
    ADC_ExternalTrigConvCmd                  0x08000c9d   Thumb Code    22  stm32f10x_adc.o(i.ADC_ExternalTrigConvCmd)
    ADC_GetCalibrationStatus                 0x08000cb3   Thumb Code    20  stm32f10x_adc.o(i.ADC_GetCalibrationStatus)
    ADC_GetResetCalibrationStatus            0x08000cc7   Thumb Code    20  stm32f10x_adc.o(i.ADC_GetResetCalibrationStatus)
    ADC_Init                                 0x08000cdd   Thumb Code    70  stm32f10x_adc.o(i.ADC_Init)
    ADC_InputPin_Configuration               0x08000d2d   Thumb Code    24  adc_configuration.o(i.ADC_InputPin_Configuration)
    ADC_RegularChannelConfig                 0x08000d49   Thumb Code   184  stm32f10x_adc.o(i.ADC_RegularChannelConfig)
    ADC_ResetCalibration                     0x08000e01   Thumb Code    10  stm32f10x_adc.o(i.ADC_ResetCalibration)
    ADC_StartCalibration                     0x08000e0b   Thumb Code    10  stm32f10x_adc.o(i.ADC_StartCalibration)
    ADC_TempSensorVrefintCmd                 0x08000e15   Thumb Code    30  stm32f10x_adc.o(i.ADC_TempSensorVrefintCmd)
    DMA1_Channel1_IRQHandler                 0x08000e39   Thumb Code   202  dma_irqhandler.o(i.DMA1_Channel1_IRQHandler)
    DMA1_Channel2_IRQHandler                 0x08000f19   Thumb Code   144  dma_irqhandler.o(i.DMA1_Channel2_IRQHandler)
    DMA1_Channel4_IRQHandler                 0x08000fc5   Thumb Code   146  dma_irqhandler.o(i.DMA1_Channel4_IRQHandler)
    DMA1_Channel7_IRQHandler                 0x08001075   Thumb Code   162  dma_irqhandler.o(i.DMA1_Channel7_IRQHandler)
    DMA_ClearITPendingBit                    0x08001135   Thumb Code    18  stm32f10x_dma.o(i.DMA_ClearITPendingBit)
    DMA_Cmd                                  0x08001151   Thumb Code    22  stm32f10x_dma.o(i.DMA_Cmd)
    DMA_Configuration                        0x08001169   Thumb Code   250  dma_configuration.o(i.DMA_Configuration)
    DMA_DeInit                               0x080012a1   Thumb Code   322  stm32f10x_dma.o(i.DMA_DeInit)
    DMA_GetITStatus                          0x080013ed   Thumb Code    36  stm32f10x_dma.o(i.DMA_GetITStatus)
    DMA_ITConfig                             0x08001419   Thumb Code    18  stm32f10x_dma.o(i.DMA_ITConfig)
    DMA_Init                                 0x0800142b   Thumb Code    60  stm32f10x_dma.o(i.DMA_Init)
    EXTI0_IRQHandler                         0x08001467   Thumb Code    14  exti_irqhandler.o(i.EXTI0_IRQHandler)
    EXTI15_10_IRQHandler                     0x08001475   Thumb Code    38  exti_irqhandler.o(i.EXTI15_10_IRQHandler)
    EXTI1_IRQHandler                         0x080014ad   Thumb Code    20  exti_irqhandler.o(i.EXTI1_IRQHandler)
    EXTI2_IRQHandler                         0x080014d1   Thumb Code    20  exti_irqhandler.o(i.EXTI2_IRQHandler)
    EXTI3_IRQHandler                         0x080014f5   Thumb Code    20  exti_irqhandler.o(i.EXTI3_IRQHandler)
    EXTI4_IRQHandler                         0x08001519   Thumb Code    20  exti_irqhandler.o(i.EXTI4_IRQHandler)
    EXTI9_5_IRQHandler                       0x0800153d   Thumb Code   124  exti_irqhandler.o(i.EXTI9_5_IRQHandler)
    EXTI_ClearITPendingBit                   0x08001609   Thumb Code     6  stm32f10x_exti.o(i.EXTI_ClearITPendingBit)
    EXTI_Configuration                       0x08001615   Thumb Code   130  exti_configuration.o(i.EXTI_Configuration)
    EXTI_GetITStatus                         0x080016c1   Thumb Code    34  stm32f10x_exti.o(i.EXTI_GetITStatus)
    EXTI_Init                                0x080016e9   Thumb Code   142  stm32f10x_exti.o(i.EXTI_Init)
    FLASH_ClearFlag                          0x0800177d   Thumb Code     6  stm32f10x_flash.o(i.FLASH_ClearFlag)
    FLASH_ErasePage                          0x08001789   Thumb Code    76  stm32f10x_flash.o(i.FLASH_ErasePage)
    FLASH_GetStatus                          0x080017d9   Thumb Code    48  stm32f10x_flash.o(i.FLASH_GetStatus)
    FLASH_Lock                               0x0800180d   Thumb Code    14  stm32f10x_flash.o(i.FLASH_Lock)
    FLASH_PrefetchBufferCmd                  0x08001821   Thumb Code    22  stm32f10x_flash.o(i.FLASH_PrefetchBufferCmd)
    FLASH_ProgramWord                        0x0800183d   Thumb Code   110  stm32f10x_flash.o(i.FLASH_ProgramWord)
    FLASH_SetLatency                         0x080018b1   Thumb Code    18  stm32f10x_flash.o(i.FLASH_SetLatency)
    FLASH_Unlock                             0x080018c9   Thumb Code    12  stm32f10x_flash.o(i.FLASH_Unlock)
    FLASH_WaitForLastOperation               0x080018e1   Thumb Code    42  stm32f10x_flash.o(i.FLASH_WaitForLastOperation)
    FlashReadWord                            0x0800190b   Thumb Code     6  parameter.o(i.FlashReadWord)
    FlashWritePage                           0x08001911   Thumb Code    88  parameter.o(i.FlashWritePage)
    GPIO_Configuration                       0x08001989   Thumb Code   154  gpio_configuration.o(i.GPIO_Configuration)
    GPIO_EXTILineConfig                      0x08001a59   Thumb Code    60  stm32f10x_gpio.o(i.GPIO_EXTILineConfig)
    GPIO_Init                                0x08001a99   Thumb Code   278  stm32f10x_gpio.o(i.GPIO_Init)
    GPIO_PinRemapConfig                      0x08001bb1   Thumb Code   106  stm32f10x_gpio.o(i.GPIO_PinRemapConfig)
    GPIO_ResetBits                           0x08001c21   Thumb Code     4  stm32f10x_gpio.o(i.GPIO_ResetBits)
    GPIO_SetBits                             0x08001c25   Thumb Code     4  stm32f10x_gpio.o(i.GPIO_SetBits)
    GetPower                                 0x08001c29   Thumb Code     2  function.o(i.GetPower)
    GetTemp                                  0x08001c2b   Thumb Code    42  function.o(i.GetTemp)
    InU2SendBuf                              0x08001c55   Thumb Code   114  usart2_irqhandler.o(i.InU2SendBuf)
    InitDevice                               0x08001cd9   Thumb Code    76  configuration.o(i.InitDevice)
    LowPassFilter2p_Init                     0x08001d25   Thumb Code    38  lowpassfilter2p.o(i.LowPassFilter2p_Init)
    LowPassFilter2p_set_cutoff_frequency     0x08001d4d   Thumb Code   244  lowpassfilter2p.o(i.LowPassFilter2p_set_cutoff_frequency)
    MPU6000_Init                             0x08001e49   Thumb Code   228  mpu6000.o(i.MPU6000_Init)
    MPU6000_ReadBuffer                       0x08001fa1   Thumb Code    56  mpu6000.o(i.MPU6000_ReadBuffer)
    MPU6000_ReadOnlyGZ                       0x08001fdd   Thumb Code    38  mpu6000.o(i.MPU6000_ReadOnlyGZ)
    MPU6000_ReadReg                          0x08002011   Thumb Code    42  mpu6000.o(i.MPU6000_ReadReg)
    MPU6000_WriteReg                         0x08002041   Thumb Code    50  mpu6000.o(i.MPU6000_WriteReg)
    MotorData_Init                           0x08002079   Thumb Code   324  motor.o(i.MotorData_Init)
    Motor_Control                            0x080021e9   Thumb Code   236  motor.o(i.Motor_Control)
    Motor_Init                               0x080022f9   Thumb Code   308  motor.o(i.Motor_Init)
    NVIC_Configuration                       0x08002585   Thumb Code   228  nvic_configuration.o(i.NVIC_Configuration)
    NVIC_Init                                0x08002689   Thumb Code   100  misc.o(i.NVIC_Init)
    NVIC_PriorityGroupConfig                 0x080026f9   Thumb Code    10  misc.o(i.NVIC_PriorityGroupConfig)
    NVIC_SetVectorTable                      0x08002735   Thumb Code    12  misc.o(i.NVIC_SetVectorTable)
    OutU2FrameBuf                            0x08002749   Thumb Code   140  usart2_irqhandler.o(i.OutU2FrameBuf)
    RCC_ADCCLKConfig                         0x080027ed   Thumb Code    18  stm32f10x_rcc.o(i.RCC_ADCCLKConfig)
    RCC_AHBPeriphClockCmd                    0x08002805   Thumb Code    26  stm32f10x_rcc.o(i.RCC_AHBPeriphClockCmd)
    RCC_APB1PeriphClockCmd                   0x08002825   Thumb Code    26  stm32f10x_rcc.o(i.RCC_APB1PeriphClockCmd)
    RCC_APB1PeriphResetCmd                   0x08002845   Thumb Code    26  stm32f10x_rcc.o(i.RCC_APB1PeriphResetCmd)
    RCC_APB2PeriphClockCmd                   0x08002865   Thumb Code    26  stm32f10x_rcc.o(i.RCC_APB2PeriphClockCmd)
    RCC_APB2PeriphResetCmd                   0x08002885   Thumb Code    26  stm32f10x_rcc.o(i.RCC_APB2PeriphResetCmd)
    RCC_Configuration                        0x080028a5   Thumb Code   116  rcc_configuration.o(i.RCC_Configuration)
    RCC_DeInit                               0x08002919   Thumb Code    64  stm32f10x_rcc.o(i.RCC_DeInit)
    RCC_GetClocksFreq                        0x08002965   Thumb Code   192  stm32f10x_rcc.o(i.RCC_GetClocksFreq)
    RCC_GetFlagStatus                        0x08002a39   Thumb Code    56  stm32f10x_rcc.o(i.RCC_GetFlagStatus)
    RCC_GetSYSCLKSource                      0x08002a75   Thumb Code    10  stm32f10x_rcc.o(i.RCC_GetSYSCLKSource)
    RCC_HCLKConfig                           0x08002a85   Thumb Code    18  stm32f10x_rcc.o(i.RCC_HCLKConfig)
    RCC_HSEConfig                            0x08002a9d   Thumb Code    70  stm32f10x_rcc.o(i.RCC_HSEConfig)
    RCC_PCLK1Config                          0x08002ae9   Thumb Code    18  stm32f10x_rcc.o(i.RCC_PCLK1Config)
    RCC_PCLK2Config                          0x08002b01   Thumb Code    20  stm32f10x_rcc.o(i.RCC_PCLK2Config)
    RCC_PLLCmd                               0x08002b19   Thumb Code     6  stm32f10x_rcc.o(i.RCC_PLLCmd)
    RCC_PLLConfig                            0x08002b25   Thumb Code    24  stm32f10x_rcc.o(i.RCC_PLLConfig)
    RCC_SYSCLKConfig                         0x08002b41   Thumb Code    18  stm32f10x_rcc.o(i.RCC_SYSCLKConfig)
    RCC_WaitForHSEStartUp                    0x08002b59   Thumb Code    56  stm32f10x_rcc.o(i.RCC_WaitForHSEStartUp)
    ReceiveBaseCommand                       0x08002b91   Thumb Code   152  usart1_irqhandler.o(i.ReceiveBaseCommand)
    SPI2_Configuration                       0x08002c3d   Thumb Code    94  spi_configuration.o(i.SPI2_Configuration)
    SPI2_HighSpeed                           0x08002cbd   Thumb Code   108  spi_configuration.o(i.SPI2_HighSpeed)
    SPI2_SendByte                            0x08002d31   Thumb Code    50  spi_configuration.o(i.SPI2_SendByte)
    SPI_Cmd                                  0x08002d69   Thumb Code    24  stm32f10x_spi.o(i.SPI_Cmd)
    SPI_I2S_GetFlagStatus                    0x08002d81   Thumb Code    18  stm32f10x_spi.o(i.SPI_I2S_GetFlagStatus)
    SPI_I2S_ReceiveData                      0x08002d93   Thumb Code     6  stm32f10x_spi.o(i.SPI_I2S_ReceiveData)
    SPI_I2S_SendData                         0x08002d99   Thumb Code     4  stm32f10x_spi.o(i.SPI_I2S_SendData)
    SPI_Init                                 0x08002d9d   Thumb Code    60  stm32f10x_spi.o(i.SPI_Init)
    SendBatteryState                         0x08002dd9   Thumb Code   124  usart1_irqhandler.o(i.SendBatteryState)
    SendBreakerStatus                        0x08002e65   Thumb Code   124  usart1_irqhandler.o(i.SendBreakerStatus)
    SendEncodersAndGyro                      0x08002ef1   Thumb Code   142  usart1_irqhandler.o(i.SendEncodersAndGyro)
    SendParam                                0x08002f91   Thumb Code   138  usart1_irqhandler.o(i.SendParam)
    SysTick_CLKSourceConfig                  0x08003119   Thumb Code    40  misc.o(i.SysTick_CLKSourceConfig)
    SysTick_Configuration                    0x08003141   Thumb Code   114  systick_configuration.o(i.SysTick_Configuration)
    SysTick_Handler                          0x080031dd   Thumb Code   144  systick_handler.o(i.SysTick_Handler)
    SystemInit                               0x08003285   Thumb Code    70  system_stm32f10x.o(i.SystemInit)
    TIM1_Configuration                       0x080033f9   Thumb Code   138  tim_configuration.o(i.TIM1_Configuration)
    TIM2_Configuration                       0x080034a9   Thumb Code   230  tim_configuration.o(i.TIM2_Configuration)
    TIM3_Configuration                       0x080035bd   Thumb Code   178  tim_configuration.o(i.TIM3_Configuration)
    TIM4_Configuration                       0x08003699   Thumb Code   192  tim_configuration.o(i.TIM4_Configuration)
    TIM8_CC_IRQHandler                       0x08003781   Thumb Code   642  tim8_irqhandler.o(i.TIM8_CC_IRQHandler)
    TIM_ClearFlag                            0x08003a25   Thumb Code     6  stm32f10x_tim.o(i.TIM_ClearFlag)
    TIM_ClearITPendingBit                    0x08003a2b   Thumb Code     6  stm32f10x_tim.o(i.TIM_ClearITPendingBit)
    TIM_Cmd                                  0x08003a31   Thumb Code    24  stm32f10x_tim.o(i.TIM_Cmd)
    TIM_CtrlPWMOutputs                       0x08003a49   Thumb Code    30  stm32f10x_tim.o(i.TIM_CtrlPWMOutputs)
    TIM_DeInit                               0x08003a69   Thumb Code   196  stm32f10x_tim.o(i.TIM_DeInit)
    TIM_EncoderInterfaceConfig               0x08003b49   Thumb Code    66  stm32f10x_tim.o(i.TIM_EncoderInterfaceConfig)
    TIM_GetCapture1                          0x08003b8b   Thumb Code     6  stm32f10x_tim.o(i.TIM_GetCapture1)
    TIM_GetCapture2                          0x08003b91   Thumb Code     6  stm32f10x_tim.o(i.TIM_GetCapture2)
    TIM_GetCapture3                          0x08003b97   Thumb Code     6  stm32f10x_tim.o(i.TIM_GetCapture3)
    TIM_GetCapture4                          0x08003b9d   Thumb Code     8  stm32f10x_tim.o(i.TIM_GetCapture4)
    TIM_GetITStatus                          0x08003ba5   Thumb Code    34  stm32f10x_tim.o(i.TIM_GetITStatus)
    TIM_ICInit                               0x08003bc7   Thumb Code   110  stm32f10x_tim.o(i.TIM_ICInit)
    TIM_ICStructInit                         0x08003c35   Thumb Code    18  stm32f10x_tim.o(i.TIM_ICStructInit)
    TIM_ITConfig                             0x08003c47   Thumb Code    18  stm32f10x_tim.o(i.TIM_ITConfig)
    TIM_OC3Init                              0x08003c59   Thumb Code   144  stm32f10x_tim.o(i.TIM_OC3Init)
    TIM_OC4Init                              0x08003cf1   Thumb Code   106  stm32f10x_tim.o(i.TIM_OC4Init)
    TIM_SelectOutputTrigger                  0x08003d65   Thumb Code    18  stm32f10x_tim.o(i.TIM_SelectOutputTrigger)
    TIM_SetCounter                           0x08003d77   Thumb Code     4  stm32f10x_tim.o(i.TIM_SetCounter)
    TIM_SetIC1Prescaler                      0x08003d7b   Thumb Code    18  stm32f10x_tim.o(i.TIM_SetIC1Prescaler)
    TIM_SetIC2Prescaler                      0x08003d8d   Thumb Code    26  stm32f10x_tim.o(i.TIM_SetIC2Prescaler)
    TIM_SetIC3Prescaler                      0x08003da7   Thumb Code    18  stm32f10x_tim.o(i.TIM_SetIC3Prescaler)
    TIM_SetIC4Prescaler                      0x08003db9   Thumb Code    26  stm32f10x_tim.o(i.TIM_SetIC4Prescaler)
    TIM_TimeBaseInit                         0x08003dd5   Thumb Code    50  stm32f10x_tim.o(i.TIM_TimeBaseInit)
    TIM_TimeBaseStructInit                   0x08003e11   Thumb Code    18  stm32f10x_tim.o(i.TIM_TimeBaseStructInit)
    U1Printf                                 0x08003e25   Thumb Code    72  usart1_irqhandler.o(i.U1Printf)
    U2Printf                                 0x08003e81   Thumb Code    36  usart2_irqhandler.o(i.U2Printf)
    U2PrintfDMA                              0x08003ead   Thumb Code    74  usart2_irqhandler.o(i.U2PrintfDMA)
    UART2_CAL                                0x08003f0d   Thumb Code   744  usart2_irqhandler.o(i.UART2_CAL)
    USART1_Configuration                     0x0800432d   Thumb Code   182  usart_configuration.o(i.USART1_Configuration)
    USART1_IRQHandler                        0x0800440d   Thumb Code    42  usart1_irqhandler.o(i.USART1_IRQHandler)
    USART2_Configuration                     0x0800443d   Thumb Code   178  usart_configuration.o(i.USART2_Configuration)
    USART2_IRQHandler                        0x08004519   Thumb Code   282  usart2_irqhandler.o(i.USART2_IRQHandler)
    USART2_SendData                          0x08004651   Thumb Code    30  usart_configuration.o(i.USART2_SendData)
    USART_ClearITPendingBit                  0x08004675   Thumb Code    30  stm32f10x_usart.o(i.USART_ClearITPendingBit)
    USART_ClockInit                          0x08004693   Thumb Code    34  stm32f10x_usart.o(i.USART_ClockInit)
    USART_Cmd                                0x080046b5   Thumb Code    24  stm32f10x_usart.o(i.USART_Cmd)
    USART_DMACmd                             0x080046cd   Thumb Code    18  stm32f10x_usart.o(i.USART_DMACmd)
    USART_GetFlagStatus                      0x080046df   Thumb Code    26  stm32f10x_usart.o(i.USART_GetFlagStatus)
    USART_GetITStatus                        0x080046f9   Thumb Code    84  stm32f10x_usart.o(i.USART_GetITStatus)
    USART_ITConfig                           0x0800474d   Thumb Code    74  stm32f10x_usart.o(i.USART_ITConfig)
    USART_Init                               0x08004799   Thumb Code   156  stm32f10x_usart.o(i.USART_Init)
    USART_ReceiveData                        0x08004839   Thumb Code    10  stm32f10x_usart.o(i.USART_ReceiveData)
    __0printf                                0x08004845   Thumb Code    22  printfa.o(i.__0printf)
    __1printf                                0x08004845   Thumb Code     0  printfa.o(i.__0printf)
    __2printf                                0x08004845   Thumb Code     0  printfa.o(i.__0printf)
    __c89printf                              0x08004845   Thumb Code     0  printfa.o(i.__0printf)
    printf                                   0x08004845   Thumb Code     0  printfa.o(i.__0printf)
    __ARM_fpclassifyf                        0x08004865   Thumb Code    38  fpclassifyf.o(i.__ARM_fpclassifyf)
    __mathlib_flt_underflow                  0x0800488b   Thumb Code    10  funder.o(i.__mathlib_flt_underflow)
    __mathlib_rredf2                         0x08004895   Thumb Code   326  rredf.o(i.__mathlib_rredf2)
    __scatterload_copy                       0x080049ed   Thumb Code    14  handlers.o(i.__scatterload_copy)
    __scatterload_null                       0x080049fb   Thumb Code     2  handlers.o(i.__scatterload_null)
    __scatterload_zeroinit                   0x080049fd   Thumb Code    14  handlers.o(i.__scatterload_zeroinit)
    __set_errno                              0x08004a0d   Thumb Code     6  errno.o(i.__set_errno)
    bytes4ToFloat                            0x080052ab   Thumb Code    24  function.o(i.bytes4ToFloat)
    calBaseCmd                               0x080052c5   Thumb Code   892  usart1_irqhandler.o(i.calBaseCmd)
    calVelocity                              0x08005731   Thumb Code   286  motor.o(i.calVelocity)
    computeCommand                           0x08005851   Thumb Code   218  pid.o(i.computeCommand)
    computeEncoderDelta                      0x08005935   Thumb Code    28  motor.o(i.computeEncoderDelta)
    computeVelocityPidOutput                 0x08005955   Thumb Code   128  motor.o(i.computeVelocityPidOutput)
    cosf                                     0x080059d9   Thumb Code   334  cosf.o(i.cosf)
    delayms                                  0x08005b77   Thumb Code    32  function.o(i.delayms)
    deltaTimeStampDouble                     0x08005b99   Thumb Code    88  systick_configuration.o(i.deltaTimeStampDouble)
    deltaTimeStampFloat                      0x08005bf9   Thumb Code   110  systick_configuration.o(i.deltaTimeStampFloat)
    fputc                                    0x08005c71   Thumb Code    32  function.o(i.fputc)
    getTimeStamp                             0x08005c99   Thumb Code    40  systick_configuration.o(i.getTimeStamp)
    inBaseBuf                                0x08005cc9   Thumb Code    32  usart1_irqhandler.o(i.inBaseBuf)
    initPid                                  0x08005cf1   Thumb Code    30  pid.o(i.initPid)
    main                                     0x08005d11   Thumb Code   178  main.o(i.main)
    outBaseBuf                               0x08005e45   Thumb Code    54  usart1_irqhandler.o(i.outBaseBuf)
    outputSpeed                              0x08005e89   Thumb Code   304  motor.o(i.outputSpeed)
    paramFind                                0x08005fe9   Thumb Code    36  parameter.o(i.paramFind)
    paramGetBytes4                           0x08006011   Thumb Code    54  parameter.o(i.paramGetBytes4)
    paramReadFloatWithDefault                0x0800604d   Thumb Code    32  parameter.o(i.paramReadFloatWithDefault)
    paramSetBytes4                           0x08006071   Thumb Code    54  parameter.o(i.paramSetBytes4)
    paramValidIndex                          0x080060ad   Thumb Code    14  parameter.o(i.paramValidIndex)
    paramWriteFloat                          0x080060bd   Thumb Code    34  parameter.o(i.paramWriteFloat)
    paramsInfoPrint                          0x080060e5   Thumb Code    62  parameter.o(i.paramsInfoPrint)
    paramsInit                               0x08006159   Thumb Code    90  parameter.o(i.paramsInit)
    paramsLoad                               0x080061e9   Thumb Code    42  parameter.o(i.paramsLoad)
    paramsRefresh                            0x08006231   Thumb Code   288  parameter.o(i.paramsRefresh)
    paramsReset                              0x08006479   Thumb Code    60  parameter.o(i.paramsReset)
    paramsSave                               0x080064d1   Thumb Code    70  parameter.o(i.paramsSave)
    s16s8toFloat                             0x08006539   Thumb Code    70  function.o(i.s16s8toFloat)
    setBreakerStatus                         0x08006585   Thumb Code    56  gpio_configuration.o(i.setBreakerStatus)
    setSpeed                                 0x080065c1   Thumb Code    32  motor.o(i.setSpeed)
    tanf                                     0x080065e1   Thumb Code   320  tanf.o(i.tanf)
    default_values                           0x08006758   Data          72  parameter.o(.constdata)
    SystemFrequency                          0x080067a0   Data           4  system_stm32f10x.o(.constdata)
    SystemFrequency_SysClk                   0x080067a4   Data           4  system_stm32f10x.o(.constdata)
    SystemFrequency_AHBClk                   0x080067a8   Data           4  system_stm32f10x.o(.constdata)
    SystemFrequency_APB1Clk                  0x080067ac   Data           4  system_stm32f10x.o(.constdata)
    SystemFrequency_APB2Clk                  0x080067b0   Data           4  system_stm32f10x.o(.constdata)
    Region$$Table$$Base                      0x0800690c   Number         0  anon$$obj.o(Region$$Table)
    Region$$Table$$Limit                     0x0800692c   Number         0  anon$$obj.o(Region$$Table)
    debug_motor                              0x20000000   Data           1  var.o(.data)
    debug_uart                               0x20000001   Data           1  var.o(.data)
    InternalTemp                             0x20000002   Data           2  var.o(.data)
    Power                                    0x20000004   Data           2  var.o(.data)
    battery_voltage                          0x20000008   Data           4  var.o(.data)
    Time                                     0x2000000c   Data           4  var.o(.data)
    Second                                   0x20000010   Data           4  var.o(.data)
    time_locked                              0x20000014   Data           1  var.o(.data)
    TimingDelay                              0x20000018   Data           4  var.o(.data)
    ADC1_2_OK                                0x2000001c   Data           4  var.o(.data)
    TIM8_RT                                  0x20000020   Data           8  var.o(.data)
    TIM8_FT                                  0x20000028   Data           8  var.o(.data)
    TIM8_flag                                0x20000030   Data           4  var.o(.data)
    inPWM1                                   0x20000034   Data           2  var.o(.data)
    inPWM2                                   0x20000036   Data           2  var.o(.data)
    inPWM3                                   0x20000038   Data           2  var.o(.data)
    inPWM4                                   0x2000003a   Data           2  var.o(.data)
    PrintfCn                                 0x2000003c   Data           2  var.o(.data)
    IsU1Send                                 0x2000003e   Data           1  var.o(.data)
    U1SendCn                                 0x20000040   Data           2  var.o(.data)
    IsU1TxEmpty                              0x20000042   Data           1  var.o(.data)
    U1SendBufPi                              0x20000044   Data           2  var.o(.data)
    U1SendBufPo                              0x20000046   Data           2  var.o(.data)
    U1FrameBufPi                             0x20000048   Data           1  var.o(.data)
    U1FrameBufPo                             0x20000049   Data           1  var.o(.data)
    U1BufP                                   0x2000004a   Data           1  var.o(.data)
    IsU1RecOK                                0x2000004b   Data           1  var.o(.data)
    U1RecBufP                                0x2000004c   Data           1  var.o(.data)
    BaseBufPi                                0x2000004e   Data           2  var.o(.data)
    BaseBufPo                                0x20000050   Data           2  var.o(.data)
    BaseCmdBufP                              0x20000052   Data           1  var.o(.data)
    IsBaseCmdOK                              0x20000053   Data           1  var.o(.data)
    BaseRecBufP                              0x20000054   Data           1  var.o(.data)
    IsU2Send                                 0x20000055   Data           1  var.o(.data)
    U2SendCn                                 0x20000056   Data           2  var.o(.data)
    IsU2TxEmpty                              0x20000058   Data           1  var.o(.data)
    U2SendBufPi                              0x2000005a   Data           2  var.o(.data)
    U2SendBufPo                              0x2000005c   Data           2  var.o(.data)
    U2FrameBufPi                             0x2000005e   Data           1  var.o(.data)
    U2FrameBufPo                             0x2000005f   Data           1  var.o(.data)
    U2BufP                                   0x20000060   Data           1  var.o(.data)
    IsU2RecOK                                0x20000061   Data           1  var.o(.data)
    U2RecBufP                                0x20000062   Data           1  var.o(.data)
    IsU3Send                                 0x20000063   Data           1  var.o(.data)
    U3SendCn                                 0x20000064   Data           2  var.o(.data)
    IsU3TxEmpty                              0x20000066   Data           1  var.o(.data)
    U3SendBufPi                              0x20000068   Data           2  var.o(.data)
    U3SendBufPo                              0x2000006a   Data           2  var.o(.data)
    U3FrameBufPi                             0x2000006c   Data           1  var.o(.data)
    U3FrameBufPo                             0x2000006d   Data           1  var.o(.data)
    U3BufP                                   0x2000006e   Data           1  var.o(.data)
    IsU3RecOK                                0x2000006f   Data           1  var.o(.data)
    U3RecBufP                                0x20000070   Data           1  var.o(.data)
    encoder_cycle                            0x20000074   Data           1  motor.o(.data)
    controller_cycle                         0x20000075   Data           1  motor.o(.data)
    is_control_motor                         0x20000076   Data           1  motor.o(.data)
    param_names                              0x20000084   Data          72  parameter.o(.data)
    mpu_temperature                          0x200000ce   Data           2  mpu6000.o(.data)
    MpuFiFoPi                                0x200000d0   Data           2  mpu6000.o(.data)
    MpuFiFoPo                                0x200000d2   Data           2  mpu6000.o(.data)
    is_imu_update                            0x200000d4   Data           1  mpu6000.o(.data)
    Is_RecordIMUData                         0x200000d5   Data           1  mpu6000.o(.data)
    __stdout                                 0x200000ec   Data           4  stdout.o(.data)
    ADC1_2_ConvertedValue                    0x200000f4   Data          24  var.o(.bss)
    ADC_ConvertedValue                       0x2000010c   Data          16  var.o(.bss)
    PrintfBuf                                0x2000011c   Data         500  var.o(.bss)
    USART1_Send_Buf                          0x20000310   Data         200  var.o(.bss)
    tU1SendBuf                               0x200003d8   Data          30  var.o(.bss)
    U1SendBuf                                0x200003f6   Data         200  var.o(.bss)
    U1FrameBuf                               0x200004be   Data         300  var.o(.bss)
    U1Buf                                    0x200005ea   Data          30  var.o(.bss)
    U1RecBuf                                 0x20000608   Data          30  var.o(.bss)
    BaseBuf                                  0x20000626   Data         500  var.o(.bss)
    BaseCmdBuf                               0x2000081a   Data          32  var.o(.bss)
    BaseRecBuf                               0x2000083a   Data          32  var.o(.bss)
    USART2_Send_Buf                          0x2000085a   Data         500  var.o(.bss)
    tU2SendBuf                               0x20000a4e   Data          30  var.o(.bss)
    U2SendBuf                                0x20000a6c   Data         500  var.o(.bss)
    U2FrameBuf                               0x20000c60   Data         150  var.o(.bss)
    U2Buf                                    0x20000cf6   Data          30  var.o(.bss)
    U2RecBuf                                 0x20000d14   Data          30  var.o(.bss)
    USART3_Send_Buf                          0x20000d32   Data         200  var.o(.bss)
    tU3SendBuf                               0x20000dfa   Data          70  var.o(.bss)
    U3SendBuf                                0x20000e40   Data         200  var.o(.bss)
    U3FrameBuf                               0x20000f08   Data         700  var.o(.bss)
    U3Buf                                    0x200011c4   Data          70  var.o(.bss)
    U3RecBuf                                 0x2000120a   Data          70  var.o(.bss)
    PidBuff                                  0x20001250   Data          20  motor.o(.bss)
    VelocityBuff                             0x20001264   Data          48  motor.o(.bss)
    Velocity                                 0x20001294   Data          48  motor.o(.bss)
    MOTOR                                    0x200012c4   Data          36  motor.o(.bss)
    VelocityPid                              0x200012e8   Data         120  motor.o(.bss)
    param_vector                             0x20001360   Data         144  parameter.o(.bss)
    flash_page_buffer                        0x200013f0   Data        2048  parameter.o(.bss)
    mpu_buffer                               0x20001c20   Data          14  mpu6000.o(.bss)
    accel_params                             0x20001c30   Data          28  mpu6000.o(.bss)
    accel_raw                                0x20001c4c   Data          16  mpu6000.o(.bss)
    accel_filtered                           0x20001c5c   Data          20  mpu6000.o(.bss)
    accel_filter_x                           0x20001c70   Data          32  mpu6000.o(.bss)
    accel_filter_y                           0x20001c90   Data          32  mpu6000.o(.bss)
    accel_filter_z                           0x20001cb0   Data          32  mpu6000.o(.bss)
    gyro_params                              0x20001cd0   Data          28  mpu6000.o(.bss)
    gyro_raw                                 0x20001cec   Data          16  mpu6000.o(.bss)
    gyro_filtered                            0x20001cfc   Data          20  mpu6000.o(.bss)
    gyro_filter_x                            0x20001d10   Data          32  mpu6000.o(.bss)
    gyro_filter_y                            0x20001d30   Data          32  mpu6000.o(.bss)
    gyro_filter_z                            0x20001d50   Data          32  mpu6000.o(.bss)
    gyro_buffer                              0x20001d70   Data         160  mpu6000.o(.bss)
    accel_buffer                             0x20001e10   Data         160  mpu6000.o(.bss)
    __initial_sp                             0x200022b0   Data           0  startup_stm32f10x_hd.o(STACK)



==============================================================================

Memory Map of the image

  Image Entry point : 0x08000131

  Load Region LR_IROM1 (Base: 0x08000000, Size: 0x00006a20, Max: 0x00040000, ABSOLUTE)

    Execution Region ER_IROM1 (Base: 0x08000000, Size: 0x0000692c, Max: 0x00040000, ABSOLUTE)

    Base Addr    Size         Type   Attr      Idx    E Section Name        Object

    0x08000000   0x00000130   Data   RO         3230    RESET               startup_stm32f10x_hd.o
    0x08000130   0x00000000   Code   RO         3290  * .ARM.Collect$$$$00000000  mc_w.l(entry.o)
    0x08000130   0x00000004   Code   RO         3595    .ARM.Collect$$$$00000001  mc_w.l(entry2.o)
    0x08000134   0x00000004   Code   RO         3598    .ARM.Collect$$$$00000004  mc_w.l(entry5.o)
    0x08000138   0x00000000   Code   RO         3600    .ARM.Collect$$$$00000008  mc_w.l(entry7b.o)
    0x08000138   0x00000000   Code   RO         3602    .ARM.Collect$$$$0000000A  mc_w.l(entry8b.o)
    0x08000138   0x00000008   Code   RO         3603    .ARM.Collect$$$$0000000B  mc_w.l(entry9a.o)
    0x08000140   0x00000000   Code   RO         3605    .ARM.Collect$$$$0000000D  mc_w.l(entry10a.o)
    0x08000140   0x00000000   Code   RO         3607    .ARM.Collect$$$$0000000F  mc_w.l(entry11a.o)
    0x08000140   0x00000004   Code   RO         3596    .ARM.Collect$$$$00002712  mc_w.l(entry2.o)
    0x08000144   0x00000030   Code   RO         3231    .text               startup_stm32f10x_hd.o
    0x08000174   0x00000024   Code   RO         3293    .text               mc_w.l(memcpya.o)
    0x08000198   0x0000001c   Code   RO         3295    .text               mc_w.l(strcmp.o)
    0x080001b4   0x000000b0   Code   RO         3560    .text               mf_w.l(fadd.o)
    0x08000264   0x00000064   Code   RO         3562    .text               mf_w.l(fmul.o)
    0x080002c8   0x0000007c   Code   RO         3564    .text               mf_w.l(fdiv.o)
    0x08000344   0x0000014e   Code   RO         3566    .text               mf_w.l(dadd.o)
    0x08000492   0x000000de   Code   RO         3568    .text               mf_w.l(ddiv.o)
    0x08000570   0x00000012   Code   RO         3570    .text               mf_w.l(fflti.o)
    0x08000582   0x0000001a   Code   RO         3572    .text               mf_w.l(dfltui.o)
    0x0800059c   0x00000032   Code   RO         3574    .text               mf_w.l(ffixi.o)
    0x080005ce   0x00000026   Code   RO         3576    .text               mf_w.l(f2d.o)
    0x080005f4   0x00000028   Code   RO         3578    .text               mf_w.l(cdcmple.o)
    0x0800061c   0x00000028   Code   RO         3580    .text               mf_w.l(cdrcmple.o)
    0x08000644   0x00000038   Code   RO         3582    .text               mf_w.l(d2f.o)
    0x0800067c   0x00000014   Code   RO         3584    .text               mf_w.l(cfcmple.o)
    0x08000690   0x00000014   Code   RO         3586    .text               mf_w.l(cfrcmple.o)
    0x080006a4   0x0000002c   Code   RO         3610    .text               mc_w.l(uidiv.o)
    0x080006d0   0x00000062   Code   RO         3612    .text               mc_w.l(uldiv.o)
    0x08000732   0x0000001e   Code   RO         3614    .text               mc_w.l(llshl.o)
    0x08000750   0x00000024   Code   RO         3616    .text               mc_w.l(llsshr.o)
    0x08000774   0x00000000   Code   RO         3625    .text               mc_w.l(iusefp.o)
    0x08000774   0x0000006e   Code   RO         3626    .text               mf_w.l(fepilogue.o)
    0x080007e2   0x00000018   Code   RO         3628    .text               mf_w.l(fscalb.o)
    0x080007fa   0x0000003c   Code   RO         3630    .text               mf_w.l(frnd.o)
    0x08000836   0x000000b6   Code   RO         3632    .text               mf_w.l(depilogue.o)
    0x080008ec   0x000000e4   Code   RO         3634    .text               mf_w.l(dmul.o)
    0x080009d0   0x00000030   Code   RO         3636    .text               mf_w.l(dfixul.o)
    0x08000a00   0x00000024   Code   RO         3638    .text               mc_w.l(init.o)
    0x08000a24   0x00000020   Code   RO         3640    .text               mc_w.l(llushr.o)
    0x08000a44   0x0000000a   Code   RO         3642    .text               mf_w.l(ffltui.o)
    0x08000a4e   0x00000002   PAD
    0x08000a50   0x00000188   Code   RO          737    i.ADC1_2_Configuration  adc_configuration.o
    0x08000bd8   0x00000016   Code   RO         2676    i.ADC_Cmd           stm32f10x_adc.o
    0x08000bee   0x00000002   PAD
    0x08000bf0   0x00000038   Code   RO          738    i.ADC_Configuration  adc_configuration.o
    0x08000c28   0x00000016   Code   RO         2677    i.ADC_DMACmd        stm32f10x_adc.o
    0x08000c3e   0x00000002   PAD
    0x08000c40   0x0000005c   Code   RO         2678    i.ADC_DeInit        stm32f10x_adc.o
    0x08000c9c   0x00000016   Code   RO         2681    i.ADC_ExternalTrigConvCmd  stm32f10x_adc.o
    0x08000cb2   0x00000014   Code   RO         2684    i.ADC_GetCalibrationStatus  stm32f10x_adc.o
    0x08000cc6   0x00000014   Code   RO         2690    i.ADC_GetResetCalibrationStatus  stm32f10x_adc.o
    0x08000cda   0x00000002   PAD
    0x08000cdc   0x00000050   Code   RO         2694    i.ADC_Init          stm32f10x_adc.o
    0x08000d2c   0x0000001c   Code   RO          739    i.ADC_InputPin_Configuration  adc_configuration.o
    0x08000d48   0x000000b8   Code   RO         2698    i.ADC_RegularChannelConfig  stm32f10x_adc.o
    0x08000e00   0x0000000a   Code   RO         2699    i.ADC_ResetCalibration  stm32f10x_adc.o
    0x08000e0a   0x0000000a   Code   RO         2703    i.ADC_StartCalibration  stm32f10x_adc.o
    0x08000e14   0x00000024   Code   RO         2705    i.ADC_TempSensorVrefintCmd  stm32f10x_adc.o
    0x08000e38   0x000000e0   Code   RO          839    i.DMA1_Channel1_IRQHandler  dma_irqhandler.o
    0x08000f18   0x000000ac   Code   RO          840    i.DMA1_Channel2_IRQHandler  dma_irqhandler.o
    0x08000fc4   0x000000b0   Code   RO          841    i.DMA1_Channel4_IRQHandler  dma_irqhandler.o
    0x08001074   0x000000c0   Code   RO          842    i.DMA1_Channel7_IRQHandler  dma_irqhandler.o
    0x08001134   0x0000001c   Code   RO         1228    i.DMA_ClearITPendingBit  stm32f10x_dma.o
    0x08001150   0x00000016   Code   RO         1229    i.DMA_Cmd           stm32f10x_dma.o
    0x08001166   0x00000002   PAD
    0x08001168   0x00000138   Code   RO          555    i.DMA_Configuration  dma_configuration.o
    0x080012a0   0x0000014c   Code   RO         1230    i.DMA_DeInit        stm32f10x_dma.o
    0x080013ec   0x0000002c   Code   RO         1233    i.DMA_GetITStatus   stm32f10x_dma.o
    0x08001418   0x00000012   Code   RO         1234    i.DMA_ITConfig      stm32f10x_dma.o
    0x0800142a   0x0000003c   Code   RO         1235    i.DMA_Init          stm32f10x_dma.o
    0x08001466   0x0000000e   Code   RO          997    i.EXTI0_IRQHandler  exti_irqhandler.o
    0x08001474   0x00000038   Code   RO          998    i.EXTI15_10_IRQHandler  exti_irqhandler.o
    0x080014ac   0x00000024   Code   RO          999    i.EXTI1_IRQHandler  exti_irqhandler.o
    0x080014d0   0x00000024   Code   RO         1000    i.EXTI2_IRQHandler  exti_irqhandler.o
    0x080014f4   0x00000024   Code   RO         1001    i.EXTI3_IRQHandler  exti_irqhandler.o
    0x08001518   0x00000024   Code   RO         1002    i.EXTI4_IRQHandler  exti_irqhandler.o
    0x0800153c   0x000000cc   Code   RO         1003    i.EXTI9_5_IRQHandler  exti_irqhandler.o
    0x08001608   0x0000000c   Code   RO         1925    i.EXTI_ClearITPendingBit  stm32f10x_exti.o
    0x08001614   0x000000ac   Code   RO          683    i.EXTI_Configuration  exti_configuration.o
    0x080016c0   0x00000028   Code   RO         1929    i.EXTI_GetITStatus  stm32f10x_exti.o
    0x080016e8   0x00000094   Code   RO         1930    i.EXTI_Init         stm32f10x_exti.o
    0x0800177c   0x0000000c   Code   RO         1293    i.FLASH_ClearFlag   stm32f10x_flash.o
    0x08001788   0x00000050   Code   RO         1297    i.FLASH_ErasePage   stm32f10x_flash.o
    0x080017d8   0x00000034   Code   RO         1301    i.FLASH_GetStatus   stm32f10x_flash.o
    0x0800180c   0x00000014   Code   RO         1306    i.FLASH_Lock        stm32f10x_flash.o
    0x08001820   0x0000001c   Code   RO         1307    i.FLASH_PrefetchBufferCmd  stm32f10x_flash.o
    0x0800183c   0x00000074   Code   RO         1310    i.FLASH_ProgramWord  stm32f10x_flash.o
    0x080018b0   0x00000018   Code   RO         1312    i.FLASH_SetLatency  stm32f10x_flash.o
    0x080018c8   0x00000018   Code   RO         1313    i.FLASH_Unlock      stm32f10x_flash.o
    0x080018e0   0x0000002a   Code   RO         1315    i.FLASH_WaitForLastOperation  stm32f10x_flash.o
    0x0800190a   0x00000006   Code   RO          321    i.FlashReadWord     parameter.o
    0x08001910   0x00000078   Code   RO          322    i.FlashWritePage    parameter.o
    0x08001988   0x000000d0   Code   RO          567    i.GPIO_Configuration  gpio_configuration.o
    0x08001a58   0x00000040   Code   RO         1445    i.GPIO_EXTILineConfig  stm32f10x_gpio.o
    0x08001a98   0x00000116   Code   RO         1448    i.GPIO_Init         stm32f10x_gpio.o
    0x08001bae   0x00000002   PAD
    0x08001bb0   0x00000070   Code   RO         1450    i.GPIO_PinRemapConfig  stm32f10x_gpio.o
    0x08001c20   0x00000004   Code   RO         1455    i.GPIO_ResetBits    stm32f10x_gpio.o
    0x08001c24   0x00000004   Code   RO         1456    i.GPIO_SetBits      stm32f10x_gpio.o
    0x08001c28   0x00000002   Code   RO          168    i.GetPower          function.o
    0x08001c2a   0x0000002a   Code   RO          169    i.GetTemp           function.o
    0x08001c54   0x00000084   Code   RO         1058    i.InU2SendBuf       usart2_irqhandler.o
    0x08001cd8   0x0000004c   Code   RO            1    i.InitDevice        configuration.o
    0x08001d24   0x00000026   Code   RO          503    i.LowPassFilter2p_Init  lowpassfilter2p.o
    0x08001d4a   0x00000002   PAD
    0x08001d4c   0x000000fc   Code   RO          506    i.LowPassFilter2p_set_cutoff_frequency  lowpassfilter2p.o
    0x08001e48   0x00000158   Code   RO         1110    i.MPU6000_Init      mpu6000.o
    0x08001fa0   0x0000003c   Code   RO         1111    i.MPU6000_ReadBuffer  mpu6000.o
    0x08001fdc   0x00000034   Code   RO         1112    i.MPU6000_ReadOnlyGZ  mpu6000.o
    0x08002010   0x00000030   Code   RO         1113    i.MPU6000_ReadReg   mpu6000.o
    0x08002040   0x00000038   Code   RO         1116    i.MPU6000_WriteReg  mpu6000.o
    0x08002078   0x00000170   Code   RO          252    i.MotorData_Init    motor.o
    0x080021e8   0x00000110   Code   RO          253    i.Motor_Control     motor.o
    0x080022f8   0x0000028c   Code   RO          254    i.Motor_Init        motor.o
    0x08002584   0x00000104   Code   RO          585    i.NVIC_Configuration  nvic_configuration.o
    0x08002688   0x00000070   Code   RO         1191    i.NVIC_Init         misc.o
    0x080026f8   0x00000014   Code   RO         1192    i.NVIC_PriorityGroupConfig  misc.o
    0x0800270c   0x00000028   Code   RO          597    i.NVIC_SetPriority  systick_configuration.o
    0x08002734   0x00000014   Code   RO         1193    i.NVIC_SetVectorTable  misc.o
    0x08002748   0x000000a4   Code   RO         1059    i.OutU2FrameBuf     usart2_irqhandler.o
    0x080027ec   0x00000018   Code   RO         1556    i.RCC_ADCCLKConfig  stm32f10x_rcc.o
    0x08002804   0x00000020   Code   RO         1557    i.RCC_AHBPeriphClockCmd  stm32f10x_rcc.o
    0x08002824   0x00000020   Code   RO         1558    i.RCC_APB1PeriphClockCmd  stm32f10x_rcc.o
    0x08002844   0x00000020   Code   RO         1559    i.RCC_APB1PeriphResetCmd  stm32f10x_rcc.o
    0x08002864   0x00000020   Code   RO         1560    i.RCC_APB2PeriphClockCmd  stm32f10x_rcc.o
    0x08002884   0x00000020   Code   RO         1561    i.RCC_APB2PeriphResetCmd  stm32f10x_rcc.o
    0x080028a4   0x00000074   Code   RO          543    i.RCC_Configuration  rcc_configuration.o
    0x08002918   0x0000004c   Code   RO         1567    i.RCC_DeInit        stm32f10x_rcc.o
    0x08002964   0x000000d4   Code   RO         1568    i.RCC_GetClocksFreq  stm32f10x_rcc.o
    0x08002a38   0x0000003c   Code   RO         1569    i.RCC_GetFlagStatus  stm32f10x_rcc.o
    0x08002a74   0x00000010   Code   RO         1571    i.RCC_GetSYSCLKSource  stm32f10x_rcc.o
    0x08002a84   0x00000018   Code   RO         1572    i.RCC_HCLKConfig    stm32f10x_rcc.o
    0x08002a9c   0x0000004c   Code   RO         1573    i.RCC_HSEConfig     stm32f10x_rcc.o
    0x08002ae8   0x00000018   Code   RO         1579    i.RCC_PCLK1Config   stm32f10x_rcc.o
    0x08002b00   0x00000018   Code   RO         1580    i.RCC_PCLK2Config   stm32f10x_rcc.o
    0x08002b18   0x0000000c   Code   RO         1581    i.RCC_PLLCmd        stm32f10x_rcc.o
    0x08002b24   0x0000001c   Code   RO         1582    i.RCC_PLLConfig     stm32f10x_rcc.o
    0x08002b40   0x00000018   Code   RO         1585    i.RCC_SYSCLKConfig  stm32f10x_rcc.o
    0x08002b58   0x00000038   Code   RO         1587    i.RCC_WaitForHSEStartUp  stm32f10x_rcc.o
    0x08002b90   0x000000ac   Code   RO          885    i.ReceiveBaseCommand  usart1_irqhandler.o
    0x08002c3c   0x00000080   Code   RO          803    i.SPI2_Configuration  spi_configuration.o
    0x08002cbc   0x00000074   Code   RO          804    i.SPI2_HighSpeed    spi_configuration.o
    0x08002d30   0x00000038   Code   RO          805    i.SPI2_SendByte     spi_configuration.o
    0x08002d68   0x00000018   Code   RO         1983    i.SPI_Cmd           stm32f10x_spi.o
    0x08002d80   0x00000012   Code   RO         1991    i.SPI_I2S_GetFlagStatus  stm32f10x_spi.o
    0x08002d92   0x00000006   Code   RO         1994    i.SPI_I2S_ReceiveData  stm32f10x_spi.o
    0x08002d98   0x00000004   Code   RO         1995    i.SPI_I2S_SendData  stm32f10x_spi.o
    0x08002d9c   0x0000003c   Code   RO         1996    i.SPI_Init          stm32f10x_spi.o
    0x08002dd8   0x0000008c   Code   RO          886    i.SendBatteryState  usart1_irqhandler.o
    0x08002e64   0x0000008c   Code   RO          887    i.SendBreakerStatus  usart1_irqhandler.o
    0x08002ef0   0x000000a0   Code   RO          889    i.SendEncodersAndGyro  usart1_irqhandler.o
    0x08002f90   0x0000009c   Code   RO          891    i.SendParam         usart1_irqhandler.o
    0x0800302c   0x00000008   Code   RO         3246    i.SetSysClock       system_stm32f10x.o
    0x08003034   0x000000e4   Code   RO         3247    i.SetSysClockTo72   system_stm32f10x.o
    0x08003118   0x00000028   Code   RO         1195    i.SysTick_CLKSourceConfig  misc.o
    0x08003140   0x0000009c   Code   RO          598    i.SysTick_Configuration  systick_configuration.o
    0x080031dc   0x000000a8   Code   RO          870    i.SysTick_Handler   systick_handler.o
    0x08003284   0x00000054   Code   RO         3248    i.SystemInit        system_stm32f10x.o
    0x080032d8   0x00000038   Code   RO         2122    i.TI1_Config        stm32f10x_tim.o
    0x08003310   0x00000050   Code   RO         2123    i.TI2_Config        stm32f10x_tim.o
    0x08003360   0x00000048   Code   RO         2124    i.TI3_Config        stm32f10x_tim.o
    0x080033a8   0x00000050   Code   RO         2125    i.TI4_Config        stm32f10x_tim.o
    0x080033f8   0x000000b0   Code   RO          695    i.TIM1_Configuration  tim_configuration.o
    0x080034a8   0x00000114   Code   RO          696    i.TIM2_Configuration  tim_configuration.o
    0x080035bc   0x000000dc   Code   RO          697    i.TIM3_Configuration  tim_configuration.o
    0x08003698   0x000000e8   Code   RO          698    i.TIM4_Configuration  tim_configuration.o
    0x08003780   0x000002a4   Code   RO         1045    i.TIM8_CC_IRQHandler  tim8_irqhandler.o
    0x08003a24   0x00000006   Code   RO         2132    i.TIM_ClearFlag     stm32f10x_tim.o
    0x08003a2a   0x00000006   Code   RO         2133    i.TIM_ClearITPendingBit  stm32f10x_tim.o
    0x08003a30   0x00000018   Code   RO         2138    i.TIM_Cmd           stm32f10x_tim.o
    0x08003a48   0x0000001e   Code   RO         2140    i.TIM_CtrlPWMOutputs  stm32f10x_tim.o
    0x08003a66   0x00000002   PAD
    0x08003a68   0x000000e0   Code   RO         2143    i.TIM_DeInit        stm32f10x_tim.o
    0x08003b48   0x00000042   Code   RO         2147    i.TIM_EncoderInterfaceConfig  stm32f10x_tim.o
    0x08003b8a   0x00000006   Code   RO         2153    i.TIM_GetCapture1   stm32f10x_tim.o
    0x08003b90   0x00000006   Code   RO         2154    i.TIM_GetCapture2   stm32f10x_tim.o
    0x08003b96   0x00000006   Code   RO         2155    i.TIM_GetCapture3   stm32f10x_tim.o
    0x08003b9c   0x00000008   Code   RO         2156    i.TIM_GetCapture4   stm32f10x_tim.o
    0x08003ba4   0x00000022   Code   RO         2159    i.TIM_GetITStatus   stm32f10x_tim.o
    0x08003bc6   0x0000006e   Code   RO         2161    i.TIM_ICInit        stm32f10x_tim.o
    0x08003c34   0x00000012   Code   RO         2162    i.TIM_ICStructInit  stm32f10x_tim.o
    0x08003c46   0x00000012   Code   RO         2163    i.TIM_ITConfig      stm32f10x_tim.o
    0x08003c58   0x00000098   Code   RO         2177    i.TIM_OC3Init       stm32f10x_tim.o
    0x08003cf0   0x00000074   Code   RO         2182    i.TIM_OC4Init       stm32f10x_tim.o
    0x08003d64   0x00000012   Code   RO         2195    i.TIM_SelectOutputTrigger  stm32f10x_tim.o
    0x08003d76   0x00000004   Code   RO         2203    i.TIM_SetCounter    stm32f10x_tim.o
    0x08003d7a   0x00000012   Code   RO         2204    i.TIM_SetIC1Prescaler  stm32f10x_tim.o
    0x08003d8c   0x0000001a   Code   RO         2205    i.TIM_SetIC2Prescaler  stm32f10x_tim.o
    0x08003da6   0x00000012   Code   RO         2206    i.TIM_SetIC3Prescaler  stm32f10x_tim.o
    0x08003db8   0x0000001a   Code   RO         2207    i.TIM_SetIC4Prescaler  stm32f10x_tim.o
    0x08003dd2   0x00000002   PAD
    0x08003dd4   0x0000003c   Code   RO         2209    i.TIM_TimeBaseInit  stm32f10x_tim.o
    0x08003e10   0x00000012   Code   RO         2210    i.TIM_TimeBaseStructInit  stm32f10x_tim.o
    0x08003e22   0x00000002   PAD
    0x08003e24   0x0000005c   Code   RO          892    i.U1Printf          usart1_irqhandler.o
    0x08003e80   0x0000002c   Code   RO         1060    i.U2Printf          usart2_irqhandler.o
    0x08003eac   0x00000060   Code   RO         1061    i.U2PrintfDMA       usart2_irqhandler.o
    0x08003f0c   0x00000420   Code   RO         1062    i.UART2_CAL         usart2_irqhandler.o
    0x0800432c   0x000000e0   Code   RO          641    i.USART1_Configuration  usart_configuration.o
    0x0800440c   0x00000030   Code   RO          894    i.USART1_IRQHandler  usart1_irqhandler.o
    0x0800443c   0x000000dc   Code   RO          643    i.USART2_Configuration  usart_configuration.o
    0x08004518   0x00000138   Code   RO         1063    i.USART2_IRQHandler  usart2_irqhandler.o
    0x08004650   0x00000024   Code   RO          644    i.USART2_SendData   usart_configuration.o
    0x08004674   0x0000001e   Code   RO         1757    i.USART_ClearITPendingBit  stm32f10x_usart.o
    0x08004692   0x00000022   Code   RO         1758    i.USART_ClockInit   stm32f10x_usart.o
    0x080046b4   0x00000018   Code   RO         1760    i.USART_Cmd         stm32f10x_usart.o
    0x080046cc   0x00000012   Code   RO         1761    i.USART_DMACmd      stm32f10x_usart.o
    0x080046de   0x0000001a   Code   RO         1763    i.USART_GetFlagStatus  stm32f10x_usart.o
    0x080046f8   0x00000054   Code   RO         1764    i.USART_GetITStatus  stm32f10x_usart.o
    0x0800474c   0x0000004a   Code   RO         1766    i.USART_ITConfig    stm32f10x_usart.o
    0x08004796   0x00000002   PAD
    0x08004798   0x000000a0   Code   RO         1767    i.USART_Init        stm32f10x_usart.o
    0x08004838   0x0000000a   Code   RO         1772    i.USART_ReceiveData  stm32f10x_usart.o
    0x08004842   0x00000002   PAD
    0x08004844   0x00000020   Code   RO         3532    i.__0printf         mc_w.l(printfa.o)
    0x08004864   0x00000026   Code   RO         3588    i.__ARM_fpclassifyf  m_ws.l(fpclassifyf.o)
    0x0800488a   0x0000000a   Code   RO         3590    i.__mathlib_flt_underflow  m_ws.l(funder.o)
    0x08004894   0x00000158   Code   RO         3592    i.__mathlib_rredf2  m_ws.l(rredf.o)
    0x080049ec   0x0000000e   Code   RO         3646    i.__scatterload_copy  mc_w.l(handlers.o)
    0x080049fa   0x00000002   Code   RO         3647    i.__scatterload_null  mc_w.l(handlers.o)
    0x080049fc   0x0000000e   Code   RO         3648    i.__scatterload_zeroinit  mc_w.l(handlers.o)
    0x08004a0a   0x00000002   PAD
    0x08004a0c   0x0000000c   Code   RO         3620    i.__set_errno       mc_w.l(errno.o)
    0x08004a18   0x00000164   Code   RO         3539    i._fp_digits        mc_w.l(printfa.o)
    0x08004b7c   0x000006dc   Code   RO         3540    i._printf_core      mc_w.l(printfa.o)
    0x08005258   0x00000024   Code   RO         3541    i._printf_post_padding  mc_w.l(printfa.o)
    0x0800527c   0x0000002e   Code   RO         3542    i._printf_pre_padding  mc_w.l(printfa.o)
    0x080052aa   0x00000018   Code   RO          174    i.bytes4ToFloat     function.o
    0x080052c2   0x00000002   PAD
    0x080052c4   0x0000046c   Code   RO          896    i.calBaseCmd        usart1_irqhandler.o
    0x08005730   0x0000011e   Code   RO          256    i.calVelocity       motor.o
    0x0800584e   0x00000002   PAD
    0x08005850   0x000000e4   Code   RO          479    i.computeCommand    pid.o
    0x08005934   0x00000020   Code   RO          257    i.computeEncoderDelta  motor.o
    0x08005954   0x00000084   Code   RO          258    i.computeVelocityPidOutput  motor.o
    0x080059d8   0x00000184   Code   RO         3275    i.cosf              m_ws.l(cosf.o)
    0x08005b5c   0x0000001a   Code   RO         1316    i.delay             stm32f10x_flash.o
    0x08005b76   0x00000020   Code   RO          175    i.delayms           function.o
    0x08005b96   0x00000002   PAD
    0x08005b98   0x00000060   Code   RO          600    i.deltaTimeStampDouble  systick_configuration.o
    0x08005bf8   0x00000078   Code   RO          601    i.deltaTimeStampFloat  systick_configuration.o
    0x08005c70   0x00000028   Code   RO          179    i.fputc             function.o
    0x08005c98   0x00000030   Code   RO          602    i.getTimeStamp      systick_configuration.o
    0x08005cc8   0x00000028   Code   RO          897    i.inBaseBuf         usart1_irqhandler.o
    0x08005cf0   0x0000001e   Code   RO          481    i.initPid           pid.o
    0x08005d0e   0x00000002   PAD
    0x08005d10   0x00000134   Code   RO          143    i.main              main.o
    0x08005e44   0x00000044   Code   RO          898    i.outBaseBuf        usart1_irqhandler.o
    0x08005e88   0x00000160   Code   RO          259    i.outputSpeed       motor.o
    0x08005fe8   0x00000028   Code   RO          324    i.paramFind         parameter.o
    0x08006010   0x0000003c   Code   RO          325    i.paramGetBytes4    parameter.o
    0x0800604c   0x00000024   Code   RO          328    i.paramReadFloatWithDefault  parameter.o
    0x08006070   0x0000003c   Code   RO          331    i.paramSetBytes4    parameter.o
    0x080060ac   0x0000000e   Code   RO          333    i.paramValidIndex   parameter.o
    0x080060ba   0x00000002   PAD
    0x080060bc   0x00000028   Code   RO          335    i.paramWriteFloat   parameter.o
    0x080060e4   0x00000074   Code   RO          338    i.paramsInfoPrint   parameter.o
    0x08006158   0x00000090   Code   RO          339    i.paramsInit        parameter.o
    0x080061e8   0x00000048   Code   RO          340    i.paramsLoad        parameter.o
    0x08006230   0x00000248   Code   RO          341    i.paramsRefresh     parameter.o
    0x08006478   0x00000058   Code   RO          342    i.paramsReset       parameter.o
    0x080064d0   0x00000068   Code   RO          343    i.paramsSave        parameter.o
    0x08006538   0x0000004c   Code   RO          180    i.s16s8toFloat      function.o
    0x08006584   0x0000003c   Code   RO          568    i.setBreakerStatus  gpio_configuration.o
    0x080065c0   0x00000020   Code   RO          260    i.setSpeed          motor.o
    0x080065e0   0x00000178   Code   RO         3283    i.tanf              m_ws.l(tanf.o)
    0x08006758   0x00000048   Data   RO          345    .constdata          parameter.o
    0x080067a0   0x00000014   Data   RO         3249    .constdata          system_stm32f10x.o
    0x080067b4   0x00000020   Data   RO         3593    .constdata          m_ws.l(rredf.o)
    0x080067d4   0x00000137   Data   RO          346    .conststring        parameter.o
    0x0800690b   0x00000001   PAD
    0x0800690c   0x00000020   Data   RO         3644    Region$$Table       anon$$obj.o


    Execution Region RW_IRAM1 (Base: 0x20000000, Size: 0x000022b0, Max: 0x0000c000, ABSOLUTE)

    Base Addr    Size         Type   Attr      Idx    E Section Name        Object

    0x20000000   0x00000071   Data   RW          156    .data               var.o
    0x20000071   0x00000003   PAD
    0x20000074   0x00000010   Data   RW          263    .data               motor.o
    0x20000084   0x00000048   Data   RW          347    .data               parameter.o
    0x200000cc   0x00000001   Data   RW         1064    .data               usart2_irqhandler.o
    0x200000cd   0x00000001   PAD
    0x200000ce   0x00000008   Data   RW         1119    .data               mpu6000.o
    0x200000d6   0x00000014   Data   RW         1588    .data               stm32f10x_rcc.o
    0x200000ea   0x00000002   PAD
    0x200000ec   0x00000004   Data   RW         3609    .data               mc_w.l(stdout.o)
    0x200000f0   0x00000004   Data   RW         3621    .data               mc_w.l(errno.o)
    0x200000f4   0x0000115c   Zero   RW          155    .bss                var.o
    0x20001250   0x00000110   Zero   RW          261    .bss                motor.o
    0x20001360   0x00000890   Zero   RW          344    .bss                parameter.o
    0x20001bf0   0x00000030   Zero   RW          843    .bss                dma_irqhandler.o
    0x20001c20   0x00000290   Zero   RW         1118    .bss                mpu6000.o
    0x20001eb0   0x00000400   Zero   RW         3228    STACK               startup_stm32f10x_hd.o


==============================================================================

Image component sizes


      Code (inc. data)   RO Data    RW Data    ZI Data      Debug   Object Name

       476         48          0          0          0       1728   adc_configuration.o
        76          0          0          0          0     284655   configuration.o
       312         62          0          0          0        696   dma_configuration.o
       764        110          0          0         48       2296   dma_irqhandler.o
       172         42          0          0          0        605   exti_configuration.o
       418        162          0          0          0       3419   exti_irqhandler.o
       216         14          0          0          0       3206   function.o
       268         58          0          0          0       1144   gpio_configuration.o
       290          8          0          0          0       1698   lowpassfilter2p.o
       308        130          0          0          0        551   main.o
       192         30          0          0          0       2611   misc.o
      2126        480          0         16        272       7142   motor.o
       560        146          0          8        656       6271   mpu6000.o
       260         32          0          0          0        661   nvic_configuration.o
      1484        554        383         72       2192       8982   parameter.o
       258         10          0          0          0       1599   pid.o
       116          0          0          0          0        572   rcc_configuration.o
       300         48          0          0          0       1706   spi_configuration.o
        48         12        304          0       1024        884   startup_stm32f10x_hd.o
       518         30          0          0          0       8464   stm32f10x_adc.o
       504         28          0          0          0       4615   stm32f10x_dma.o
       200         18          0          0          0       2116   stm32f10x_exti.o
       424         50          0          0          0       6868   stm32f10x_flash.o
       462         10          0          0          0       4388   stm32f10x_gpio.o
       816        116          0         20          0      12735   stm32f10x_rcc.o
       112          0          0          0          0       3814   stm32f10x_spi.o
      1306         56          0          0          0      19741   stm32f10x_tim.o
       460          4          0          0          0       7335   stm32f10x_usart.o
       320         22         20          0          0       2229   system_stm32f10x.o
       460         76          0          0          0       7932   systick_configuration.o
       168         24          0          0          0        526   systick_handler.o
       676         34          0          0          0        893   tim8_irqhandler.o
       904        166          0          0          0       2744   tim_configuration.o
      2148        376          0          0          0       6883   usart1_irqhandler.o
      1804        414          0          1          0       4095   usart2_irqhandler.o
       480         90          0          0          0       1912   usart_configuration.o
         0          0          0        113       4444       3700   var.o

    ----------------------------------------------------------------------
     20438       3460        740        236       8636     431416   Object Totals
         0          0         32          0          0          0   (incl. Generated)
        32          0          1          6          0          0   (incl. Padding)

    ----------------------------------------------------------------------

      Code (inc. data)   RO Data    RW Data    ZI Data      Debug   Library Member Name

       388         54          0          0          0        124   cosf.o
        38          0          0          0          0         68   fpclassifyf.o
        10          0          0          0          0         68   funder.o
       344         18         32          0          0         88   rredf.o
       376         56          0          0          0        124   tanf.o
         0          0          0          0          0          0   entry.o
         0          0          0          0          0          0   entry10a.o
         0          0          0          0          0          0   entry11a.o
         8          4          0          0          0          0   entry2.o
         4          0          0          0          0          0   entry5.o
         0          0          0          0          0          0   entry7b.o
         0          0          0          0          0          0   entry8b.o
         8          4          0          0          0          0   entry9a.o
        12          6          0          4          0         68   errno.o
        30          0          0          0          0          0   handlers.o
        36          8          0          0          0         68   init.o
         0          0          0          0          0          0   iusefp.o
        30          0          0          0          0         68   llshl.o
        36          0          0          0          0         68   llsshr.o
        32          0          0          0          0         68   llushr.o
        36          0          0          0          0         68   memcpya.o
      2226         90          0          0          0        444   printfa.o
         0          0          0          4          0          0   stdout.o
        28          0          0          0          0         76   strcmp.o
        44          0          0          0          0         80   uidiv.o
        98          0          0          0          0         92   uldiv.o
        40          2          0          0          0         68   cdcmple.o
        40          2          0          0          0         68   cdrcmple.o
        20          0          0          0          0         68   cfcmple.o
        20          0          0          0          0         68   cfrcmple.o
        56          0          0          0          0         88   d2f.o
       334          0          0          0          0        148   dadd.o
       222          0          0          0          0        100   ddiv.o
       182          0          0          0          0        176   depilogue.o
        48          0          0          0          0         68   dfixul.o
        26          0          0          0          0         76   dfltui.o
       228          0          0          0          0         96   dmul.o
        38          0          0          0          0         68   f2d.o
       176          0          0          0          0        140   fadd.o
       124          0          0          0          0         88   fdiv.o
       110          0          0          0          0        168   fepilogue.o
        50          0          0          0          0         68   ffixi.o
        18          0          0          0          0         68   fflti.o
        10          0          0          0          0         68   ffltui.o
       100          0          0          0          0         76   fmul.o
        60          0          0          0          0         76   frnd.o
        24          0          0          0          0         68   fscalb.o

    ----------------------------------------------------------------------
      5714        244         32          8          0       3484   Library Totals
         4          0          0          0          0          0   (incl. Padding)

    ----------------------------------------------------------------------

      Code (inc. data)   RO Data    RW Data    ZI Data      Debug   Library Name

      1156        128         32          0          0        472   m_ws.l
      2628        112          0          8          0       1100   mc_w.l
      1926          4          0          0          0       1912   mf_w.l

    ----------------------------------------------------------------------
      5714        244         32          8          0       3484   Library Totals

    ----------------------------------------------------------------------

==============================================================================


      Code (inc. data)   RO Data    RW Data    ZI Data      Debug   

     26152       3704        772        244       8636     423248   Grand Totals
     26152       3704        772        244       8636     423248   ELF Image Totals
     26152       3704        772        244          0          0   ROM Totals

==============================================================================

    Total RO  Size (Code + RO Data)                26924 (  26.29kB)
    Total RW  Size (RW Data + ZI Data)              8880 (   8.67kB)
    Total ROM Size (Code + RO Data + RW Data)      27168 (  26.53kB)

==============================================================================

