Product: MDK-ARM Professional 5.10
Component: ARM Compiler 5.04 update 1 (build 49)
Tool: armlink [5040049]

==============================================================================

Section Cross References

    configuration.o(i.InitDevice) refers to system_stm32f10x.o(i.SystemInit) for SystemInit
    configuration.o(i.InitDevice) refers to rcc_configuration.o(i.RCC_Configuration) for RCC_Configuration
    configuration.o(i.InitDevice) refers to usart_configuration.o(i.USART1_Configuration) for USART1_Configuration
    configuration.o(i.InitDevice) refers to usart_configuration.o(i.USART2_Configuration) for USART2_Configuration
    configuration.o(i.InitDevice) refers to gpio_configuration.o(i.GPIO_Configuration) for GPIO_Configuration
    configuration.o(i.InitDevice) refers to dma_configuration.o(i.DMA_Configuration) for DMA_Configuration
    configuration.o(i.InitDevice) refers to exti_configuration.o(i.EXTI_Configuration) for EXTI_Configuration
    configuration.o(i.InitDevice) refers to tim_configuration.o(i.TIM5_Configuration) for TIM5_Configuration
    configuration.o(i.InitDevice) refers to tim_configuration.o(i.TIM2_Configuration) for TIM2_Configuration
    configuration.o(i.InitDevice) refers to tim_configuration.o(i.TIM4_Configuration) for TIM4_Configuration
    configuration.o(i.InitDevice) refers to systick_configuration.o(i.SysTick_Configuration) for SysTick_Configuration
    configuration.o(i.InitDevice) refers to nvic_configuration.o(i.NVIC_Configuration) for NVIC_Configuration
    main.o(i.main) refers to configuration.o(i.InitDevice) for InitDevice
    main.o(i.main) refers to printf1.o(i.__0printf$1) for __2printf
    main.o(i.main) refers to usart1_irqhandler.o(i.U1Printf) for U1Printf
    main.o(i.main) refers to function.o(i.GetTemp) for GetTemp
    main.o(i.main) refers to function.o(i.GetPower) for GetPower
    main.o(i.main) refers to usart1_irqhandler.o(i.UART1_CAL) for UART1_CAL
    main.o(i.main) refers to usart1_irqhandler.o(i.OutU1FrameBuf) for OutU1FrameBuf
    main.o(i.main) refers to usart2_irqhandler.o(i.UART2_CAL) for UART2_CAL
    main.o(i.main) refers to usart2_irqhandler.o(i.OutU2FrameBuf) for OutU2FrameBuf
    main.o(i.main) refers to var.o(.data) for ADC1_2_OK
    main.o(i.main) refers to var.o(.bss) for ADC_ConvertedValue
    function.o(i.Delay2) refers to var.o(.data) for TimingDelay
    function.o(i.GetPower) refers to dfltui.o(.text) for __aeabi_ui2d
    function.o(i.GetPower) refers to ddiv.o(.text) for __aeabi_ddiv
    function.o(i.GetPower) refers to dfixui.o(.text) for __aeabi_d2uiz
    function.o(i.fputc) refers to var.o(.bss) for PrintfBuf
    function.o(i.fputc) refers to var.o(.data) for PrintfCn
    function.o(i.getTimeStamp) refers to dfltui.o(.text) for __aeabi_ui2d
    function.o(i.getTimeStamp) refers to ddiv.o(.text) for __aeabi_ddiv
    function.o(i.getTimeStamp) refers to dadd.o(.text) for __aeabi_dadd
    function.o(i.getTimeStamp) refers to var.o(.data) for Time
    rcc_configuration.o(i.RCC_Configuration) refers to stm32f10x_rcc.o(i.RCC_DeInit) for RCC_DeInit
    rcc_configuration.o(i.RCC_Configuration) refers to stm32f10x_rcc.o(i.RCC_HSEConfig) for RCC_HSEConfig
    rcc_configuration.o(i.RCC_Configuration) refers to stm32f10x_rcc.o(i.RCC_WaitForHSEStartUp) for RCC_WaitForHSEStartUp
    rcc_configuration.o(i.RCC_Configuration) refers to stm32f10x_rcc.o(i.RCC_HCLKConfig) for RCC_HCLKConfig
    rcc_configuration.o(i.RCC_Configuration) refers to stm32f10x_rcc.o(i.RCC_PCLK2Config) for RCC_PCLK2Config
    rcc_configuration.o(i.RCC_Configuration) refers to stm32f10x_rcc.o(i.RCC_PCLK1Config) for RCC_PCLK1Config
    rcc_configuration.o(i.RCC_Configuration) refers to stm32f10x_rcc.o(i.RCC_ADCCLKConfig) for RCC_ADCCLKConfig
    rcc_configuration.o(i.RCC_Configuration) refers to stm32f10x_flash.o(i.FLASH_SetLatency) for FLASH_SetLatency
    rcc_configuration.o(i.RCC_Configuration) refers to stm32f10x_flash.o(i.FLASH_PrefetchBufferCmd) for FLASH_PrefetchBufferCmd
    rcc_configuration.o(i.RCC_Configuration) refers to stm32f10x_rcc.o(i.RCC_PLLConfig) for RCC_PLLConfig
    rcc_configuration.o(i.RCC_Configuration) refers to stm32f10x_rcc.o(i.RCC_PLLCmd) for RCC_PLLCmd
    rcc_configuration.o(i.RCC_Configuration) refers to stm32f10x_rcc.o(i.RCC_GetFlagStatus) for RCC_GetFlagStatus
    rcc_configuration.o(i.RCC_Configuration) refers to stm32f10x_rcc.o(i.RCC_SYSCLKConfig) for RCC_SYSCLKConfig
    rcc_configuration.o(i.RCC_Configuration) refers to stm32f10x_rcc.o(i.RCC_GetSYSCLKSource) for RCC_GetSYSCLKSource
    rcc_configuration.o(i.RCC_Configuration) refers to stm32f10x_rcc.o(i.RCC_APB2PeriphClockCmd) for RCC_APB2PeriphClockCmd
    dma_configuration.o(i.DMA_Configuration) refers to stm32f10x_rcc.o(i.RCC_AHBPeriphClockCmd) for RCC_AHBPeriphClockCmd
    dma_configuration.o(i.DMA_Configuration) refers to stm32f10x_dma.o(i.DMA_DeInit) for DMA_DeInit
[...]
    Removing spi_configuration.o(i.SPI3_Configuration), (220 bytes).
    Removing spi_configuration.o(i.SPI3_SendByte), (56 bytes).
    Removing usart1_irqhandler.o(i.InU1FrameBuf), (108 bytes).
    Removing usart2_irqhandler.o(i.InU2FrameBuf), (108 bytes).
    Removing usart2_irqhandler.o(i.U2Printf), (92 bytes).
    Removing misc.o(i.NVIC_SystemLPConfig), (32 bytes).
    Removing stm32f10x_dma.o(i.DMA_ClearFlag), (28 bytes).
    Removing stm32f10x_dma.o(i.DMA_GetCurrDataCounter), (8 bytes).
    Removing stm32f10x_dma.o(i.DMA_GetFlagStatus), (44 bytes).
    Removing stm32f10x_dma.o(i.DMA_StructInit), (26 bytes).
    Removing stm32f10x_flash.o(i.FLASH_ClearFlag), (12 bytes).
    Removing stm32f10x_flash.o(i.FLASH_EnableWriteProtection), (196 bytes).
    Removing stm32f10x_flash.o(i.FLASH_EraseAllPages), (76 bytes).
    Removing stm32f10x_flash.o(i.FLASH_EraseOptionBytes), (160 bytes).
    Removing stm32f10x_flash.o(i.FLASH_ErasePage), (80 bytes).
    Removing stm32f10x_flash.o(i.FLASH_GetFlagStatus), (48 bytes).
    Removing stm32f10x_flash.o(i.FLASH_GetPrefetchBufferStatus), (24 bytes).
    Removing stm32f10x_flash.o(i.FLASH_GetReadOutProtectionStatus), (24 bytes).
    Removing stm32f10x_flash.o(i.FLASH_GetStatus), (52 bytes).
    Removing stm32f10x_flash.o(i.FLASH_GetUserOptionByte), (12 bytes).
    Removing stm32f10x_flash.o(i.FLASH_GetWriteProtectionOptionByte), (12 bytes).
    Removing stm32f10x_flash.o(i.FLASH_HalfCycleAccessCmd), (28 bytes).
    Removing stm32f10x_flash.o(i.FLASH_ITConfig), (32 bytes).
    Removing stm32f10x_flash.o(i.FLASH_Lock), (20 bytes).
    Removing stm32f10x_flash.o(i.FLASH_ProgramHalfWord), (68 bytes).
    Removing stm32f10x_flash.o(i.FLASH_ProgramOptionByteData), (84 bytes).
    Removing stm32f10x_flash.o(i.FLASH_ProgramWord), (116 bytes).
    Removing stm32f10x_flash.o(i.FLASH_ReadOutProtection), (172 bytes).
    Removing stm32f10x_flash.o(i.FLASH_Unlock), (24 bytes).
    Removing stm32f10x_flash.o(i.FLASH_UserOptionByteConfig), (108 bytes).
    Removing stm32f10x_flash.o(i.FLASH_WaitForLastOperation), (42 bytes).
    Removing stm32f10x_flash.o(i.delay), (26 bytes).
    Removing stm32f10x_gpio.o(i.GPIO_AFIODeInit), (20 bytes).
    Removing stm32f10x_gpio.o(i.GPIO_DeInit), (200 bytes).
    Removing stm32f10x_gpio.o(i.GPIO_ETH_MediaInterfaceConfig), (12 bytes).
    Removing stm32f10x_gpio.o(i.GPIO_EventOutputCmd), (12 bytes).
    Removing stm32f10x_gpio.o(i.GPIO_EventOutputConfig), (32 bytes).
    Removing stm32f10x_gpio.o(i.GPIO_PinLockConfig), (18 bytes).
    Removing stm32f10x_gpio.o(i.GPIO_ReadInputData), (8 bytes).
    Removing stm32f10x_gpio.o(i.GPIO_ReadInputDataBit), (18 bytes).
    Removing stm32f10x_gpio.o(i.GPIO_ReadOutputData), (8 bytes).
    Removing stm32f10x_gpio.o(i.GPIO_ReadOutputDataBit), (18 bytes).
    Removing stm32f10x_gpio.o(i.GPIO_ResetBits), (4 bytes).
    Removing stm32f10x_gpio.o(i.GPIO_StructInit), (16 bytes).
    Removing stm32f10x_gpio.o(i.GPIO_Write), (4 bytes).
    Removing stm32f10x_gpio.o(i.GPIO_WriteBit), (10 bytes).
    Removing stm32f10x_rcc.o(i.RCC_AdjustHSICalibrationValue), (24 bytes).
    Removing stm32f10x_rcc.o(i.RCC_BackupResetCmd), (12 bytes).
    Removing stm32f10x_rcc.o(i.RCC_ClearFlag), (20 bytes).
    Removing stm32f10x_rcc.o(i.RCC_ClearITPendingBit), (12 bytes).
    Removing stm32f10x_rcc.o(i.RCC_ClockSecuritySystemCmd), (12 bytes).
    Removing stm32f10x_rcc.o(i.RCC_GetITStatus), (24 bytes).
    Removing stm32f10x_rcc.o(i.RCC_HSICmd), (12 bytes).
    Removing stm32f10x_rcc.o(i.RCC_ITConfig), (32 bytes).
    Removing stm32f10x_rcc.o(i.RCC_LSEConfig), (52 bytes).
    Removing stm32f10x_rcc.o(i.RCC_LSICmd), (12 bytes).
    Removing stm32f10x_rcc.o(i.RCC_MCOConfig), (12 bytes).
    Removing stm32f10x_rcc.o(i.RCC_RTCCLKCmd), (12 bytes).
    Removing stm32f10x_rcc.o(i.RCC_RTCCLKConfig), (16 bytes).
    Removing stm32f10x_rcc.o(i.RCC_USBCLKConfig), (12 bytes).
    Removing stm32f10x_usart.o(i.USART_ClearFlag), (18 bytes).
    Removing stm32f10x_usart.o(i.USART_ClockStructInit), (12 bytes).
    Removing stm32f10x_usart.o(i.USART_DeInit), (156 bytes).
    Removing stm32f10x_usart.o(i.USART_GetFlagStatus), (26 bytes).
    Removing stm32f10x_usart.o(i.USART_HalfDuplexCmd), (24 bytes).
    Removing stm32f10x_usart.o(i.USART_IrDACmd), (24 bytes).
    Removing stm32f10x_usart.o(i.USART_IrDAConfig), (18 bytes).
    Removing stm32f10x_usart.o(i.USART_LINBreakDetectLengthConfig), (18 bytes).
    Removing stm32f10x_usart.o(i.USART_LINCmd), (24 bytes).
    Removing stm32f10x_usart.o(i.USART_ReceiverWakeUpCmd), (24 bytes).
    Removing stm32f10x_usart.o(i.USART_SendBreak), (10 bytes).
    Removing stm32f10x_usart.o(i.USART_SendData), (8 bytes).
    Removing stm32f10x_usart.o(i.USART_SetAddress), (18 bytes).
    Removing stm32f10x_usart.o(i.USART_SetGuardTime), (16 bytes).
    Removing stm32f10x_usart.o(i.USART_SetPrescaler), (16 bytes).
    Removing stm32f10x_usart.o(i.USART_SmartCardCmd), (24 bytes).
    Removing stm32f10x_usart.o(i.USART_SmartCardNACKCmd), (24 bytes).
    Removing stm32f10x_usart.o(i.USART_StructInit), (24 bytes).
    Removing stm32f10x_usart.o(i.USART_WakeUpConfig), (18 bytes).
    Removing stm32f10x_exti.o(i.EXTI_ClearFlag), (12 bytes).
    Removing stm32f10x_exti.o(i.EXTI_DeInit), (36 bytes).
    Removing stm32f10x_exti.o(i.EXTI_GenerateSWInterrupt), (16 bytes).
    Removing stm32f10x_exti.o(i.EXTI_GetFlagStatus), (24 bytes).
    Removing stm32f10x_exti.o(i.EXTI_StructInit), (16 bytes).
    Removing stm32f10x_spi.o(i.I2S_Cmd), (24 bytes).
    Removing stm32f10x_spi.o(i.I2S_Init), (232 bytes).
    Removing stm32f10x_spi.o(i.I2S_StructInit), (20 bytes).
    Removing stm32f10x_spi.o(i.SPI_BiDirectionalLineConfig), (28 bytes).
    Removing stm32f10x_spi.o(i.SPI_CalculateCRC), (24 bytes).
    Removing stm32f10x_spi.o(i.SPI_Cmd), (24 bytes).
    Removing stm32f10x_spi.o(i.SPI_DataSizeConfig), (18 bytes).
    Removing stm32f10x_spi.o(i.SPI_GetCRC), (16 bytes).
    Removing stm32f10x_spi.o(i.SPI_GetCRCPolynomial), (6 bytes).
    Removing stm32f10x_spi.o(i.SPI_I2S_ClearFlag), (6 bytes).
    Removing stm32f10x_spi.o(i.SPI_I2S_ClearITPendingBit), (20 bytes).
    Removing stm32f10x_spi.o(i.SPI_I2S_DMACmd), (18 bytes).
    Removing stm32f10x_spi.o(i.SPI_I2S_DeInit), (88 bytes).
    Removing stm32f10x_spi.o(i.SPI_I2S_GetFlagStatus), (18 bytes).
    Removing stm32f10x_spi.o(i.SPI_I2S_GetITStatus), (52 bytes).
    Removing stm32f10x_spi.o(i.SPI_I2S_ITConfig), (32 bytes).
    Removing stm32f10x_spi.o(i.SPI_I2S_ReceiveData), (6 bytes).
    Removing stm32f10x_spi.o(i.SPI_I2S_SendData), (4 bytes).
    Removing stm32f10x_spi.o(i.SPI_Init), (60 bytes).
    Removing stm32f10x_spi.o(i.SPI_NSSInternalSoftwareConfig), (30 bytes).
    Removing stm32f10x_spi.o(i.SPI_SSOutputCmd), (24 bytes).
    Removing stm32f10x_spi.o(i.SPI_StructInit), (24 bytes).
    Removing stm32f10x_spi.o(i.SPI_TransmitCRC), (10 bytes).
    Removing stm32f10x_tim.o(i.TIM_ARRPreloadConfig), (24 bytes).
    Removing stm32f10x_tim.o(i.TIM_BDTRConfig), (32 bytes).
    Removing stm32f10x_tim.o(i.TIM_BDTRStructInit), (18 bytes).
    Removing stm32f10x_tim.o(i.TIM_CCPreloadControl), (24 bytes).
    Removing stm32f10x_tim.o(i.TIM_CCxCmd), (30 bytes).
    Removing stm32f10x_tim.o(i.TIM_CCxNCmd), (30 bytes).
    Removing stm32f10x_tim.o(i.TIM_ClearOC1Ref), (18 bytes).
    Removing stm32f10x_tim.o(i.TIM_ClearOC2Ref), (24 bytes).
    Removing stm32f10x_tim.o(i.TIM_ClearOC3Ref), (18 bytes).
    Removing stm32f10x_tim.o(i.TIM_ClearOC4Ref), (24 bytes).
    Removing stm32f10x_tim.o(i.TIM_CounterModeConfig), (18 bytes).
    Removing stm32f10x_tim.o(i.TIM_DMACmd), (18 bytes).
    Removing stm32f10x_tim.o(i.TIM_DMAConfig), (10 bytes).
    Removing stm32f10x_tim.o(i.TIM_ETRClockMode1Config), (54 bytes).
    Removing stm32f10x_tim.o(i.TIM_ETRClockMode2Config), (32 bytes).
    Removing stm32f10x_tim.o(i.TIM_ETRConfig), (28 bytes).
    Removing stm32f10x_tim.o(i.TIM_ForcedOC1Config), (18 bytes).
    Removing stm32f10x_tim.o(i.TIM_ForcedOC2Config), (26 bytes).
    Removing stm32f10x_tim.o(i.TIM_ForcedOC3Config), (18 bytes).
    Removing stm32f10x_tim.o(i.TIM_ForcedOC4Config), (26 bytes).
    Removing stm32f10x_tim.o(i.TIM_GenerateEvent), (4 bytes).
    Removing stm32f10x_tim.o(i.TIM_GetCounter), (6 bytes).
    Removing stm32f10x_tim.o(i.TIM_GetFlagStatus), (18 bytes).
    Removing stm32f10x_tim.o(i.TIM_GetPrescaler), (6 bytes).
    Removing stm32f10x_tim.o(i.TIM_ITRxExternalClockConfig), (24 bytes).
    Removing stm32f10x_tim.o(i.TIM_InternalClockConfig), (12 bytes).
    Removing stm32f10x_tim.o(i.TIM_OC1FastConfig), (18 bytes).
    Removing stm32f10x_tim.o(i.TIM_OC1NPolarityConfig), (18 bytes).
    Removing stm32f10x_tim.o(i.TIM_OC1PolarityConfig), (18 bytes).
    Removing stm32f10x_tim.o(i.TIM_OC1PreloadConfig), (18 bytes).
    Removing stm32f10x_tim.o(i.TIM_OC2FastConfig), (26 bytes).
    Removing stm32f10x_tim.o(i.TIM_OC2NPolarityConfig), (26 bytes).
    Removing stm32f10x_tim.o(i.TIM_OC2PolarityConfig), (26 bytes).
    Removing stm32f10x_tim.o(i.TIM_OC2PreloadConfig), (26 bytes).
    Removing stm32f10x_tim.o(i.TIM_OC3FastConfig), (18 bytes).
    Removing stm32f10x_tim.o(i.TIM_OC3Init), (152 bytes).
    Removing stm32f10x_tim.o(i.TIM_OC3NPolarityConfig), (26 bytes).
    Removing stm32f10x_tim.o(i.TIM_OC3PolarityConfig), (26 bytes).
    Removing stm32f10x_tim.o(i.TIM_OC3PreloadConfig), (18 bytes).
    Removing stm32f10x_tim.o(i.TIM_OC4FastConfig), (26 bytes).
    Removing stm32f10x_tim.o(i.TIM_OC4Init), (116 bytes).
    Removing stm32f10x_tim.o(i.TIM_OC4PolarityConfig), (26 bytes).
    Removing stm32f10x_tim.o(i.TIM_OC4PreloadConfig), (26 bytes).
    Removing stm32f10x_tim.o(i.TIM_OCStructInit), (20 bytes).
    Removing stm32f10x_tim.o(i.TIM_PWMIConfig), (124 bytes).
    Removing stm32f10x_tim.o(i.TIM_PrescalerConfig), (6 bytes).
    Removing stm32f10x_tim.o(i.TIM_SelectCCDMA), (24 bytes).
    Removing stm32f10x_tim.o(i.TIM_SelectCOM), (24 bytes).
    Removing stm32f10x_tim.o(i.TIM_SelectHallSensor), (24 bytes).
    Removing stm32f10x_tim.o(i.TIM_SelectInputTrigger), (18 bytes).
    Removing stm32f10x_tim.o(i.TIM_SelectMasterSlaveMode), (18 bytes).
    Removing stm32f10x_tim.o(i.TIM_SelectOCxM), (86 bytes).
    Removing stm32f10x_tim.o(i.TIM_SelectOnePulseMode), (18 bytes).
    Removing stm32f10x_tim.o(i.TIM_SelectOutputTrigger), (18 bytes).
    Removing stm32f10x_tim.o(i.TIM_SelectSlaveMode), (18 bytes).
    Removing stm32f10x_tim.o(i.TIM_SetAutoreload), (4 bytes).
    Removing stm32f10x_tim.o(i.TIM_SetClockDivision), (14 bytes).
    Removing stm32f10x_tim.o(i.TIM_SetCompare1), (4 bytes).
    Removing stm32f10x_tim.o(i.TIM_SetCompare2), (4 bytes).
    Removing stm32f10x_tim.o(i.TIM_SetCompare3), (4 bytes).
    Removing stm32f10x_tim.o(i.TIM_SetCompare4), (6 bytes).
    Removing stm32f10x_tim.o(i.TIM_TIxExternalClockConfig), (62 bytes).
    Removing stm32f10x_tim.o(i.TIM_UpdateDisableConfig), (24 bytes).
    Removing stm32f10x_tim.o(i.TIM_UpdateRequestConfig), (24 bytes).
    Removing stm32f10x_adc.o(i.ADC_AnalogWatchdogCmd), (20 bytes).
    Removing stm32f10x_adc.o(i.ADC_AnalogWatchdogSingleChannelConfig), (16 bytes).
    Removing stm32f10x_adc.o(i.ADC_AnalogWatchdogThresholdsConfig), (6 bytes).
    Removing stm32f10x_adc.o(i.ADC_AutoInjectedConvCmd), (22 bytes).
    Removing stm32f10x_adc.o(i.ADC_ClearFlag), (6 bytes).
    Removing stm32f10x_adc.o(i.ADC_ClearITPendingBit), (10 bytes).
    Removing stm32f10x_adc.o(i.ADC_Cmd), (22 bytes).
    Removing stm32f10x_adc.o(i.ADC_DMACmd), (22 bytes).
    Removing stm32f10x_adc.o(i.ADC_DeInit), (92 bytes).
    Removing stm32f10x_adc.o(i.ADC_DiscModeChannelCountConfig), (24 bytes).
    Removing stm32f10x_adc.o(i.ADC_DiscModeCmd), (22 bytes).
    Removing stm32f10x_adc.o(i.ADC_ExternalTrigConvCmd), (22 bytes).
    Removing stm32f10x_adc.o(i.ADC_ExternalTrigInjectedConvCmd), (22 bytes).
    Removing stm32f10x_adc.o(i.ADC_ExternalTrigInjectedConvConfig), (16 bytes).
    Removing stm32f10x_adc.o(i.ADC_GetCalibrationStatus), (20 bytes).
    Removing stm32f10x_adc.o(i.ADC_GetConversionValue), (8 bytes).
    Removing stm32f10x_adc.o(i.ADC_GetDualModeConversionValue), (12 bytes).
    Removing stm32f10x_adc.o(i.ADC_GetFlagStatus), (18 bytes).
    Removing stm32f10x_adc.o(i.ADC_GetITStatus), (36 bytes).
    Removing stm32f10x_adc.o(i.ADC_GetInjectedConversionValue), (28 bytes).
    Removing stm32f10x_adc.o(i.ADC_GetResetCalibrationStatus), (20 bytes).
    Removing stm32f10x_adc.o(i.ADC_GetSoftwareStartConvStatus), (20 bytes).
    Removing stm32f10x_adc.o(i.ADC_GetSoftwareStartInjectedConvCmdStatus), (20 bytes).
    Removing stm32f10x_adc.o(i.ADC_ITConfig), (24 bytes).
    Removing stm32f10x_adc.o(i.ADC_Init), (80 bytes).
    Removing stm32f10x_adc.o(i.ADC_InjectedChannelConfig), (130 bytes).
    Removing stm32f10x_adc.o(i.ADC_InjectedDiscModeCmd), (22 bytes).
    Removing stm32f10x_adc.o(i.ADC_InjectedSequencerLengthConfig), (24 bytes).
    Removing stm32f10x_adc.o(i.ADC_RegularChannelConfig), (184 bytes).
    Removing stm32f10x_adc.o(i.ADC_ResetCalibration), (10 bytes).
    Removing stm32f10x_adc.o(i.ADC_SetInjectedOffset), (20 bytes).
    Removing stm32f10x_adc.o(i.ADC_SoftwareStartConvCmd), (22 bytes).
    Removing stm32f10x_adc.o(i.ADC_SoftwareStartInjectedConvCmd), (22 bytes).
    Removing stm32f10x_adc.o(i.ADC_StartCalibration), (10 bytes).
    Removing stm32f10x_adc.o(i.ADC_StructInit), (18 bytes).
    Removing stm32f10x_adc.o(i.ADC_TempSensorVrefintCmd), (36 bytes).
    Removing stm32f10x_i2c.o(i.I2C_ARPCmd), (24 bytes).
    Removing stm32f10x_i2c.o(i.I2C_AcknowledgeConfig), (24 bytes).
    Removing stm32f10x_i2c.o(i.I2C_CalculatePEC), (24 bytes).
    Removing stm32f10x_i2c.o(i.I2C_CheckEvent), (38 bytes).
    Removing stm32f10x_i2c.o(i.I2C_ClearFlag), (12 bytes).
    Removing stm32f10x_i2c.o(i.I2C_ClearITPendingBit), (12 bytes).
    Removing stm32f10x_i2c.o(i.I2C_Cmd), (24 bytes).
    Removing stm32f10x_i2c.o(i.I2C_DMACmd), (24 bytes).
    Removing stm32f10x_i2c.o(i.I2C_DMALastTransferCmd), (24 bytes).
    Removing stm32f10x_i2c.o(i.I2C_DeInit), (56 bytes).
    Removing stm32f10x_i2c.o(i.I2C_DualAddressCmd), (24 bytes).
    Removing stm32f10x_i2c.o(i.I2C_FastModeDutyCycleConfig), (28 bytes).
    Removing stm32f10x_i2c.o(i.I2C_GeneralCallCmd), (24 bytes).
    Removing stm32f10x_i2c.o(i.I2C_GenerateSTART), (24 bytes).
    Removing stm32f10x_i2c.o(i.I2C_GenerateSTOP), (24 bytes).
    Removing stm32f10x_i2c.o(i.I2C_GetFlagStatus), (58 bytes).
    Removing stm32f10x_i2c.o(i.I2C_GetITStatus), (38 bytes).
    Removing stm32f10x_i2c.o(i.I2C_GetLastEvent), (26 bytes).
    Removing stm32f10x_i2c.o(i.I2C_GetPEC), (8 bytes).
    Removing stm32f10x_i2c.o(i.I2C_ITConfig), (18 bytes).
    Removing stm32f10x_i2c.o(i.I2C_Init), (236 bytes).
    Removing stm32f10x_i2c.o(i.I2C_OwnAddress2Config), (22 bytes).
    Removing stm32f10x_i2c.o(i.I2C_PECPositionConfig), (28 bytes).
    Removing stm32f10x_i2c.o(i.I2C_ReadRegister), (22 bytes).
    Removing stm32f10x_i2c.o(i.I2C_ReceiveData), (8 bytes).
    Removing stm32f10x_i2c.o(i.I2C_SMBusAlertConfig), (28 bytes).
    Removing stm32f10x_i2c.o(i.I2C_Send7bitAddress), (18 bytes).
    Removing stm32f10x_i2c.o(i.I2C_SendData), (4 bytes).
    Removing stm32f10x_i2c.o(i.I2C_SoftwareResetCmd), (22 bytes).
    Removing stm32f10x_i2c.o(i.I2C_StretchClockCmd), (24 bytes).
    Removing stm32f10x_i2c.o(i.I2C_StructInit), (30 bytes).
    Removing stm32f10x_i2c.o(i.I2C_TransmitPEC), (24 bytes).
    Removing startup_stm32f10x_hd.o(HEAP), (512 bytes).
    Removing core_cm3.o(.emb_text), (32 bytes).
    Removing dadd.o(.text), (334 bytes).
    Removing dmul.o(.text), (228 bytes).
    Removing dfixul.o(.text), (48 bytes).
    Removing cdrcmple.o(.text), (40 bytes).

268 unused section(s) (total 12690 bytes) removed from the image.

==============================================================================

Image Symbol Table

    Local Symbols

    Symbol Name                              Value     Ov Type        Size  Object(Section)

    ../clib/microlib/division.c              0x00000000   Number         0  uldiv.o ABSOLUTE
    ../clib/microlib/division.c              0x00000000   Number         0  uidiv.o ABSOLUTE
    ../clib/microlib/init/entry.s            0x00000000   Number         0  entry11a.o ABSOLUTE
    ../clib/microlib/init/entry.s            0x00000000   Number         0  entry10b.o ABSOLUTE
    ../clib/microlib/init/entry.s            0x00000000   Number         0  entry5.o ABSOLUTE
    ../clib/microlib/init/entry.s            0x00000000   Number         0  entry8a.o ABSOLUTE
    ../clib/microlib/init/entry.s            0x00000000   Number         0  entry11b.o ABSOLUTE
    ../clib/microlib/init/entry.s            0x00000000   Number         0  entry10a.o ABSOLUTE
    ../clib/microlib/init/entry.s            0x00000000   Number         0  entry7b.o ABSOLUTE
    ../clib/microlib/init/entry.s            0x00000000   Number         0  entry9b.o ABSOLUTE
    ../clib/microlib/init/entry.s            0x00000000   Number         0  entry7a.o ABSOLUTE
    ../clib/microlib/init/entry.s            0x00000000   Number         0  entry9a.o ABSOLUTE
    ../clib/microlib/init/entry.s            0x00000000   Number         0  entry.o ABSOLUTE
    ../clib/microlib/init/entry.s            0x00000000   Number         0  entry8b.o ABSOLUTE
    ../clib/microlib/init/entry.s            0x00000000   Number         0  entry2.o ABSOLUTE
    ../clib/microlib/longlong.c              0x00000000   Number         0  llsshr.o ABSOLUTE
    ../clib/microlib/longlong.c              0x00000000   Number         0  llushr.o ABSOLUTE
    ../clib/microlib/longlong.c              0x00000000   Number         0  llshl.o ABSOLUTE
    ../clib/microlib/printf/printf.c         0x00000000   Number         0  printfb.o ABSOLUTE
    ../clib/microlib/printf/printf.c         0x00000000   Number         0  printf6.o ABSOLUTE
    ../clib/microlib/printf/printf.c         0x00000000   Number         0  printf5.o ABSOLUTE
    ../clib/microlib/printf/printf.c         0x00000000   Number         0  printf2.o ABSOLUTE
    ../clib/microlib/printf/printf.c         0x00000000   Number         0  printf7.o ABSOLUTE
    ../clib/microlib/printf/printf.c         0x00000000   Number         0  printf3.o ABSOLUTE
    ../clib/microlib/printf/printf.c         0x00000000   Number         0  printf4.o ABSOLUTE
    ../clib/microlib/printf/printf.c         0x00000000   Number         0  printfa.o ABSOLUTE
    ../clib/microlib/printf/printf.c         0x00000000   Number         0  printf8.o ABSOLUTE
    ../clib/microlib/printf/printf.c         0x00000000   Number         0  printf0.o ABSOLUTE
    ../clib/microlib/printf/printf.c         0x00000000   Number         0  printf1.o ABSOLUTE
    ../clib/microlib/printf/stubs.s          0x00000000   Number         0  stubs.o ABSOLUTE
    ../clib/microlib/stdio/streams.c         0x00000000   Number         0  stdout.o ABSOLUTE
    ../clib/microlib/string/memcpy.c         0x00000000   Number         0  memcpyb.o ABSOLUTE
    ../clib/microlib/string/memcpy.c         0x00000000   Number         0  memcpya.o ABSOLUTE
    ../clib/microlib/stubs.s                 0x00000000   Number         0  iusefp.o ABSOLUTE
    ../fplib/microlib/fpadd.c                0x00000000   Number         0  dadd.o ABSOLUTE
    ../fplib/microlib/fpdiv.c                0x00000000   Number         0  ddiv.o ABSOLUTE
    ../fplib/microlib/fpepilogue.c           0x00000000   Number         0  depilogue.o ABSOLUTE
    ../fplib/microlib/fpfix.c                0x00000000   Number         0  dfixul.o ABSOLUTE
    ../fplib/microlib/fpfix.c                0x00000000   Number         0  dfixui.o ABSOLUTE
    ../fplib/microlib/fpflt.c                0x00000000   Number         0  dfltui.o ABSOLUTE
    ../fplib/microlib/fpmul.c                0x00000000   Number         0  dmul.o ABSOLUTE
    ..\CM3\core_cm3.c                        0x00000000   Number         0  core_cm3.o ABSOLUTE
    ..\CM3\startup\arm\startup_stm32f10x_hd.s 0x00000000   Number         0  startup_stm32f10x_hd.o ABSOLUTE
    ..\CM3\system_stm32f10x.c                0x00000000   Number         0  system_stm32f10x.o ABSOLUTE
    ..\STM32F10x_StdPeriph_Driver\src\misc.c 0x00000000   Number         0  misc.o ABSOLUTE
    ..\STM32F10x_StdPeriph_Driver\src\stm32f10x_adc.c 0x00000000   Number         0  stm32f10x_adc.o ABSOLUTE
    ..\STM32F10x_StdPeriph_Driver\src\stm32f10x_dma.c 0x00000000   Number         0  stm32f10x_dma.o ABSOLUTE
    ..\STM32F10x_StdPeriph_Driver\src\stm32f10x_exti.c 0x00000000   Number         0  stm32f10x_exti.o ABSOLUTE
    ..\STM32F10x_StdPeriph_Driver\src\stm32f10x_flash.c 0x00000000   Number         0  stm32f10x_flash.o ABSOLUTE
    ..\STM32F10x_StdPeriph_Driver\src\stm32f10x_gpio.c 0x00000000   Number         0  stm32f10x_gpio.o ABSOLUTE
    ..\STM32F10x_StdPeriph_Driver\src\stm32f10x_i2c.c 0x00000000   Number         0  stm32f10x_i2c.o ABSOLUTE
    ..\STM32F10x_StdPeriph_Driver\src\stm32f10x_rcc.c 0x00000000   Number         0  stm32f10x_rcc.o ABSOLUTE
    ..\STM32F10x_StdPeriph_Driver\src\stm32f10x_spi.c 0x00000000   Number         0  stm32f10x_spi.o ABSOLUTE
    ..\STM32F10x_StdPeriph_Driver\src\stm32f10x_tim.c 0x00000000   Number         0  stm32f10x_tim.o ABSOLUTE
    ..\STM32F10x_StdPeriph_Driver\src\stm32f10x_usart.c 0x00000000   Number         0  stm32f10x_usart.o ABSOLUTE
    ..\User\Configuration.c                  0x00000000   Number         0  configuration.o ABSOLUTE
    ..\User\Function.c                       0x00000000   Number         0  function.o ABSOLUTE
    ..\User\IRQHandler\DMA_IRQHandler.c      0x00000000   Number         0  dma_irqhandler.o ABSOLUTE
    ..\User\IRQHandler\EXTI_IRQHandler.c     0x00000000   Number         0  exti_irqhandler.o ABSOLUTE
    ..\User\IRQHandler\SysTick_Handler.c     0x00000000   Number         0  systick_handler.o ABSOLUTE
    ..\User\IRQHandler\TIM8_IRQHandler.c     0x00000000   Number         0  tim8_irqhandler.o ABSOLUTE
    ..\User\IRQHandler\USART1_IRQHandler.c   0x00000000   Number         0  usart1_irqhandler.o ABSOLUTE
    ..\User\IRQHandler\USART2_IRQHandler.c   0x00000000   Number         0  usart2_irqhandler.o ABSOLUTE
    ..\User\main.c                           0x00000000   Number         0  main.o ABSOLUTE
    ..\User\sysinit\ADC_Configuration.c      0x00000000   Number         0  adc_configuration.o ABSOLUTE
    ..\User\sysinit\DMA_Configuration.c      0x00000000   Number         0  dma_configuration.o ABSOLUTE
    ..\User\sysinit\EXTI_Configuration.c     0x00000000   Number         0  exti_configuration.o ABSOLUTE
    ..\User\sysinit\GPIO_Configuration.c     0x00000000   Number         0  gpio_configuration.o ABSOLUTE
    ..\User\sysinit\I2C_Configuration.c      0x00000000   Number         0  i2c_configuration.o ABSOLUTE
    ..\User\sysinit\NVIC_Configuration.c     0x00000000   Number         0  nvic_configuration.o ABSOLUTE
    ..\User\sysinit\RCC_Configuration.c      0x00000000   Number         0  rcc_configuration.o ABSOLUTE
    ..\User\sysinit\SPI_Configuration.c      0x00000000   Number         0  spi_configuration.o ABSOLUTE
    ..\User\sysinit\SysTick_Configuration.c  0x00000000   Number         0  systick_configuration.o ABSOLUTE
    ..\User\sysinit\TIM_Configuration.c      0x00000000   Number         0  tim_configuration.o ABSOLUTE
    ..\User\sysinit\USART_Configuration.c    0x00000000   Number         0  usart_configuration.o ABSOLUTE
    ..\User\var.c                            0x00000000   Number         0  var.o ABSOLUTE
    ..\\CM3\\core_cm3.c                      0x00000000   Number         0  core_cm3.o ABSOLUTE
    cdrcmple.s                               0x00000000   Number         0  cdrcmple.o ABSOLUTE
    dc.s                                     0x00000000   Number         0  dc.o ABSOLUTE
    handlers.s                               0x00000000   Number         0  handlers.o ABSOLUTE
    init.s                                   0x00000000   Number         0  init.o ABSOLUTE
    RESET                                    0x08000000   Section      304  startup_stm32f10x_hd.o(RESET)
    .ARM.Collect$$$$00000000                 0x08000130   Section        0  entry.o(.ARM.Collect$$$$00000000)
    .ARM.Collect$$$$00000001                 0x08000130   Section        4  entry2.o(.ARM.Collect$$$$00000001)
    .ARM.Collect$$$$00000004                 0x08000134   Section        4  entry5.o(.ARM.Collect$$$$00000004)
    .ARM.Collect$$$$00000008                 0x08000138   Section        0  entry7b.o(.ARM.Collect$$$$00000008)
    .ARM.Collect$$$$0000000A                 0x08000138   Section        0  entry8b.o(.ARM.Collect$$$$0000000A)
    .ARM.Collect$$$$0000000B                 0x08000138   Section        8  entry9a.o(.ARM.Collect$$$$0000000B)
    .ARM.Collect$$$$0000000D                 0x08000140   Section        0  entry10a.o(.ARM.Collect$$$$0000000D)
    .ARM.Collect$$$$0000000F                 0x08000140   Section        0  entry11a.o(.ARM.Collect$$$$0000000F)
    .ARM.Collect$$$$00002712                 0x08000140   Section        4  entry2.o(.ARM.Collect$$$$00002712)
    __lit__00000000                          0x08000140   Data           4  entry2.o(.ARM.Collect$$$$00002712)
    .text                                    0x08000144   Section       48  startup_stm32f10x_hd.o(.text)
    .text                                    0x08000174   Section        0  ddiv.o(.text)
    .text                                    0x08000252   Section        0  dfltui.o(.text)
    .text                                    0x0800026c   Section        0  dfixui.o(.text)
    .text                                    0x0800029e   Section        0  uidiv.o(.text)
    .text                                    0x080002ca   Section        0  llshl.o(.text)
    .text                                    0x080002e8   Section        0  llushr.o(.text)
    .text                                    0x08000308   Section        0  iusefp.o(.text)
    .text                                    0x08000308   Section        0  depilogue.o(.text)
    .text                                    0x080003c0   Section       36  init.o(.text)
    i.DMA1_Channel1_IRQHandler               0x080003e4   Section        0  dma_irqhandler.o(i.DMA1_Channel1_IRQHandler)
    i.DMA1_Channel4_IRQHandler               0x08000530   Section        0  dma_irqhandler.o(i.DMA1_Channel4_IRQHandler)
    i.DMA1_Channel7_IRQHandler               0x080005e4   Section        0  dma_irqhandler.o(i.DMA1_Channel7_IRQHandler)
    i.DMA_ClearITPendingBit                  0x080006a0   Section        0  stm32f10x_dma.o(i.DMA_ClearITPendingBit)
    i.DMA_Cmd                                0x080006bc   Section        0  stm32f10x_dma.o(i.DMA_Cmd)
    i.DMA_Configuration                      0x080006d4   Section        0  dma_configuration.o(i.DMA_Configuration)
    i.DMA_DeInit                             0x08000820   Section        0  stm32f10x_dma.o(i.DMA_DeInit)
    i.DMA_GetITStatus                        0x0800096c   Section        0  stm32f10x_dma.o(i.DMA_GetITStatus)
    i.DMA_ITConfig                           0x08000998   Section        0  stm32f10x_dma.o(i.DMA_ITConfig)
    i.DMA_Init                               0x080009aa   Section        0  stm32f10x_dma.o(i.DMA_Init)
    i.EXTI0_IRQHandler                       0x080009e6   Section        0  exti_irqhandler.o(i.EXTI0_IRQHandler)
    i.EXTI15_10_IRQHandler                   0x080009f0   Section        0  exti_irqhandler.o(i.EXTI15_10_IRQHandler)
    i.EXTI1_IRQHandler                       0x08000a74   Section        0  exti_irqhandler.o(i.EXTI1_IRQHandler)
    i.EXTI2_IRQHandler                       0x08000a7e   Section        0  exti_irqhandler.o(i.EXTI2_IRQHandler)
    i.EXTI3_IRQHandler                       0x08000a88   Section        0  exti_irqhandler.o(i.EXTI3_IRQHandler)
    i.EXTI4_IRQHandler                       0x08000a94   Section        0  exti_irqhandler.o(i.EXTI4_IRQHandler)
    i.EXTI9_5_IRQHandler                     0x08000abc   Section        0  exti_irqhandler.o(i.EXTI9_5_IRQHandler)
    i.EXTI_ClearITPendingBit                 0x08000b9c   Section        0  stm32f10x_exti.o(i.EXTI_ClearITPendingBit)
    i.EXTI_Configuration                     0x08000ba8   Section        0  exti_configuration.o(i.EXTI_Configuration)
    i.EXTI_GetITStatus                       0x08000c98   Section        0  stm32f10x_exti.o(i.EXTI_GetITStatus)
    i.EXTI_Init                              0x08000cc0   Section        0  stm32f10x_exti.o(i.EXTI_Init)
    i.FLASH_PrefetchBufferCmd                0x08000d54   Section        0  stm32f10x_flash.o(i.FLASH_PrefetchBufferCmd)
    i.FLASH_SetLatency                       0x08000d70   Section        0  stm32f10x_flash.o(i.FLASH_SetLatency)
    i.GPIO_Configuration                     0x08000d88   Section        0  gpio_configuration.o(i.GPIO_Configuration)
    i.GPIO_EXTILineConfig                    0x08000e4c   Section        0  stm32f10x_gpio.o(i.GPIO_EXTILineConfig)
    i.GPIO_Init                              0x08000e8c   Section        0  stm32f10x_gpio.o(i.GPIO_Init)
    i.GPIO_PinRemapConfig                    0x08000fa4   Section        0  stm32f10x_gpio.o(i.GPIO_PinRemapConfig)
    i.GPIO_SetBits                           0x08001014   Section        0  stm32f10x_gpio.o(i.GPIO_SetBits)
    i.GetPower                               0x08001018   Section        0  function.o(i.GetPower)
    i.GetTemp                                0x08001040   Section        0  function.o(i.GetTemp)
    i.InU1SendBuf                            0x0800106c   Section        0  usart1_irqhandler.o(i.InU1SendBuf)
    i.InU2SendBuf                            0x080010f0   Section        0  usart2_irqhandler.o(i.InU2SendBuf)
    i.InitDevice                             0x08001170   Section        0  configuration.o(i.InitDevice)
    i.NVIC_Configuration                     0x080011a4   Section        0  nvic_configuration.o(i.NVIC_Configuration)
    i.NVIC_Init                              0x080012a8   Section        0  misc.o(i.NVIC_Init)
    i.NVIC_PriorityGroupConfig               0x08001318   Section        0  misc.o(i.NVIC_PriorityGroupConfig)
    i.NVIC_SetPriority                       0x0800132c   Section        0  systick_configuration.o(i.NVIC_SetPriority)
    NVIC_SetPriority                         0x0800132d   Thumb Code    32  systick_configuration.o(i.NVIC_SetPriority)
    i.NVIC_SetVectorTable                    0x08001354   Section        0  misc.o(i.NVIC_SetVectorTable)
    i.OutU1FrameBuf                          0x08001368   Section        0  usart1_irqhandler.o(i.OutU1FrameBuf)
    i.OutU2FrameBuf                          0x0800140c   Section        0  usart2_irqhandler.o(i.OutU2FrameBuf)
    i.RCC_ADCCLKConfig                       0x080014b0   Section        0  stm32f10x_rcc.o(i.RCC_ADCCLKConfig)
    i.RCC_AHBPeriphClockCmd                  0x080014c8   Section        0  stm32f10x_rcc.o(i.RCC_AHBPeriphClockCmd)
    i.RCC_APB1PeriphClockCmd                 0x080014e8   Section        0  stm32f10x_rcc.o(i.RCC_APB1PeriphClockCmd)
    i.RCC_APB1PeriphResetCmd                 0x08001508   Section        0  stm32f10x_rcc.o(i.RCC_APB1PeriphResetCmd)
    i.RCC_APB2PeriphClockCmd                 0x08001528   Section        0  stm32f10x_rcc.o(i.RCC_APB2PeriphClockCmd)
    i.RCC_APB2PeriphResetCmd                 0x08001548   Section        0  stm32f10x_rcc.o(i.RCC_APB2PeriphResetCmd)
    i.RCC_Configuration                      0x08001568   Section        0  rcc_configuration.o(i.RCC_Configuration)
    i.RCC_DeInit                             0x080015dc   Section        0  stm32f10x_rcc.o(i.RCC_DeInit)
    i.RCC_GetClocksFreq                      0x08001628   Section        0  stm32f10x_rcc.o(i.RCC_GetClocksFreq)
    i.RCC_GetFlagStatus                      0x080016fc   Section        0  stm32f10x_rcc.o(i.RCC_GetFlagStatus)
    i.RCC_GetSYSCLKSource                    0x08001738   Section        0  stm32f10x_rcc.o(i.RCC_GetSYSCLKSource)
    i.RCC_HCLKConfig                         0x08001748   Section        0  stm32f10x_rcc.o(i.RCC_HCLKConfig)
    i.RCC_HSEConfig                          0x08001760   Section        0  stm32f10x_rcc.o(i.RCC_HSEConfig)
    i.RCC_PCLK1Config                        0x080017ac   Section        0  stm32f10x_rcc.o(i.RCC_PCLK1Config)
    i.RCC_PCLK2Config                        0x080017c4   Section        0  stm32f10x_rcc.o(i.RCC_PCLK2Config)
    i.RCC_PLLCmd                             0x080017dc   Section        0  stm32f10x_rcc.o(i.RCC_PLLCmd)
    i.RCC_PLLConfig                          0x080017e8   Section        0  stm32f10x_rcc.o(i.RCC_PLLConfig)
    i.RCC_SYSCLKConfig                       0x08001804   Section        0  stm32f10x_rcc.o(i.RCC_SYSCLKConfig)
    i.RCC_WaitForHSEStartUp                  0x0800181c   Section        0  stm32f10x_rcc.o(i.RCC_WaitForHSEStartUp)
    i.SetSysClock                            0x08001854   Section        0  system_stm32f10x.o(i.SetSysClock)
    SetSysClock                              0x08001855   Thumb Code     8  system_stm32f10x.o(i.SetSysClock)
    i.SetSysClockTo72                        0x0800185c   Section        0  system_stm32f10x.o(i.SetSysClockTo72)
    SetSysClockTo72                          0x0800185d   Thumb Code   220  system_stm32f10x.o(i.SetSysClockTo72)
    i.SysTick_CLKSourceConfig                0x08001940   Section        0  misc.o(i.SysTick_CLKSourceConfig)
    i.SysTick_Configuration                  0x08001968   Section        0  systick_configuration.o(i.SysTick_Configuration)
    i.SysTick_Handler                        0x08001a04   Section        0  systick_handler.o(i.SysTick_Handler)
    i.SystemInit                             0x08001ab0   Section        0  system_stm32f10x.o(i.SystemInit)
    i.TI1_Config                             0x08001b04   Section        0  stm32f10x_tim.o(i.TI1_Config)
    TI1_Config                               0x08001b05   Thumb Code    56  stm32f10x_tim.o(i.TI1_Config)
    i.TI2_Config                             0x08001b3c   Section        0  stm32f10x_tim.o(i.TI2_Config)
    TI2_Config                               0x08001b3d   Thumb Code    80  stm32f10x_tim.o(i.TI2_Config)
    i.TI3_Config                             0x08001b8c   Section        0  stm32f10x_tim.o(i.TI3_Config)
    TI3_Config                               0x08001b8d   Thumb Code    72  stm32f10x_tim.o(i.TI3_Config)
    i.TI4_Config                             0x08001bd4   Section        0  stm32f10x_tim.o(i.TI4_Config)
    TI4_Config                               0x08001bd5   Thumb Code    80  stm32f10x_tim.o(i.TI4_Config)
    i.TIM2_Configuration                     0x08001c24   Section        0  tim_configuration.o(i.TIM2_Configuration)
    i.TIM4_Configuration                     0x08001d38   Section        0  tim_configuration.o(i.TIM4_Configuration)
    i.TIM5_Configuration                     0x08001e20   Section        0  tim_configuration.o(i.TIM5_Configuration)
    i.TIM8_CC_IRQHandler                     0x08001efc   Section        0  tim8_irqhandler.o(i.TIM8_CC_IRQHandler)
    i.TIM_ClearFlag                          0x080021a0   Section        0  stm32f10x_tim.o(i.TIM_ClearFlag)
    i.TIM_ClearITPendingBit                  0x080021a6   Section        0  stm32f10x_tim.o(i.TIM_ClearITPendingBit)
    i.TIM_Cmd                                0x080021ac   Section        0  stm32f10x_tim.o(i.TIM_Cmd)
    i.TIM_CtrlPWMOutputs                     0x080021c4   Section        0  stm32f10x_tim.o(i.TIM_CtrlPWMOutputs)
    i.TIM_DeInit                             0x080021e4   Section        0  stm32f10x_tim.o(i.TIM_DeInit)
    i.TIM_EncoderInterfaceConfig             0x080022c4   Section        0  stm32f10x_tim.o(i.TIM_EncoderInterfaceConfig)
    i.TIM_GetCapture1                        0x08002306   Section        0  stm32f10x_tim.o(i.TIM_GetCapture1)
    i.TIM_GetCapture2                        0x0800230c   Section        0  stm32f10x_tim.o(i.TIM_GetCapture2)
    i.TIM_GetCapture3                        0x08002312   Section        0  stm32f10x_tim.o(i.TIM_GetCapture3)
    i.TIM_GetCapture4                        0x08002318   Section        0  stm32f10x_tim.o(i.TIM_GetCapture4)
    i.TIM_GetITStatus                        0x08002320   Section        0  stm32f10x_tim.o(i.TIM_GetITStatus)
    i.TIM_ICInit                             0x08002342   Section        0  stm32f10x_tim.o(i.TIM_ICInit)
    i.TIM_ICStructInit                       0x080023b0   Section        0  stm32f10x_tim.o(i.TIM_ICStructInit)
    i.TIM_ITConfig                           0x080023c2   Section        0  stm32f10x_tim.o(i.TIM_ITConfig)
    i.TIM_OC1Init                            0x080023d4   Section        0  stm32f10x_tim.o(i.TIM_OC1Init)
    i.TIM_OC2Init                            0x0800244c   Section        0  stm32f10x_tim.o(i.TIM_OC2Init)
    i.TIM_SetCounter                         0x080024e8   Section        0  stm32f10x_tim.o(i.TIM_SetCounter)
    i.TIM_SetIC1Prescaler                    0x080024ec   Section        0  stm32f10x_tim.o(i.TIM_SetIC1Prescaler)
    i.TIM_SetIC2Prescaler                    0x080024fe   Section        0  stm32f10x_tim.o(i.TIM_SetIC2Prescaler)
    i.TIM_SetIC3Prescaler                    0x08002518   Section        0  stm32f10x_tim.o(i.TIM_SetIC3Prescaler)
    i.TIM_SetIC4Prescaler                    0x0800252a   Section        0  stm32f10x_tim.o(i.TIM_SetIC4Prescaler)
    i.TIM_TimeBaseInit                       0x08002544   Section        0  stm32f10x_tim.o(i.TIM_TimeBaseInit)
    i.TIM_TimeBaseStructInit                 0x08002580   Section        0  stm32f10x_tim.o(i.TIM_TimeBaseStructInit)
    i.U1Printf                               0x08002594   Section        0  usart1_irqhandler.o(i.U1Printf)
    i.UART1_CAL                              0x080025f4   Section        0  usart1_irqhandler.o(i.UART1_CAL)
    i.UART2_CAL                              0x0800265c   Section        0  usart2_irqhandler.o(i.UART2_CAL)
    i.USART1_Configuration                   0x080026c4   Section        0  usart_configuration.o(i.USART1_Configuration)
    i.USART1_IRQHandler                      0x080027a8   Section        0  usart1_irqhandler.o(i.USART1_IRQHandler)
    i.USART2_Configuration                   0x080028e0   Section        0  usart_configuration.o(i.USART2_Configuration)
    i.USART2_IRQHandler                      0x080029c0   Section        0  usart2_irqhandler.o(i.USART2_IRQHandler)
    i.USART_ClearITPendingBit                0x08002af8   Section        0  stm32f10x_usart.o(i.USART_ClearITPendingBit)
    i.USART_ClockInit                        0x08002b16   Section        0  stm32f10x_usart.o(i.USART_ClockInit)
    i.USART_Cmd                              0x08002b38   Section        0  stm32f10x_usart.o(i.USART_Cmd)
    i.USART_DMACmd                           0x08002b50   Section        0  stm32f10x_usart.o(i.USART_DMACmd)
    i.USART_GetITStatus                      0x08002b62   Section        0  stm32f10x_usart.o(i.USART_GetITStatus)
    i.USART_ITConfig                         0x08002bb6   Section        0  stm32f10x_usart.o(i.USART_ITConfig)
    i.USART_Init                             0x08002c00   Section        0  stm32f10x_usart.o(i.USART_Init)
    i.USART_ReceiveData                      0x08002ca0   Section        0  stm32f10x_usart.o(i.USART_ReceiveData)
    i.__0printf$1                            0x08002cac   Section        0  printf1.o(i.__0printf$1)
    i.__scatterload_copy                     0x08002ccc   Section       14  handlers.o(i.__scatterload_copy)
    i.__scatterload_null                     0x08002cda   Section        2  handlers.o(i.__scatterload_null)
    i.__scatterload_zeroinit                 0x08002cdc   Section       14  handlers.o(i.__scatterload_zeroinit)
    i._printf_core                           0x08002cec   Section        0  printf1.o(i._printf_core)
    _printf_core                             0x08002ced   Thumb Code   336  printf1.o(i._printf_core)
    i.fputc                                  0x08002e40   Section        0  function.o(i.fputc)
    i.main                                   0x08002e60   Section        0  main.o(i.main)
    .constdata                               0x08002fd4   Section       20  system_stm32f10x.o(.constdata)
    .data                                    0x20000000   Section       75  var.o(.data)
    .data                                    0x2000004b   Section        1  usart1_irqhandler.o(.data)
    FLen                                     0x2000004b   Data           1  usart1_irqhandler.o(.data)
    .data                                    0x2000004c   Section        1  usart2_irqhandler.o(.data)
    FLen                                     0x2000004c   Data           1  usart2_irqhandler.o(.data)
    .data                                    0x2000004d   Section       20  stm32f10x_rcc.o(.data)
    APBAHBPrescTable                         0x2000004d   Data          16  stm32f10x_rcc.o(.data)
    ADCPrescTable                            0x2000005d   Data           4  stm32f10x_rcc.o(.data)
    .data                                    0x20000064   Section        4  stdout.o(.data)
    .bss                                     0x20000068   Section     2310  var.o(.bss)
    .bss                                     0x20000970   Section       96  dma_irqhandler.o(.bss)
    ADC1_2_ConvertedResultTemp               0x20000970   Data          96  dma_irqhandler.o(.bss)
    STACK                                    0x200009d0   Section     1024  startup_stm32f10x_hd.o(STACK)

    Global Symbols

    Symbol Name                              Value     Ov Type        Size  Object(Section)

    BuildAttributes$$THM_ISAv4$P$D$K$B$S$PE$A:L22UL41UL21$X:L11$S22US41US21$IEEE1$IW$USESV6$~STKCKD$USESV7$~SHL$OSPACE$ROPI$EBA8$MICROLIB$REQ8$PRES8$EABIv2 0x00000000   Number         0  anon$$obj.o ABSOLUTE
    __ARM_use_no_argv                        0x00000000   Number         0  main.o ABSOLUTE
    _printf_a                                0x00000000   Number         0  stubs.o ABSOLUTE
    _printf_c                                0x00000000   Number         0  stubs.o ABSOLUTE
    _printf_charcount                        0x00000000   Number         0  stubs.o ABSOLUTE
    _printf_d                                0x00000000   Number         0  stubs.o ABSOLUTE
    _printf_e                                0x00000000   Number         0  stubs.o ABSOLUTE
    _printf_f                                0x00000000   Number         0  stubs.o ABSOLUTE
    _printf_flags                            0x00000000   Number         0  stubs.o ABSOLUTE
    _printf_fp_dec                           0x00000000   Number         0  stubs.o ABSOLUTE
    _printf_fp_hex                           0x00000000   Number         0  stubs.o ABSOLUTE
    _printf_g                                0x00000000   Number         0  stubs.o ABSOLUTE
    _printf_i                                0x00000000   Number         0  stubs.o ABSOLUTE
    _printf_int_dec                          0x00000000   Number         0  stubs.o ABSOLUTE
    _printf_l                                0x00000000   Number         0  stubs.o ABSOLUTE
    _printf_lc                               0x00000000   Number         0  stubs.o ABSOLUTE
    _printf_ll                               0x00000000   Number         0  stubs.o ABSOLUTE
    _printf_lld                              0x00000000   Number         0  stubs.o ABSOLUTE
    _printf_lli                              0x00000000   Number         0  stubs.o ABSOLUTE
    _printf_llo                              0x00000000   Number         0  stubs.o ABSOLUTE
    _printf_llu                              0x00000000   Number         0  stubs.o ABSOLUTE
    _printf_llx                              0x00000000   Number         0  stubs.o ABSOLUTE
    _printf_longlong_dec                     0x00000000   Number         0  stubs.o ABSOLUTE
    _printf_longlong_hex                     0x00000000   Number         0  stubs.o ABSOLUTE
    _printf_longlong_oct                     0x00000000   Number         0  stubs.o ABSOLUTE
    _printf_ls                               0x00000000   Number         0  stubs.o ABSOLUTE
    _printf_mbtowc                           0x00000000   Number         0  stubs.o ABSOLUTE
    _printf_n                                0x00000000   Number         0  stubs.o ABSOLUTE
    _printf_o                                0x00000000   Number         0  stubs.o ABSOLUTE
    _printf_p                                0x00000000   Number         0  stubs.o ABSOLUTE
    _printf_percent                          0x00000000   Number         0  stubs.o ABSOLUTE
    _printf_pre_padding                      0x00000000   Number         0  stubs.o ABSOLUTE
    _printf_return_value                     0x00000000   Number         0  stubs.o ABSOLUTE
    _printf_s                                0x00000000   Number         0  stubs.o ABSOLUTE
    _printf_sizespec                         0x00000000   Number         0  stubs.o ABSOLUTE
    _printf_str                              0x00000000   Number         0  stubs.o ABSOLUTE
    _printf_truncate_signed                  0x00000000   Number         0  stubs.o ABSOLUTE
    _printf_truncate_unsigned                0x00000000   Number         0  stubs.o ABSOLUTE
    _printf_u                                0x00000000   Number         0  stubs.o ABSOLUTE
    _printf_wc                               0x00000000   Number         0  stubs.o ABSOLUTE
    _printf_wctomb                           0x00000000   Number         0  stubs.o ABSOLUTE
    _printf_widthprec                        0x00000000   Number         0  stubs.o ABSOLUTE
    _printf_x                                0x00000000   Number         0  stubs.o ABSOLUTE
    __cpp_initialize__aeabi_                  - Undefined Weak Reference
    __cxa_finalize                            - Undefined Weak Reference
    __decompress                              - Undefined Weak Reference
    _clock_init                               - Undefined Weak Reference
    _microlib_exit                            - Undefined Weak Reference
    __Vectors_Size                           0x00000130   Number         0  startup_stm32f10x_hd.o ABSOLUTE
    __Vectors                                0x08000000   Data           4  startup_stm32f10x_hd.o(RESET)
    __Vectors_End                            0x08000130   Data           0  startup_stm32f10x_hd.o(RESET)
    __main                                   0x08000131   Thumb Code     0  entry.o(.ARM.Collect$$$$00000000)
    _main_stk                                0x08000131   Thumb Code     0  entry2.o(.ARM.Collect$$$$00000001)
    _main_scatterload                        0x08000135   Thumb Code     0  entry5.o(.ARM.Collect$$$$00000004)
    __main_after_scatterload                 0x08000139   Thumb Code     0  entry5.o(.ARM.Collect$$$$00000004)
    _main_clock                              0x08000139   Thumb Code     0  entry7b.o(.ARM.Collect$$$$00000008)
    _main_cpp_init                           0x08000139   Thumb Code     0  entry8b.o(.ARM.Collect$$$$0000000A)
    _main_init                               0x08000139   Thumb Code     0  entry9a.o(.ARM.Collect$$$$0000000B)
    __rt_final_cpp                           0x08000141   Thumb Code     0  entry10a.o(.ARM.Collect$$$$0000000D)
    __rt_final_exit                          0x08000141   Thumb Code     0  entry11a.o(.ARM.Collect$$$$0000000F)
    SystemInit_ExtMemCtl                     0x08000145   Thumb Code     2  startup_stm32f10x_hd.o(.text)
    Reset_Handler                            0x08000147   Thumb Code    14  startup_stm32f10x_hd.o(.text)
    NMI_Handler                              0x08000155   Thumb Code     2  startup_stm32f10x_hd.o(.text)
    HardFault_Handler                        0x08000157   Thumb Code     2  startup_stm32f10x_hd.o(.text)
    MemManage_Handler                        0x08000159   Thumb Code     2  startup_stm32f10x_hd.o(.text)
    BusFault_Handler                         0x0800015b   Thumb Code     2  startup_stm32f10x_hd.o(.text)
    UsageFault_Handler                       0x0800015d   Thumb Code     2  startup_stm32f10x_hd.o(.text)
    SVC_Handler                              0x0800015f   Thumb Code     2  startup_stm32f10x_hd.o(.text)
    DebugMon_Handler                         0x08000161   Thumb Code     2  startup_stm32f10x_hd.o(.text)
    PendSV_Handler                           0x08000163   Thumb Code     2  startup_stm32f10x_hd.o(.text)
    ADC1_2_IRQHandler                        0x08000167   Thumb Code     0  startup_stm32f10x_hd.o(.text)
    ADC3_IRQHandler                          0x08000167   Thumb Code     0  startup_stm32f10x_hd.o(.text)
    CAN1_RX1_IRQHandler                      0x08000167   Thumb Code     0  startup_stm32f10x_hd.o(.text)
    CAN1_SCE_IRQHandler                      0x08000167   Thumb Code     0  startup_stm32f10x_hd.o(.text)
    DMA1_Channel2_IRQHandler                 0x08000167   Thumb Code     0  startup_stm32f10x_hd.o(.text)
    DMA1_Channel3_IRQHandler                 0x08000167   Thumb Code     0  startup_stm32f10x_hd.o(.text)
    DMA1_Channel5_IRQHandler                 0x08000167   Thumb Code     0  startup_stm32f10x_hd.o(.text)
    DMA1_Channel6_IRQHandler                 0x08000167   Thumb Code     0  startup_stm32f10x_hd.o(.text)
    DMA2_Channel1_IRQHandler                 0x08000167   Thumb Code     0  startup_stm32f10x_hd.o(.text)
    DMA2_Channel2_IRQHandler                 0x08000167   Thumb Code     0  startup_stm32f10x_hd.o(.text)
    DMA2_Channel3_IRQHandler                 0x08000167   Thumb Code     0  startup_stm32f10x_hd.o(.text)
    DMA2_Channel4_5_IRQHandler               0x08000167   Thumb Code     0  startup_stm32f10x_hd.o(.text)
    FLASH_IRQHandler                         0x08000167   Thumb Code     0  startup_stm32f10x_hd.o(.text)
    FSMC_IRQHandler                          0x08000167   Thumb Code     0  startup_stm32f10x_hd.o(.text)
    I2C1_ER_IRQHandler                       0x08000167   Thumb Code     0  startup_stm32f10x_hd.o(.text)
    I2C1_EV_IRQHandler                       0x08000167   Thumb Code     0  startup_stm32f10x_hd.o(.text)
    I2C2_ER_IRQHandler                       0x08000167   Thumb Code     0  startup_stm32f10x_hd.o(.text)
    I2C2_EV_IRQHandler                       0x08000167   Thumb Code     0  startup_stm32f10x_hd.o(.text)
    PVD_IRQHandler                           0x08000167   Thumb Code     0  startup_stm32f10x_hd.o(.text)
    RCC_IRQHandler                           0x08000167   Thumb Code     0  startup_stm32f10x_hd.o(.text)
    RTCAlarm_IRQHandler                      0x08000167   Thumb Code     0  startup_stm32f10x_hd.o(.text)
    RTC_IRQHandler                           0x08000167   Thumb Code     0  startup_stm32f10x_hd.o(.text)
    SDIO_IRQHandler                          0x08000167   Thumb Code     0  startup_stm32f10x_hd.o(.text)
    SPI1_IRQHandler                          0x08000167   Thumb Code     0  startup_stm32f10x_hd.o(.text)
    SPI2_IRQHandler                          0x08000167   Thumb Code     0  startup_stm32f10x_hd.o(.text)
    SPI3_IRQHandler                          0x08000167   Thumb Code     0  startup_stm32f10x_hd.o(.text)
    TAMPER_IRQHandler                        0x08000167   Thumb Code     0  startup_stm32f10x_hd.o(.text)
    TIM1_BRK_IRQHandler                      0x08000167   Thumb Code     0  startup_stm32f10x_hd.o(.text)
    TIM1_CC_IRQHandler                       0x08000167   Thumb Code     0  startup_stm32f10x_hd.o(.text)
    TIM1_TRG_COM_IRQHandler                  0x08000167   Thumb Code     0  startup_stm32f10x_hd.o(.text)
    TIM1_UP_IRQHandler                       0x08000167   Thumb Code     0  startup_stm32f10x_hd.o(.text)
    TIM2_IRQHandler                          0x08000167   Thumb Code     0  startup_stm32f10x_hd.o(.text)
    TIM3_IRQHandler                          0x08000167   Thumb Code     0  startup_stm32f10x_hd.o(.text)
    TIM4_IRQHandler                          0x08000167   Thumb Code     0  startup_stm32f10x_hd.o(.text)
    TIM5_IRQHandler                          0x08000167   Thumb Code     0  startup_stm32f10x_hd.o(.text)
    TIM6_IRQHandler                          0x08000167   Thumb Code     0  startup_stm32f10x_hd.o(.text)
    TIM7_IRQHandler                          0x08000167   Thumb Code     0  startup_stm32f10x_hd.o(.text)
    TIM8_BRK_IRQHandler                      0x08000167   Thumb Code     0  startup_stm32f10x_hd.o(.text)
    TIM8_TRG_COM_IRQHandler                  0x08000167   Thumb Code     0  startup_stm32f10x_hd.o(.text)
    TIM8_UP_IRQHandler                       0x08000167   Thumb Code     0  startup_stm32f10x_hd.o(.text)
    UART4_IRQHandler                         0x08000167   Thumb Code     0  startup_stm32f10x_hd.o(.text)
    UART5_IRQHandler                         0x08000167   Thumb Code     0  startup_stm32f10x_hd.o(.text)
    USART3_IRQHandler                        0x08000167   Thumb Code     0  startup_stm32f10x_hd.o(.text)
    USBWakeUp_IRQHandler                     0x08000167   Thumb Code     0  startup_stm32f10x_hd.o(.text)
    USB_HP_CAN1_TX_IRQHandler                0x08000167   Thumb Code     0  startup_stm32f10x_hd.o(.text)
    USB_LP_CAN1_RX0_IRQHandler               0x08000167   Thumb Code     0  startup_stm32f10x_hd.o(.text)
    WWDG_IRQHandler                          0x08000167   Thumb Code     0  startup_stm32f10x_hd.o(.text)
    __aeabi_ddiv                             0x08000175   Thumb Code   222  ddiv.o(.text)
    __aeabi_ui2d                             0x08000253   Thumb Code    26  dfltui.o(.text)
    __aeabi_d2uiz                            0x0800026d   Thumb Code    50  dfixui.o(.text)
    __aeabi_uidiv                            0x0800029f   Thumb Code     0  uidiv.o(.text)
    __aeabi_uidivmod                         0x0800029f   Thumb Code    44  uidiv.o(.text)
    __aeabi_llsl                             0x080002cb   Thumb Code    30  llshl.o(.text)
    _ll_shift_l                              0x080002cb   Thumb Code     0  llshl.o(.text)
    __aeabi_llsr                             0x080002e9   Thumb Code    32  llushr.o(.text)
    _ll_ushift_r                             0x080002e9   Thumb Code     0  llushr.o(.text)
    __I$use$fp                               0x08000309   Thumb Code     0  iusefp.o(.text)
    _double_round                            0x08000309   Thumb Code    26  depilogue.o(.text)
    _double_epilogue                         0x08000323   Thumb Code   156  depilogue.o(.text)
    __scatterload                            0x080003c1   Thumb Code    28  init.o(.text)
    __scatterload_rt2                        0x080003c1   Thumb Code     0  init.o(.text)
    DMA1_Channel1_IRQHandler                 0x080003e5   Thumb Code   310  dma_irqhandler.o(i.DMA1_Channel1_IRQHandler)
    DMA1_Channel4_IRQHandler                 0x08000531   Thumb Code   150  dma_irqhandler.o(i.DMA1_Channel4_IRQHandler)
    DMA1_Channel7_IRQHandler                 0x080005e5   Thumb Code   158  dma_irqhandler.o(i.DMA1_Channel7_IRQHandler)
    DMA_ClearITPendingBit                    0x080006a1   Thumb Code    18  stm32f10x_dma.o(i.DMA_ClearITPendingBit)
    DMA_Cmd                                  0x080006bd   Thumb Code    22  stm32f10x_dma.o(i.DMA_Cmd)
    DMA_Configuration                        0x080006d5   Thumb Code   270  dma_configuration.o(i.DMA_Configuration)
    DMA_DeInit                               0x08000821   Thumb Code   322  stm32f10x_dma.o(i.DMA_DeInit)
    DMA_GetITStatus                          0x0800096d   Thumb Code    36  stm32f10x_dma.o(i.DMA_GetITStatus)
    DMA_ITConfig                             0x08000999   Thumb Code    18  stm32f10x_dma.o(i.DMA_ITConfig)
    DMA_Init                                 0x080009ab   Thumb Code    60  stm32f10x_dma.o(i.DMA_Init)
    EXTI0_IRQHandler                         0x080009e7   Thumb Code    10  exti_irqhandler.o(i.EXTI0_IRQHandler)
    EXTI15_10_IRQHandler                     0x080009f1   Thumb Code    84  exti_irqhandler.o(i.EXTI15_10_IRQHandler)
    EXTI1_IRQHandler                         0x08000a75   Thumb Code    10  exti_irqhandler.o(i.EXTI1_IRQHandler)
    EXTI2_IRQHandler                         0x08000a7f   Thumb Code    10  exti_irqhandler.o(i.EXTI2_IRQHandler)
    EXTI3_IRQHandler                         0x08000a89   Thumb Code    10  exti_irqhandler.o(i.EXTI3_IRQHandler)
    EXTI4_IRQHandler                         0x08000a95   Thumb Code    20  exti_irqhandler.o(i.EXTI4_IRQHandler)
    EXTI9_5_IRQHandler                       0x08000abd   Thumb Code   124  exti_irqhandler.o(i.EXTI9_5_IRQHandler)
    EXTI_ClearITPendingBit                   0x08000b9d   Thumb Code     6  stm32f10x_exti.o(i.EXTI_ClearITPendingBit)
    EXTI_Configuration                       0x08000ba9   Thumb Code   232  exti_configuration.o(i.EXTI_Configuration)
    EXTI_GetITStatus                         0x08000c99   Thumb Code    34  stm32f10x_exti.o(i.EXTI_GetITStatus)
    EXTI_Init                                0x08000cc1   Thumb Code   142  stm32f10x_exti.o(i.EXTI_Init)
    FLASH_PrefetchBufferCmd                  0x08000d55   Thumb Code    22  stm32f10x_flash.o(i.FLASH_PrefetchBufferCmd)
    FLASH_SetLatency                         0x08000d71   Thumb Code    18  stm32f10x_flash.o(i.FLASH_SetLatency)
    GPIO_Configuration                       0x08000d89   Thumb Code   148  gpio_configuration.o(i.GPIO_Configuration)
    GPIO_EXTILineConfig                      0x08000e4d   Thumb Code    60  stm32f10x_gpio.o(i.GPIO_EXTILineConfig)
    GPIO_Init                                0x08000e8d   Thumb Code   278  stm32f10x_gpio.o(i.GPIO_Init)
    GPIO_PinRemapConfig                      0x08000fa5   Thumb Code   106  stm32f10x_gpio.o(i.GPIO_PinRemapConfig)
    GPIO_SetBits                             0x08001015   Thumb Code     4  stm32f10x_gpio.o(i.GPIO_SetBits)
    GetPower                                 0x08001019   Thumb Code    36  function.o(i.GetPower)
    GetTemp                                  0x08001041   Thumb Code    42  function.o(i.GetTemp)
    InU1SendBuf                              0x0800106d   Thumb Code   114  usart1_irqhandler.o(i.InU1SendBuf)
    InU2SendBuf                              0x080010f1   Thumb Code   112  usart2_irqhandler.o(i.InU2SendBuf)
    InitDevice                               0x08001171   Thumb Code    52  configuration.o(i.InitDevice)
    NVIC_Configuration                       0x080011a5   Thumb Code   228  nvic_configuration.o(i.NVIC_Configuration)
    NVIC_Init                                0x080012a9   Thumb Code   100  misc.o(i.NVIC_Init)
    NVIC_PriorityGroupConfig                 0x08001319   Thumb Code    10  misc.o(i.NVIC_PriorityGroupConfig)
    NVIC_SetVectorTable                      0x08001355   Thumb Code    12  misc.o(i.NVIC_SetVectorTable)
    OutU1FrameBuf                            0x08001369   Thumb Code   140  usart1_irqhandler.o(i.OutU1FrameBuf)
    OutU2FrameBuf                            0x0800140d   Thumb Code   138  usart2_irqhandler.o(i.OutU2FrameBuf)
    RCC_ADCCLKConfig                         0x080014b1   Thumb Code    18  stm32f10x_rcc.o(i.RCC_ADCCLKConfig)
    RCC_AHBPeriphClockCmd                    0x080014c9   Thumb Code    26  stm32f10x_rcc.o(i.RCC_AHBPeriphClockCmd)
    RCC_APB1PeriphClockCmd                   0x080014e9   Thumb Code    26  stm32f10x_rcc.o(i.RCC_APB1PeriphClockCmd)
    RCC_APB1PeriphResetCmd                   0x08001509   Thumb Code    26  stm32f10x_rcc.o(i.RCC_APB1PeriphResetCmd)
    RCC_APB2PeriphClockCmd                   0x08001529   Thumb Code    26  stm32f10x_rcc.o(i.RCC_APB2PeriphClockCmd)
    RCC_APB2PeriphResetCmd                   0x08001549   Thumb Code    26  stm32f10x_rcc.o(i.RCC_APB2PeriphResetCmd)
    RCC_Configuration                        0x08001569   Thumb Code   116  rcc_configuration.o(i.RCC_Configuration)
    RCC_DeInit                               0x080015dd   Thumb Code    64  stm32f10x_rcc.o(i.RCC_DeInit)
    RCC_GetClocksFreq                        0x08001629   Thumb Code   192  stm32f10x_rcc.o(i.RCC_GetClocksFreq)
    RCC_GetFlagStatus                        0x080016fd   Thumb Code    56  stm32f10x_rcc.o(i.RCC_GetFlagStatus)
    RCC_GetSYSCLKSource                      0x08001739   Thumb Code    10  stm32f10x_rcc.o(i.RCC_GetSYSCLKSource)
    RCC_HCLKConfig                           0x08001749   Thumb Code    18  stm32f10x_rcc.o(i.RCC_HCLKConfig)
    RCC_HSEConfig                            0x08001761   Thumb Code    70  stm32f10x_rcc.o(i.RCC_HSEConfig)
    RCC_PCLK1Config                          0x080017ad   Thumb Code    18  stm32f10x_rcc.o(i.RCC_PCLK1Config)
    RCC_PCLK2Config                          0x080017c5   Thumb Code    20  stm32f10x_rcc.o(i.RCC_PCLK2Config)
    RCC_PLLCmd                               0x080017dd   Thumb Code     6  stm32f10x_rcc.o(i.RCC_PLLCmd)
    RCC_PLLConfig                            0x080017e9   Thumb Code    24  stm32f10x_rcc.o(i.RCC_PLLConfig)
    RCC_SYSCLKConfig                         0x08001805   Thumb Code    18  stm32f10x_rcc.o(i.RCC_SYSCLKConfig)
    RCC_WaitForHSEStartUp                    0x0800181d   Thumb Code    56  stm32f10x_rcc.o(i.RCC_WaitForHSEStartUp)
    SysTick_CLKSourceConfig                  0x08001941   Thumb Code    40  misc.o(i.SysTick_CLKSourceConfig)
    SysTick_Configuration                    0x08001969   Thumb Code   114  systick_configuration.o(i.SysTick_Configuration)
    SysTick_Handler                          0x08001a05   Thumb Code   148  systick_handler.o(i.SysTick_Handler)
    SystemInit                               0x08001ab1   Thumb Code    70  system_stm32f10x.o(i.SystemInit)
    TIM2_Configuration                       0x08001c25   Thumb Code   230  tim_configuration.o(i.TIM2_Configuration)
    TIM4_Configuration                       0x08001d39   Thumb Code   192  tim_configuration.o(i.TIM4_Configuration)
    TIM5_Configuration                       0x08001e21   Thumb Code   180  tim_configuration.o(i.TIM5_Configuration)
    TIM8_CC_IRQHandler                       0x08001efd   Thumb Code   642  tim8_irqhandler.o(i.TIM8_CC_IRQHandler)
    TIM_ClearFlag                            0x080021a1   Thumb Code     6  stm32f10x_tim.o(i.TIM_ClearFlag)
    TIM_ClearITPendingBit                    0x080021a7   Thumb Code     6  stm32f10x_tim.o(i.TIM_ClearITPendingBit)
    TIM_Cmd                                  0x080021ad   Thumb Code    24  stm32f10x_tim.o(i.TIM_Cmd)
    TIM_CtrlPWMOutputs                       0x080021c5   Thumb Code    30  stm32f10x_tim.o(i.TIM_CtrlPWMOutputs)
    TIM_DeInit                               0x080021e5   Thumb Code   196  stm32f10x_tim.o(i.TIM_DeInit)
    TIM_EncoderInterfaceConfig               0x080022c5   Thumb Code    66  stm32f10x_tim.o(i.TIM_EncoderInterfaceConfig)
    TIM_GetCapture1                          0x08002307   Thumb Code     6  stm32f10x_tim.o(i.TIM_GetCapture1)
    TIM_GetCapture2                          0x0800230d   Thumb Code     6  stm32f10x_tim.o(i.TIM_GetCapture2)
    TIM_GetCapture3                          0x08002313   Thumb Code     6  stm32f10x_tim.o(i.TIM_GetCapture3)
    TIM_GetCapture4                          0x08002319   Thumb Code     8  stm32f10x_tim.o(i.TIM_GetCapture4)
    TIM_GetITStatus                          0x08002321   Thumb Code    34  stm32f10x_tim.o(i.TIM_GetITStatus)
    TIM_ICInit                               0x08002343   Thumb Code   110  stm32f10x_tim.o(i.TIM_ICInit)
    TIM_ICStructInit                         0x080023b1   Thumb Code    18  stm32f10x_tim.o(i.TIM_ICStructInit)
    TIM_ITConfig                             0x080023c3   Thumb Code    18  stm32f10x_tim.o(i.TIM_ITConfig)
    TIM_OC1Init                              0x080023d5   Thumb Code   110  stm32f10x_tim.o(i.TIM_OC1Init)
    TIM_OC2Init                              0x0800244d   Thumb Code   148  stm32f10x_tim.o(i.TIM_OC2Init)
    TIM_SetCounter                           0x080024e9   Thumb Code     4  stm32f10x_tim.o(i.TIM_SetCounter)
    TIM_SetIC1Prescaler                      0x080024ed   Thumb Code    18  stm32f10x_tim.o(i.TIM_SetIC1Prescaler)
    TIM_SetIC2Prescaler                      0x080024ff   Thumb Code    26  stm32f10x_tim.o(i.TIM_SetIC2Prescaler)
    TIM_SetIC3Prescaler                      0x08002519   Thumb Code    18  stm32f10x_tim.o(i.TIM_SetIC3Prescaler)
    TIM_SetIC4Prescaler                      0x0800252b   Thumb Code    26  stm32f10x_tim.o(i.TIM_SetIC4Prescaler)
    TIM_TimeBaseInit                         0x08002545   Thumb Code    50  stm32f10x_tim.o(i.TIM_TimeBaseInit)
    TIM_TimeBaseStructInit                   0x08002581   Thumb Code    18  stm32f10x_tim.o(i.TIM_TimeBaseStructInit)
    U1Printf                                 0x08002595   Thumb Code    74  usart1_irqhandler.o(i.U1Printf)
    UART1_CAL                                0x080025f5   Thumb Code    92  usart1_irqhandler.o(i.UART1_CAL)
    UART2_CAL                                0x0800265d   Thumb Code    92  usart2_irqhandler.o(i.UART2_CAL)
    USART1_Configuration                     0x080026c5   Thumb Code   182  usart_configuration.o(i.USART1_Configuration)
    USART1_IRQHandler                        0x080027a9   Thumb Code   282  usart1_irqhandler.o(i.USART1_IRQHandler)
    USART2_Configuration                     0x080028e1   Thumb Code   178  usart_configuration.o(i.USART2_Configuration)
    USART2_IRQHandler                        0x080029c1   Thumb Code   282  usart2_irqhandler.o(i.USART2_IRQHandler)
    USART_ClearITPendingBit                  0x08002af9   Thumb Code    30  stm32f10x_usart.o(i.USART_ClearITPendingBit)
    USART_ClockInit                          0x08002b17   Thumb Code    34  stm32f10x_usart.o(i.USART_ClockInit)
    USART_Cmd                                0x08002b39   Thumb Code    24  stm32f10x_usart.o(i.USART_Cmd)
    USART_DMACmd                             0x08002b51   Thumb Code    18  stm32f10x_usart.o(i.USART_DMACmd)
    USART_GetITStatus                        0x08002b63   Thumb Code    84  stm32f10x_usart.o(i.USART_GetITStatus)
    USART_ITConfig                           0x08002bb7   Thumb Code    74  stm32f10x_usart.o(i.USART_ITConfig)
    USART_Init                               0x08002c01   Thumb Code   156  stm32f10x_usart.o(i.USART_Init)
    USART_ReceiveData                        0x08002ca1   Thumb Code    10  stm32f10x_usart.o(i.USART_ReceiveData)
    __0printf$1                              0x08002cad   Thumb Code    22  printf1.o(i.__0printf$1)
    __1printf$1                              0x08002cad   Thumb Code     0  printf1.o(i.__0printf$1)
    __2printf                                0x08002cad   Thumb Code     0  printf1.o(i.__0printf$1)
    __scatterload_copy                       0x08002ccd   Thumb Code    14  handlers.o(i.__scatterload_copy)
    __scatterload_null                       0x08002cdb   Thumb Code     2  handlers.o(i.__scatterload_null)
    __scatterload_zeroinit                   0x08002cdd   Thumb Code    14  handlers.o(i.__scatterload_zeroinit)
    fputc                                    0x08002e41   Thumb Code    22  function.o(i.fputc)
    main                                     0x08002e61   Thumb Code   178  main.o(i.main)
    SystemFrequency                          0x08002fd4   Data           4  system_stm32f10x.o(.constdata)
    SystemFrequency_SysClk                   0x08002fd8   Data           4  system_stm32f10x.o(.constdata)
    SystemFrequency_AHBClk                   0x08002fdc   Data           4  system_stm32f10x.o(.constdata)
    SystemFrequency_APB1Clk                  0x08002fe0   Data           4  system_stm32f10x.o(.constdata)
    SystemFrequency_APB2Clk                  0x08002fe4   Data           4  system_stm32f10x.o(.constdata)
    Region$$Table$$Base                      0x08002fe8   Number         0  anon$$obj.o(Region$$Table)
    Region$$Table$$Limit                     0x08003008   Number         0  anon$$obj.o(Region$$Table)
    InternalTemp                             0x20000000   Data           2  var.o(.data)
    Power                                    0x20000002   Data           2  var.o(.data)
    Time                                     0x20000004   Data           4  var.o(.data)
    sec                                      0x20000008   Data           4  var.o(.data)
    TimingDelay                              0x2000000c   Data           4  var.o(.data)
    ADC1_2_OK                                0x20000010   Data           4  var.o(.data)
    TIM8_RT                                  0x20000014   Data           8  var.o(.data)
    TIM8_FT                                  0x2000001c   Data           8  var.o(.data)
    TIM8_flag                                0x20000024   Data           4  var.o(.data)
    inPWM1                                   0x20000028   Data           2  var.o(.data)
    inPWM2                                   0x2000002a   Data           2  var.o(.data)
    inPWM3                                   0x2000002c   Data           2  var.o(.data)
    inPWM4                                   0x2000002e   Data           2  var.o(.data)
    PrintfCn                                 0x20000030   Data           2  var.o(.data)
    IsU1Send                                 0x20000032   Data           1  var.o(.data)
    U1SendCn                                 0x20000034   Data           2  var.o(.data)
    IsU1TxEmpty                              0x20000036   Data           1  var.o(.data)
    U1SendBufPi                              0x20000038   Data           2  var.o(.data)
    U1SendBufPo                              0x2000003a   Data           2  var.o(.data)
    U1FrameBufPi                             0x2000003c   Data           1  var.o(.data)
    U1FrameBufPo                             0x2000003d   Data           1  var.o(.data)
    U1BufP                                   0x2000003e   Data           1  var.o(.data)
    IsU1RecOK                                0x2000003f   Data           1  var.o(.data)
    U1RecBufP                                0x20000040   Data           1  var.o(.data)
    IsU2Send                                 0x20000041   Data           1  var.o(.data)
    U2SendCn                                 0x20000042   Data           1  var.o(.data)
    IsU2TxEmpty                              0x20000043   Data           1  var.o(.data)
    U2SendBufPi                              0x20000044   Data           1  var.o(.data)
    U2SendBufPo                              0x20000045   Data           1  var.o(.data)
    U2FrameBufPi                             0x20000046   Data           1  var.o(.data)
    U2FrameBufPo                             0x20000047   Data           1  var.o(.data)
    U2BufP                                   0x20000048   Data           1  var.o(.data)
    IsU2RecOK                                0x20000049   Data           1  var.o(.data)
    U2RecBufP                                0x2000004a   Data           1  var.o(.data)
    __stdout                                 0x20000064   Data           4  stdout.o(.data)
    ADC1_2_ConvertedValue                    0x20000068   Data          48  var.o(.bss)
    ADC_ConvertedValue                       0x20000098   Data          32  var.o(.bss)
    PrintfBuf                                0x200000b8   Data         200  var.o(.bss)
    USART1_Send_Buf                          0x20000180   Data         500  var.o(.bss)
    tU1SendBuf                               0x20000374   Data          30  var.o(.bss)
    U1SendBuf                                0x20000392   Data         500  var.o(.bss)
    U1FrameBuf                               0x20000586   Data         300  var.o(.bss)
    U1Buf                                    0x200006b2   Data          30  var.o(.bss)
    U1RecBuf                                 0x200006d0   Data          30  var.o(.bss)
    USART2_Send_Buf                          0x200006ee   Data         200  var.o(.bss)
    tU2SendBuf                               0x200007b6   Data          30  var.o(.bss)
    U2SendBuf                                0x200007d4   Data         200  var.o(.bss)
    U2FrameBuf                               0x2000089c   Data         150  var.o(.bss)
    U2Buf                                    0x20000932   Data          30  var.o(.bss)
    U2RecBuf                                 0x20000950   Data          30  var.o(.bss)
    __initial_sp                             0x20000dd0   Data           0  startup_stm32f10x_hd.o(STACK)



==============================================================================

Memory Map of the image

  Image Entry point : 0x08000131

  Load Region LR_IROM1 (Base: 0x08000000, Size: 0x00003070, Max: 0x00040000, ABSOLUTE)

    Execution Region ER_IROM1 (Base: 0x08000000, Size: 0x00003008, Max: 0x00040000, ABSOLUTE)

    Base Addr    Size         Type   Attr      Idx    E Section Name        Object

    0x08000000   0x00000130   Data   RO         2543    RESET               startup_stm32f10x_hd.o
    0x08000130   0x00000000   Code   RO         2587  * .ARM.Collect$$$$00000000  mc_w.l(entry.o)
    0x08000130   0x00000004   Code   RO         2863    .ARM.Collect$$$$00000001  mc_w.l(entry2.o)
    0x08000134   0x00000004   Code   RO         2866    .ARM.Collect$$$$00000004  mc_w.l(entry5.o)
    0x08000138   0x00000000   Code   RO         2868    .ARM.Collect$$$$00000008  mc_w.l(entry7b.o)
    0x08000138   0x00000000   Code   RO         2870    .ARM.Collect$$$$0000000A  mc_w.l(entry8b.o)
    0x08000138   0x00000008   Code   RO         2871    .ARM.Collect$$$$0000000B  mc_w.l(entry9a.o)
    0x08000140   0x00000000   Code   RO         2873    .ARM.Collect$$$$0000000D  mc_w.l(entry10a.o)
    0x08000140   0x00000000   Code   RO         2875    .ARM.Collect$$$$0000000F  mc_w.l(entry11a.o)
    0x08000140   0x00000004   Code   RO         2864    .ARM.Collect$$$$00002712  mc_w.l(entry2.o)
    0x08000144   0x00000030   Code   RO         2544    .text               startup_stm32f10x_hd.o
    0x08000174   0x000000de   Code   RO         2857    .text               mf_w.l(ddiv.o)
    0x08000252   0x0000001a   Code   RO         2859    .text               mf_w.l(dfltui.o)
    0x0800026c   0x00000032   Code   RO         2861    .text               mf_w.l(dfixui.o)
    0x0800029e   0x0000002c   Code   RO         2878    .text               mc_w.l(uidiv.o)
    0x080002ca   0x0000001e   Code   RO         2882    .text               mc_w.l(llshl.o)
    0x080002e8   0x00000020   Code   RO         2884    .text               mc_w.l(llushr.o)
    0x08000308   0x00000000   Code   RO         2888    .text               mc_w.l(iusefp.o)
    0x08000308   0x000000b6   Code   RO         2889    .text               mf_w.l(depilogue.o)
    0x080003be   0x00000002   PAD
    0x080003c0   0x00000024   Code   RO         2897    .text               mc_w.l(init.o)
    0x080003e4   0x0000014c   Code   RO          458    i.DMA1_Channel1_IRQHandler  dma_irqhandler.o
    0x08000530   0x000000b4   Code   RO          459    i.DMA1_Channel4_IRQHandler  dma_irqhandler.o
    0x080005e4   0x000000bc   Code   RO          460    i.DMA1_Channel7_IRQHandler  dma_irqhandler.o
    0x080006a0   0x0000001c   Code   RO          679    i.DMA_ClearITPendingBit  stm32f10x_dma.o
    0x080006bc   0x00000016   Code   RO          680    i.DMA_Cmd           stm32f10x_dma.o
    0x080006d2   0x00000002   PAD
    0x080006d4   0x0000014c   Code   RO          222    i.DMA_Configuration  dma_configuration.o
    0x08000820   0x0000014c   Code   RO          681    i.DMA_DeInit        stm32f10x_dma.o
    0x0800096c   0x0000002c   Code   RO          684    i.DMA_GetITStatus   stm32f10x_dma.o
    0x08000998   0x00000012   Code   RO          685    i.DMA_ITConfig      stm32f10x_dma.o
    0x080009aa   0x0000003c   Code   RO          686    i.DMA_Init          stm32f10x_dma.o
    0x080009e6   0x0000000a   Code   RO          539    i.EXTI0_IRQHandler  exti_irqhandler.o
    0x080009f0   0x00000084   Code   RO          540    i.EXTI15_10_IRQHandler  exti_irqhandler.o
    0x08000a74   0x0000000a   Code   RO          541    i.EXTI1_IRQHandler  exti_irqhandler.o
    0x08000a7e   0x0000000a   Code   RO          542    i.EXTI2_IRQHandler  exti_irqhandler.o
    0x08000a88   0x0000000a   Code   RO          543    i.EXTI3_IRQHandler  exti_irqhandler.o
    0x08000a92   0x00000002   PAD
    0x08000a94   0x00000028   Code   RO          544    i.EXTI4_IRQHandler  exti_irqhandler.o
    0x08000abc   0x000000e0   Code   RO          545    i.EXTI9_5_IRQHandler  exti_irqhandler.o
    0x08000b9c   0x0000000c   Code   RO         1376    i.EXTI_ClearITPendingBit  stm32f10x_exti.o
    0x08000ba8   0x000000f0   Code   RO          308    i.EXTI_Configuration  exti_configuration.o
    0x08000c98   0x00000028   Code   RO         1380    i.EXTI_GetITStatus  stm32f10x_exti.o
    0x08000cc0   0x00000094   Code   RO         1381    i.EXTI_Init         stm32f10x_exti.o
    0x08000d54   0x0000001c   Code   RO          758    i.FLASH_PrefetchBufferCmd  stm32f10x_flash.o
    0x08000d70   0x00000018   Code   RO          763    i.FLASH_SetLatency  stm32f10x_flash.o
    0x08000d88   0x000000c4   Code   RO          234    i.GPIO_Configuration  gpio_configuration.o
    0x08000e4c   0x00000040   Code   RO          896    i.GPIO_EXTILineConfig  stm32f10x_gpio.o
    0x08000e8c   0x00000116   Code   RO          899    i.GPIO_Init         stm32f10x_gpio.o
    0x08000fa2   0x00000002   PAD
    0x08000fa4   0x00000070   Code   RO          901    i.GPIO_PinRemapConfig  stm32f10x_gpio.o
    0x08001014   0x00000004   Code   RO          907    i.GPIO_SetBits      stm32f10x_gpio.o
    0x08001018   0x00000028   Code   RO          146    i.GetPower          function.o
    0x08001040   0x0000002a   Code   RO          147    i.GetTemp           function.o
    0x0800106a   0x00000002   PAD
    0x0800106c   0x00000084   Code   RO          496    i.InU1SendBuf       usart1_irqhandler.o
    0x080010f0   0x00000080   Code   RO          600    i.InU2SendBuf       usart2_irqhandler.o
    0x08001170   0x00000034   Code   RO            1    i.InitDevice        configuration.o
    0x080011a4   0x00000104   Code   RO          246    i.NVIC_Configuration  nvic_configuration.o
    0x080012a8   0x00000070   Code   RO          642    i.NVIC_Init         misc.o
    0x08001318   0x00000014   Code   RO          643    i.NVIC_PriorityGroupConfig  misc.o
    0x0800132c   0x00000028   Code   RO          258    i.NVIC_SetPriority  systick_configuration.o
    0x08001354   0x00000014   Code   RO          644    i.NVIC_SetVectorTable  misc.o
    0x08001368   0x000000a4   Code   RO          497    i.OutU1FrameBuf     usart1_irqhandler.o
    0x0800140c   0x000000a4   Code   RO          601    i.OutU2FrameBuf     usart2_irqhandler.o
    0x080014b0   0x00000018   Code   RO         1007    i.RCC_ADCCLKConfig  stm32f10x_rcc.o
    0x080014c8   0x00000020   Code   RO         1008    i.RCC_AHBPeriphClockCmd  stm32f10x_rcc.o
    0x080014e8   0x00000020   Code   RO         1009    i.RCC_APB1PeriphClockCmd  stm32f10x_rcc.o
    0x08001508   0x00000020   Code   RO         1010    i.RCC_APB1PeriphResetCmd  stm32f10x_rcc.o
    0x08001528   0x00000020   Code   RO         1011    i.RCC_APB2PeriphClockCmd  stm32f10x_rcc.o
    0x08001548   0x00000020   Code   RO         1012    i.RCC_APB2PeriphResetCmd  stm32f10x_rcc.o
    0x08001568   0x00000074   Code   RO          210    i.RCC_Configuration  rcc_configuration.o
    0x080015dc   0x0000004c   Code   RO         1018    i.RCC_DeInit        stm32f10x_rcc.o
    0x08001628   0x000000d4   Code   RO         1019    i.RCC_GetClocksFreq  stm32f10x_rcc.o
    0x080016fc   0x0000003c   Code   RO         1020    i.RCC_GetFlagStatus  stm32f10x_rcc.o
    0x08001738   0x00000010   Code   RO         1022    i.RCC_GetSYSCLKSource  stm32f10x_rcc.o
    0x08001748   0x00000018   Code   RO         1023    i.RCC_HCLKConfig    stm32f10x_rcc.o
    0x08001760   0x0000004c   Code   RO         1024    i.RCC_HSEConfig     stm32f10x_rcc.o
    0x080017ac   0x00000018   Code   RO         1030    i.RCC_PCLK1Config   stm32f10x_rcc.o
    0x080017c4   0x00000018   Code   RO         1031    i.RCC_PCLK2Config   stm32f10x_rcc.o
    0x080017dc   0x0000000c   Code   RO         1032    i.RCC_PLLCmd        stm32f10x_rcc.o
    0x080017e8   0x0000001c   Code   RO         1033    i.RCC_PLLConfig     stm32f10x_rcc.o
    0x08001804   0x00000018   Code   RO         1036    i.RCC_SYSCLKConfig  stm32f10x_rcc.o
    0x0800181c   0x00000038   Code   RO         1038    i.RCC_WaitForHSEStartUp  stm32f10x_rcc.o
    0x08001854   0x00000008   Code   RO         2559    i.SetSysClock       system_stm32f10x.o
    0x0800185c   0x000000e4   Code   RO         2560    i.SetSysClockTo72   system_stm32f10x.o
    0x08001940   0x00000028   Code   RO          646    i.SysTick_CLKSourceConfig  misc.o
    0x08001968   0x0000009c   Code   RO          259    i.SysTick_Configuration  systick_configuration.o
    0x08001a04   0x000000ac   Code   RO          483    i.SysTick_Handler   systick_handler.o
    0x08001ab0   0x00000054   Code   RO         2561    i.SystemInit        system_stm32f10x.o
    0x08001b04   0x00000038   Code   RO         1573    i.TI1_Config        stm32f10x_tim.o
    0x08001b3c   0x00000050   Code   RO         1574    i.TI2_Config        stm32f10x_tim.o
    0x08001b8c   0x00000048   Code   RO         1575    i.TI3_Config        stm32f10x_tim.o
    0x08001bd4   0x00000050   Code   RO         1576    i.TI4_Config        stm32f10x_tim.o
    0x08001c24   0x00000114   Code   RO          321    i.TIM2_Configuration  tim_configuration.o
    0x08001d38   0x000000e8   Code   RO          323    i.TIM4_Configuration  tim_configuration.o
    0x08001e20   0x000000dc   Code   RO          324    i.TIM5_Configuration  tim_configuration.o
    0x08001efc   0x000002a4   Code   RO          587    i.TIM8_CC_IRQHandler  tim8_irqhandler.o
    0x080021a0   0x00000006   Code   RO         1583    i.TIM_ClearFlag     stm32f10x_tim.o
    0x080021a6   0x00000006   Code   RO         1584    i.TIM_ClearITPendingBit  stm32f10x_tim.o
    0x080021ac   0x00000018   Code   RO         1589    i.TIM_Cmd           stm32f10x_tim.o
    0x080021c4   0x0000001e   Code   RO         1591    i.TIM_CtrlPWMOutputs  stm32f10x_tim.o
    0x080021e2   0x00000002   PAD
    0x080021e4   0x000000e0   Code   RO         1594    i.TIM_DeInit        stm32f10x_tim.o
    0x080022c4   0x00000042   Code   RO         1598    i.TIM_EncoderInterfaceConfig  stm32f10x_tim.o
    0x08002306   0x00000006   Code   RO         1604    i.TIM_GetCapture1   stm32f10x_tim.o
    0x0800230c   0x00000006   Code   RO         1605    i.TIM_GetCapture2   stm32f10x_tim.o
    0x08002312   0x00000006   Code   RO         1606    i.TIM_GetCapture3   stm32f10x_tim.o
    0x08002318   0x00000008   Code   RO         1607    i.TIM_GetCapture4   stm32f10x_tim.o
    0x08002320   0x00000022   Code   RO         1610    i.TIM_GetITStatus   stm32f10x_tim.o
    0x08002342   0x0000006e   Code   RO         1612    i.TIM_ICInit        stm32f10x_tim.o
    0x080023b0   0x00000012   Code   RO         1613    i.TIM_ICStructInit  stm32f10x_tim.o
    0x080023c2   0x00000012   Code   RO         1614    i.TIM_ITConfig      stm32f10x_tim.o
    0x080023d4   0x00000078   Code   RO         1618    i.TIM_OC1Init       stm32f10x_tim.o
    0x0800244c   0x0000009c   Code   RO         1623    i.TIM_OC2Init       stm32f10x_tim.o
    0x080024e8   0x00000004   Code   RO         1654    i.TIM_SetCounter    stm32f10x_tim.o
    0x080024ec   0x00000012   Code   RO         1655    i.TIM_SetIC1Prescaler  stm32f10x_tim.o
    0x080024fe   0x0000001a   Code   RO         1656    i.TIM_SetIC2Prescaler  stm32f10x_tim.o
    0x08002518   0x00000012   Code   RO         1657    i.TIM_SetIC3Prescaler  stm32f10x_tim.o
    0x0800252a   0x0000001a   Code   RO         1658    i.TIM_SetIC4Prescaler  stm32f10x_tim.o
    0x08002544   0x0000003c   Code   RO         1660    i.TIM_TimeBaseInit  stm32f10x_tim.o
    0x08002580   0x00000012   Code   RO         1661    i.TIM_TimeBaseStructInit  stm32f10x_tim.o
    0x08002592   0x00000002   PAD
    0x08002594   0x00000060   Code   RO          498    i.U1Printf          usart1_irqhandler.o
    0x080025f4   0x00000068   Code   RO          499    i.UART1_CAL         usart1_irqhandler.o
    0x0800265c   0x00000068   Code   RO          603    i.UART2_CAL         usart2_irqhandler.o
    0x080026c4   0x000000e4   Code   RO          278    i.USART1_Configuration  usart_configuration.o
    0x080027a8   0x00000138   Code   RO          500    i.USART1_IRQHandler  usart1_irqhandler.o
    0x080028e0   0x000000e0   Code   RO          280    i.USART2_Configuration  usart_configuration.o
    0x080029c0   0x00000138   Code   RO          604    i.USART2_IRQHandler  usart2_irqhandler.o
    0x08002af8   0x0000001e   Code   RO         1208    i.USART_ClearITPendingBit  stm32f10x_usart.o
    0x08002b16   0x00000022   Code   RO         1209    i.USART_ClockInit   stm32f10x_usart.o
    0x08002b38   0x00000018   Code   RO         1211    i.USART_Cmd         stm32f10x_usart.o
    0x08002b50   0x00000012   Code   RO         1212    i.USART_DMACmd      stm32f10x_usart.o
    0x08002b62   0x00000054   Code   RO         1215    i.USART_GetITStatus  stm32f10x_usart.o
    0x08002bb6   0x0000004a   Code   RO         1217    i.USART_ITConfig    stm32f10x_usart.o
    0x08002c00   0x000000a0   Code   RO         1218    i.USART_Init        stm32f10x_usart.o
    0x08002ca0   0x0000000a   Code   RO         1223    i.USART_ReceiveData  stm32f10x_usart.o
    0x08002caa   0x00000002   PAD
    0x08002cac   0x00000020   Code   RO         2639    i.__0printf$1       mc_w.l(printf1.o)
    0x08002ccc   0x0000000e   Code   RO         2901    i.__scatterload_copy  mc_w.l(handlers.o)
    0x08002cda   0x00000002   Code   RO         2902    i.__scatterload_null  mc_w.l(handlers.o)
    0x08002cdc   0x0000000e   Code   RO         2903    i.__scatterload_zeroinit  mc_w.l(handlers.o)
    0x08002cea   0x00000002   PAD
    0x08002cec   0x00000154   Code   RO         2646    i._printf_core      mc_w.l(printf1.o)
    0x08002e40   0x00000020   Code   RO          152    i.fputc             function.o
    0x08002e60   0x00000174   Code   RO          119    i.main              main.o
    0x08002fd4   0x00000014   Data   RO         2562    .constdata          system_stm32f10x.o
    0x08002fe8   0x00000020   Data   RO         2899    Region$$Table       anon$$obj.o


    Execution Region RW_IRAM1 (Base: 0x20000000, Size: 0x00000dd0, Max: 0x0000c000, ABSOLUTE)

    Base Addr    Size         Type   Attr      Idx    E Section Name        Object

    0x20000000   0x0000004b   Data   RW          132    .data               var.o
    0x2000004b   0x00000001   Data   RW          501    .data               usart1_irqhandler.o
    0x2000004c   0x00000001   Data   RW          605    .data               usart2_irqhandler.o
    0x2000004d   0x00000014   Data   RW         1039    .data               stm32f10x_rcc.o
    0x20000061   0x00000003   PAD
    0x20000064   0x00000004   Data   RW         2877    .data               mc_w.l(stdout.o)
    0x20000068   0x00000906   Zero   RW          131    .bss                var.o
    0x2000096e   0x00000002   PAD
    0x20000970   0x00000060   Zero   RW          461    .bss                dma_irqhandler.o
    0x200009d0   0x00000400   Zero   RW         2541    STACK               startup_stm32f10x_hd.o


==============================================================================

Image component sizes


      Code (inc. data)   RO Data    RW Data    ZI Data      Debug   Object Name

        52          0          0          0          0     259613   configuration.o
       332         62          0          0          0        708   dma_configuration.o
       700         82          0          0         96       1781   dma_irqhandler.o
       240          8          0          0          0        677   exti_configuration.o
       436        168          0          0          0       3475   exti_irqhandler.o
       114         14          0          0          0       1545   function.o
       196         48          0          0          0        589   gpio_configuration.o
       372        194          0          0          0        527   main.o
       192         30          0          0          0       2651   misc.o
       260         32          0          0          0        665   nvic_configuration.o
       116          0          0          0          0        580   rcc_configuration.o
        48         12        304          0       1024        888   startup_stm32f10x_hd.o
       504         28          0          0          0       4671   stm32f10x_dma.o
       200         18          0          0          0       2148   stm32f10x_exti.o
        52         12          0          0          0       1109   stm32f10x_flash.o
       458         10          0          0          0       3887   stm32f10x_gpio.o
       816        116          0         20          0      12895   stm32f10x_rcc.o
      1296         56          0          0          0      19423   stm32f10x_tim.o
       434          4          0          0          0       6785   stm32f10x_usart.o
       320         22         20          0          0       2269   system_stm32f10x.o
       196         50          0          0          0       5764   systick_configuration.o
       172         24          0          0          0        534   systick_handler.o
       676         34          0          0          0        901   tim8_irqhandler.o
       728        126          0          0          0       2123   tim_configuration.o
       808        106          0          1          0       3149   usart1_irqhandler.o
       708         84          0          1          0       2610   usart2_irqhandler.o
       452         92          0          0          0       1414   usart_configuration.o
         0          0          0         75       2310       2490   var.o

    ----------------------------------------------------------------------
     10892       1432        356        100       3432     345871   Object Totals
         0          0         32          0          0          0   (incl. Generated)
        14          0          0          3          2          0   (incl. Padding)

    ----------------------------------------------------------------------

      Code (inc. data)   RO Data    RW Data    ZI Data      Debug   Library Member Name

         0          0          0          0          0          0   entry.o
         0          0          0          0          0          0   entry10a.o
         0          0          0          0          0          0   entry11a.o
         8          4          0          0          0          0   entry2.o
         4          0          0          0          0          0   entry5.o
         0          0          0          0          0          0   entry7b.o
         0          0          0          0          0          0   entry8b.o
         8          4          0          0          0          0   entry9a.o
        30          0          0          0          0          0   handlers.o
        36          8          0          0          0         68   init.o
         0          0          0          0          0          0   iusefp.o
        30          0          0          0          0         68   llshl.o
        32          0          0          0          0         68   llushr.o
       372         14          0          0          0        184   printf1.o
         0          0          0          4          0          0   stdout.o
        44          0          0          0          0         80   uidiv.o
       222          0          0          0          0        100   ddiv.o
       182          0          0          0          0        176   depilogue.o
        50          0          0          0          0         76   dfixui.o
        26          0          0          0          0         76   dfltui.o

    ----------------------------------------------------------------------
      1048         30          0          4          0        896   Library Totals
         4          0          0          0          0          0   (incl. Padding)

    ----------------------------------------------------------------------

      Code (inc. data)   RO Data    RW Data    ZI Data      Debug   Library Name

       564         30          0          4          0        468   mc_w.l
       480          0          0          0          0        428   mf_w.l

    ----------------------------------------------------------------------
      1048         30          0          4          0        896   Library Totals

    ----------------------------------------------------------------------

==============================================================================


      Code (inc. data)   RO Data    RW Data    ZI Data      Debug   

     11940       1462        356        104       3432     340783   Grand Totals
     11940       1462        356        104       3432     340783   ELF Image Totals
     11940       1462        356        104          0          0   ROM Totals

==============================================================================

    Total RO  Size (Code + RO Data)                12296 (  12.01kB)
    Total RW  Size (RW Data + ZI Data)              3536 (   3.45kB)
    Total ROM Size (Code + RO Data + RW Data)      12400 (  12.11kB)

==============================================================================

