<html>
<body>
<pre>
<h1>µVision Build Log</h1>
<h2>Project:</h2>
D:\STM32\RobotControlBoard\03³ÌÐò\RCT6ControlDIY\MDK\RCT6Template.uvproj
Project File Date:  08/07/2016

<h2>Output:</h2>
Build target 'Target 1'
compiling Configuration.c...
compiling main.c...
compiling var.c...
compiling Function.c...
compiling RCC_Configuration.c...
compiling DMA_Configuration.c...
compiling GPIO_Configuration.c...
compiling NVIC_Configuration.c...
compiling SysTick_Configuration.c...
compiling USART_Configuration.c...
compiling EXTI_Configuration.c...
compiling TIM_Configuration.c...
compiling ADC_Configuration.c...
compiling I2C_Configuration.c...
compiling SPI_Configuration.c...
compiling DMA_IRQHandler.c...
compiling SysTick_Handler.c...
compiling USART1_IRQHandler.c...
..\User\IRQHandler\USART1_IRQHandler.c(86): warning:  #177-D: variable "dir" was declared but never referenced
        static U8 dir = 0;
..\User\IRQHandler\USART1_IRQHandler.c: 1 warning, 0 errors
compiling EXTI_IRQHandler.c...
compiling TIM8_IRQHandler.c...
compiling USART2_IRQHandler.c...
..\User\IRQHandler\USART2_IRQHandler.c(88): warning:  #177-D: variable "TempU16" was declared but never referenced
        U16 TempU16=0;
..\User\IRQHandler\USART2_IRQHandler.c: 1 warning, 0 errors
compiling misc.c...
compiling stm32f10x_dma.c...
compiling stm32f10x_flash.c...
compiling stm32f10x_gpio.c...
compiling stm32f10x_rcc.c...
compiling stm32f10x_usart.c...
compiling stm32f10x_exti.c...
compiling stm32f10x_spi.c...
compiling stm32f10x_tim.c...
compiling stm32f10x_adc.c...
compiling stm32f10x_i2c.c...
compiling stm32f10x_bkp.c...
compiling stm32f10x_pwr.c...
assembling startup_stm32f10x_hd.s...
compiling core_cm3.c...
compiling system_stm32f10x.c...
linking...
Program Size: Code=12440 RO-data=356 RW-data=104 ZI-data=3432  
FromELF: creating hex file...
".\obj\RCT6ControlDIY.axf" - 0 Error(s), 2 Warning(s).
</pre>
</body>
</html>
