<html>
<body>
<pre>
<h1>µVision Build Log</h1>
<h2>Project:</h2>
D:\STM32\RobotControlBoard\RCT6ControlDIY\MDK\RCT6BaseControl.uvproj
Project File Date:  09/04/2016

<h2>Output:</h2>
Rebuild target 'Target 1'
compiling Configuration.c...
compiling main.c...
compiling var.c...
compiling Function.c...
compiling motor.c...
..\User\motor.c(213): warning:  #177-D: variable "pwm_left" was declared but never referenced
        static S16 pwm_left = 0;
..\User\motor.c(214): warning:  #177-D: variable "pwm_right" was declared but never referenced
        static S16 pwm_right = 0;
..\User\motor.c: 2 warnings, 0 errors
compiling parameter.c...
compiling pid.c...
compiling LowPassFilter2p.c...
compiling RCC_Configuration.c...
compiling DMA_Configuration.c...
compiling GPIO_Configuration.c...
compiling NVIC_Configuration.c...
compiling SysTick_Configuration.c...
compiling USART_Configuration.c...
compiling EXTI_Configuration.c...
compiling TIM_Configuration.c...
compiling ADC_Configuration.c...
compiling I2C_Configuration.c...
compiling DMA_IRQHandler.c...
compiling SysTick_Handler.c...
compiling USART1_IRQHandler.c...
..\User\IRQHandler\USART1_IRQHandler.c(11): warning:  #177-D: variable "FLen" was declared but never referenced
        static U8 FLen = 10;
..\User\IRQHandler\USART1_IRQHandler.c: 1 warning, 0 errors
compiling EXTI_IRQHandler.c...
compiling TIM8_IRQHandler.c...
compiling USART2_IRQHandler.c...
compiling I2C1_IMU.c...
compiling misc.c...
compiling stm32f10x_dma.c...
compiling stm32f10x_flash.c...
compiling stm32f10x_gpio.c...
compiling stm32f10x_rcc.c...
compiling stm32f10x_usart.c...
compiling stm32f10x_exti.c...
compiling stm32f10x_spi.c...
compiling stm32f10x_tim.c...
compiling stm32f10x_adc.c...
compiling stm32f10x_i2c.c...
compiling stm32f10x_bkp.c...
compiling stm32f10x_pwr.c...
assembling startup_stm32f10x_hd.s...
compiling core_cm3.c...
compiling system_stm32f10x.c...
linking...
Program Size: Code=23224 RO-data=636 RW-data=236 ZI-data=7996  
FromELF: creating hex file...
".\obj\RCT6ControlDIY.axf" - 0 Error(s), 3 Warning(s).
</pre>
</body>
</html>
